Archive member included to satisfy reference by file (symbol)

/usr/lib/gcc/arm-none-eabi/10.3.1/../../../arm-none-eabi/lib/thumb/v7-m/nofp/libc_nano.a(lib_a-atexit.o)
                              /usr/lib/gcc/arm-none-eabi/10.3.1/../../../arm-none-eabi/lib/thumb/v7-m/nofp/crt0.o (atexit)
/usr/lib/gcc/arm-none-eabi/10.3.1/../../../arm-none-eabi/lib/thumb/v7-m/nofp/libc_nano.a(lib_a-errno.o)
                              build/sysmem.o (__errno)
/usr/lib/gcc/arm-none-eabi/10.3.1/../../../arm-none-eabi/lib/thumb/v7-m/nofp/libc_nano.a(lib_a-exit.o)
                              /usr/lib/gcc/arm-none-eabi/10.3.1/../../../arm-none-eabi/lib/thumb/v7-m/nofp/crt0.o (exit)
/usr/lib/gcc/arm-none-eabi/10.3.1/../../../arm-none-eabi/lib/thumb/v7-m/nofp/libc_nano.a(lib_a-fini.o)
                              /usr/lib/gcc/arm-none-eabi/10.3.1/../../../arm-none-eabi/lib/thumb/v7-m/nofp/crt0.o (__libc_fini_array)
/usr/lib/gcc/arm-none-eabi/10.3.1/../../../arm-none-eabi/lib/thumb/v7-m/nofp/libc_nano.a(lib_a-impure.o)
                              /usr/lib/gcc/arm-none-eabi/10.3.1/../../../arm-none-eabi/lib/thumb/v7-m/nofp/libc_nano.a(lib_a-exit.o) (_global_impure_ptr)
/usr/lib/gcc/arm-none-eabi/10.3.1/../../../arm-none-eabi/lib/thumb/v7-m/nofp/libc_nano.a(lib_a-init.o)
                              /usr/lib/gcc/arm-none-eabi/10.3.1/../../../arm-none-eabi/lib/thumb/v7-m/nofp/crt0.o (__libc_init_array)
/usr/lib/gcc/arm-none-eabi/10.3.1/../../../arm-none-eabi/lib/thumb/v7-m/nofp/libc_nano.a(lib_a-memcmp.o)
                              build/bsp_stm32.o (memcmp)
/usr/lib/gcc/arm-none-eabi/10.3.1/../../../arm-none-eabi/lib/thumb/v7-m/nofp/libc_nano.a(lib_a-memcpy.o)
                              build/queue.o (memcpy)
/usr/lib/gcc/arm-none-eabi/10.3.1/../../../arm-none-eabi/lib/thumb/v7-m/nofp/libc_nano.a(lib_a-memset.o)
                              /usr/lib/gcc/arm-none-eabi/10.3.1/../../../arm-none-eabi/lib/thumb/v7-m/nofp/crt0.o (memset)
/usr/lib/gcc/arm-none-eabi/10.3.1/../../../arm-none-eabi/lib/thumb/v7-m/nofp/libc_nano.a(lib_a-snprintf.o)
                              build/app_menu.o (snprintf)
/usr/lib/gcc/arm-none-eabi/10.3.1/../../../arm-none-eabi/lib/thumb/v7-m/nofp/libc_nano.a(lib_a-__atexit.o)
                              /usr/lib/gcc/arm-none-eabi/10.3.1/../../../arm-none-eabi/lib/thumb/v7-m/nofp/libc_nano.a(lib_a-atexit.o) (__register_exitproc)
/usr/lib/gcc/arm-none-eabi/10.3.1/../../../arm-none-eabi/lib/thumb/v7-m/nofp/libc_nano.a(lib_a-__call_atexit.o)
                              /usr/lib/gcc/arm-none-eabi/10.3.1/../../../arm-none-eabi/lib/thumb/v7-m/nofp/libc_nano.a(lib_a-__atexit.o) (__call_exitprocs)
/usr/lib/gcc/arm-none-eabi/10.3.1/../../../arm-none-eabi/lib/thumb/v7-m/nofp/libc_nano.a(lib_a-nano-svfprintf.o)
                              /usr/lib/gcc/arm-none-eabi/10.3.1/../../../arm-none-eabi/lib/thumb/v7-m/nofp/libc_nano.a(lib_a-snprintf.o) (_svfprintf_r)
/usr/lib/gcc/arm-none-eabi/10.3.1/../../../arm-none-eabi/lib/thumb/v7-m/nofp/libc_nano.a(lib_a-nano-vfprintf_i.o)
                              /usr/lib/gcc/arm-none-eabi/10.3.1/../../../arm-none-eabi/lib/thumb/v7-m/nofp/libc_nano.a(lib_a-nano-svfprintf.o) (_printf_i)
/usr/lib/gcc/arm-none-eabi/10.3.1/../../../arm-none-eabi/lib/thumb/v7-m/nofp/libc_nano.a(lib_a-memchr-stub.o)
                              /usr/lib/gcc/arm-none-eabi/10.3.1/../../../arm-none-eabi/lib/thumb/v7-m/nofp/libc_nano.a(lib_a-nano-svfprintf.o) (memchr)
/usr/lib/gcc/arm-none-eabi/10.3.1/../../../arm-none-eabi/lib/thumb/v7-m/nofp/libc_nano.a(lib_a-memmove.o)
                              /usr/lib/gcc/arm-none-eabi/10.3.1/../../../arm-none-eabi/lib/thumb/v7-m/nofp/libc_nano.a(lib_a-nano-svfprintf.o) (memmove)
/usr/lib/gcc/arm-none-eabi/10.3.1/../../../arm-none-eabi/lib/thumb/v7-m/nofp/libc_nano.a(lib_a-nano-freer.o)
                              /usr/lib/gcc/arm-none-eabi/10.3.1/../../../arm-none-eabi/lib/thumb/v7-m/nofp/libc_nano.a(lib_a-nano-svfprintf.o) (_free_r)
/usr/lib/gcc/arm-none-eabi/10.3.1/../../../arm-none-eabi/lib/thumb/v7-m/nofp/libc_nano.a(lib_a-nano-mallocr.o)
                              /usr/lib/gcc/arm-none-eabi/10.3.1/../../../arm-none-eabi/lib/thumb/v7-m/nofp/libc_nano.a(lib_a-nano-svfprintf.o) (_malloc_r)
/usr/lib/gcc/arm-none-eabi/10.3.1/../../../arm-none-eabi/lib/thumb/v7-m/nofp/libc_nano.a(lib_a-nano-reallocr.o)
                              /usr/lib/gcc/arm-none-eabi/10.3.1/../../../arm-none-eabi/lib/thumb/v7-m/nofp/libc_nano.a(lib_a-nano-svfprintf.o) (_realloc_r)
/usr/lib/gcc/arm-none-eabi/10.3.1/../../../arm-none-eabi/lib/thumb/v7-m/nofp/libc_nano.a(lib_a-sbrkr.o)
                              /usr/lib/gcc/arm-none-eabi/10.3.1/../../../arm-none-eabi/lib/thumb/v7-m/nofp/libc_nano.a(lib_a-nano-mallocr.o) (_sbrk_r)
/usr/lib/gcc/arm-none-eabi/10.3.1/../../../arm-none-eabi/lib/thumb/v7-m/nofp/libc_nano.a(lib_a-mlock.o)
[...]
Memory Configuration

Name             Origin             Length             Attributes
RAM              0x0000000020000000 0x0000000000005000 xrw
FLASH            0x0000000008000000 0x0000000000010000 xr
*default*        0x0000000000000000 0xffffffffffffffff

Linker script and memory map

LOAD /usr/lib/gcc/arm-none-eabi/10.3.1/thumb/v7-m/nofp/crti.o
LOAD /usr/lib/gcc/arm-none-eabi/10.3.1/thumb/v7-m/nofp/crtbegin.o
LOAD /usr/lib/gcc/arm-none-eabi/10.3.1/../../../arm-none-eabi/lib/thumb/v7-m/nofp/crt0.o
LOAD build/main.o
LOAD build/gpio.o
LOAD build/freertos.o
LOAD build/dma.o
LOAD build/spi.o
LOAD build/usart.o
LOAD build/stm32f1xx_it.o
LOAD build/stm32f1xx_hal_msp.o
LOAD build/stm32f1xx_hal_timebase_tim.o
LOAD build/stm32f1xx_hal_gpio_ex.o
LOAD build/stm32f1xx_hal_tim.o
LOAD build/stm32f1xx_hal_tim_ex.o
LOAD build/stm32f1xx_hal.o
LOAD build/stm32f1xx_hal_rcc.o
LOAD build/stm32f1xx_hal_rcc_ex.o
LOAD build/stm32f1xx_hal_gpio.o
LOAD build/stm32f1xx_hal_dma.o
LOAD build/stm32f1xx_hal_cortex.o
LOAD build/stm32f1xx_hal_pwr.o
LOAD build/stm32f1xx_hal_flash.o
LOAD build/stm32f1xx_hal_flash_ex.o
LOAD build/stm32f1xx_hal_exti.o
LOAD build/stm32f1xx_hal_spi.o
LOAD build/stm32f1xx_hal_uart.o
LOAD build/system_stm32f1xx.o
LOAD build/croutine.o
LOAD build/event_groups.o
LOAD build/list.o
LOAD build/queue.o
LOAD build/stream_buffer.o
LOAD build/tasks.o
LOAD build/timers.o
LOAD build/cmsis_os2.o
LOAD build/heap_4.o
LOAD build/port.o
LOAD build/sysmem.o
LOAD build/syscalls.o
LOAD build/i2c.o
LOAD build/stm32f1xx_hal_i2c.o
LOAD build/bsp_stm32.o
LOAD build/app_param_dict.o
LOAD build/app_menu.o
LOAD build/app_uart_proto.o
LOAD build/app_uart_rx.o
LOAD build/app_uart_handlers.o
LOAD build/startup_stm32f103xb.o
LOAD /usr/lib/gcc/arm-none-eabi/10.3.1/../../../arm-none-eabi/lib/thumb/v7-m/nofp/libc_nano.a
LOAD /usr/lib/gcc/arm-none-eabi/10.3.1/../../../arm-none-eabi/lib/thumb/v7-m/nofp/libm.a
LOAD /usr/lib/gcc/arm-none-eabi/10.3.1/../../../arm-none-eabi/lib/thumb/v7-m/nofp/libnosys.a
START GROUP
LOAD /usr/lib/gcc/arm-none-eabi/10.3.1/thumb/v7-m/nofp/libgcc.a
LOAD /usr/lib/gcc/arm-none-eabi/10.3.1/../../../arm-none-eabi/lib/thumb/v7-m/nofp/libc_nano.a
END GROUP
START GROUP
LOAD /usr/lib/gcc/arm-none-eabi/10.3.1/thumb/v7-m/nofp/libgcc.a
LOAD /usr/lib/gcc/arm-none-eabi/10.3.1/../../../arm-none-eabi/lib/thumb/v7-m/nofp/libc_nano.a
END GROUP
LOAD /usr/lib/gcc/arm-none-eabi/10.3.1/thumb/v7-m/nofp/crtend.o
LOAD /usr/lib/gcc/arm-none-eabi/10.3.1/thumb/v7-m/nofp/crtn.o
                0x0000000020005000                _estack = (ORIGIN (RAM) + LENGTH (RAM))
                0x0000000000000200                _Min_Heap_Size = 0x200
                0x0000000000000400                _Min_Stack_Size = 0x400

.isr_vector     0x0000000008000000      0x10c
                0x0000000008000000                . = ALIGN (0x4)
 *(.isr_vector)
 .isr_vector    0x0000000008000000      0x10c build/startup_stm32f103xb.o
                0x0000000008000000                g_pfnVectors
                0x000000000800010c                . = ALIGN (0x4)

.text           0x0000000008000110     0x6774
                0x0000000008000110                . = ALIGN (0x4)
 *(.text)
 .text          0x0000000008000110       0x88 /usr/lib/gcc/arm-none-eabi/10.3.1/thumb/v7-m/nofp/crtbegin.o
 .text          0x0000000008000198        0xc /usr/lib/gcc/arm-none-eabi/10.3.1/../../../arm-none-eabi/lib/thumb/v7-m/nofp/libc_nano.a(lib_a-errno.o)
                0x0000000008000198                __errno
 .text          0x00000000080001a4       0x48 /usr/lib/gcc/arm-none-eabi/10.3.1/../../../arm-none-eabi/lib/thumb/v7-m/nofp/libc_nano.a(lib_a-init.o)
                0x00000000080001a4                __libc_init_array
 .text          0x00000000080001ec       0x68 /usr/lib/gcc/arm-none-eabi/10.3.1/../../../arm-none-eabi/lib/thumb/v7-m/nofp/libc_nano.a(lib_a-memcmp.o)
                0x00000000080001ec                memcmp
 .text          0x0000000008000254       0xec /usr/lib/gcc/arm-none-eabi/10.3.1/../../../arm-none-eabi/lib/thumb/v7-m/nofp/libc_nano.a(lib_a-memcpy.o)
                0x0000000008000254                memcpy
 .text          0x0000000008000340       0xa4 /usr/lib/gcc/arm-none-eabi/10.3.1/../../../arm-none-eabi/lib/thumb/v7-m/nofp/libc_nano.a(lib_a-memset.o)
                0x0000000008000340                memset
 .text          0x00000000080003e4      0x100 /usr/lib/gcc/arm-none-eabi/10.3.1/../../../arm-none-eabi/lib/thumb/v7-m/nofp/libc_nano.a(lib_a-snprintf.o)
                0x00000000080003e4                _sniprintf_r
                0x00000000080003e4                _snprintf_r
                0x0000000008000460                snprintf
                0x0000000008000460                sniprintf
 .text          0x00000000080004e4      0x3f4 /usr/lib/gcc/arm-none-eabi/10.3.1/../../../arm-none-eabi/lib/thumb/v7-m/nofp/libc_nano.a(lib_a-nano-svfprintf.o)
                0x00000000080004e4                __ssputs_r
                0x00000000080005a8                __ssprint_r
                0x00000000080006a4                _svfprintf_r
                0x00000000080006a4                _svfiprintf_r
 .text          0x00000000080008d8      0x3d8 /usr/lib/gcc/arm-none-eabi/10.3.1/../../../arm-none-eabi/lib/thumb/v7-m/nofp/libc_nano.a(lib_a-nano-vfprintf_i.o)
                0x00000000080008d8                _printf_common
                0x0000000008000a04                _printf_i
 .text          0x0000000008000cb0       0x90 /usr/lib/gcc/arm-none-eabi/10.3.1/../../../arm-none-eabi/lib/thumb/v7-m/nofp/libc_nano.a(lib_a-memchr-stub.o)
                0x0000000008000cb0                memchr
 .text          0x0000000008000d40       0xf8 /usr/lib/gcc/arm-none-eabi/10.3.1/../../../arm-none-eabi/lib/thumb/v7-m/nofp/libc_nano.a(lib_a-memmove.o)
                0x0000000008000d40                memmove
 .text          0x0000000008000e38       0xcc /usr/lib/gcc/arm-none-eabi/10.3.1/../../../arm-none-eabi/lib/thumb/v7-m/nofp/libc_nano.a(lib_a-nano-freer.o)
                0x0000000008000e38                _free_r
 .text          0x0000000008000f04       0xb8 /usr/lib/gcc/arm-none-eabi/10.3.1/../../../arm-none-eabi/lib/thumb/v7-m/nofp/libc_nano.a(lib_a-nano-mallocr.o)
                0x0000000008000f04                _malloc_r
 .text          0x0000000008000fbc       0x50 /usr/lib/gcc/arm-none-eabi/10.3.1/../../../arm-none-eabi/lib/thumb/v7-m/nofp/libc_nano.a(lib_a-nano-reallocr.o)
                0x0000000008000fbc                _realloc_r
 .text          0x000000000800100c       0x24 /usr/lib/gcc/arm-none-eabi/10.3.1/../../../arm-none-eabi/lib/thumb/v7-m/nofp/libc_nano.a(lib_a-sbrkr.o)
                0x000000000800100c                _sbrk_r
 .text          0x0000000008001030        0x8 /usr/lib/gcc/arm-none-eabi/10.3.1/../../../arm-none-eabi/lib/thumb/v7-m/nofp/libc_nano.a(lib_a-mlock.o)
                0x0000000008001030                __malloc_lock
                0x0000000008001034                __malloc_unlock
 .text          0x0000000008001038       0x14 /usr/lib/gcc/arm-none-eabi/10.3.1/../../../arm-none-eabi/lib/thumb/v7-m/nofp/libc_nano.a(lib_a-nano-msizer.o)
                0x0000000008001038                _malloc_usable_size_r
 *(.text*)
 .text.HAL_TIM_PeriodElapsedCallback
                0x000000000800104c       0x18 build/main.o
                0x000000000800104c                HAL_TIM_PeriodElapsedCallback
 .text.Error_Handler
                0x0000000008001064        0x4 build/main.o
                0x0000000008001064                Error_Handler
 .text.SystemClock_Config
                0x0000000008001068       0x64 build/main.o
                0x0000000008001068                SystemClock_Config
 .text.main     0x00000000080010cc       0x2c build/main.o
                0x00000000080010cc                main
 .text.MX_GPIO_Init
                0x00000000080010f8       0xcc build/gpio.o
                0x00000000080010f8                MX_GPIO_Init
 .text.HMI_ReadKey
                0x00000000080011c4       0x34 build/freertos.o
 .text.StartDefaultTask
                0x00000000080011f8       0x6c build/freertos.o
                0x00000000080011f8                StartDefaultTask
 .text.UART_SendParamWrite
                0x0000000008001264       0x80 build/freertos.o
 .text.StartTask02
                0x00000000080012e4       0x24 build/freertos.o
                0x00000000080012e4                StartTask02
 .text.StartTask03
                0x0000000008001308        0xe build/freertos.o
                0x0000000008001308                StartTask03
 *fill*         0x0000000008001316        0x2 
 .text.MX_FREERTOS_Init
                0x0000000008001318       0x7c build/freertos.o
                0x0000000008001318                MX_FREERTOS_Init
 .text.MX_DMA_Init
                0x0000000008001394       0x34 build/dma.o
                0x0000000008001394                MX_DMA_Init
 .text.MX_SPI1_Init
                0x00000000080013c8       0x44 build/spi.o
                0x00000000080013c8                MX_SPI1_Init
 .text.HAL_SPI_MspInit
                0x000000000800140c       0x64 build/spi.o
                0x000000000800140c                HAL_SPI_MspInit
 .text.APP_USART1_RxCheckIdle
                0x0000000008001470       0x50 build/usart.o
                0x0000000008001470                APP_USART1_RxCheckIdle
 .text.MX_USART1_UART_Init
                0x00000000080014c0       0x68 build/usart.o
                0x00000000080014c0                MX_USART1_UART_Init
 .text.HAL_UART_MspInit
                0x0000000008001528       0xbc build/usart.o
                0x0000000008001528                HAL_UART_MspInit
 .text.NMI_Handler
                0x00000000080015e4        0x2 build/stm32f1xx_it.o
                0x00000000080015e4                NMI_Handler
 .text.HardFault_Handler
                0x00000000080015e6        0x2 build/stm32f1xx_it.o
                0x00000000080015e6                HardFault_Handler
 .text.MemManage_Handler
                0x00000000080015e8        0x2 build/stm32f1xx_it.o
                0x00000000080015e8                MemManage_Handler
 .text.BusFault_Handler
                0x00000000080015ea        0x2 build/stm32f1xx_it.o
                0x00000000080015ea                BusFault_Handler
 .text.UsageFault_Handler
                0x00000000080015ec        0x2 build/stm32f1xx_it.o
                0x00000000080015ec                UsageFault_Handler
 .text.DebugMon_Handler
                0x00000000080015ee        0x2 build/stm32f1xx_it.o
                0x00000000080015ee                DebugMon_Handler
 .text.DMA1_Channel5_IRQHandler
                0x00000000080015f0       0x14 build/stm32f1xx_it.o
                0x00000000080015f0                DMA1_Channel5_IRQHandler
 .text.TIM4_IRQHandler
                0x0000000008001604       0x10 build/stm32f1xx_it.o
                0x0000000008001604                TIM4_IRQHandler
 .text.USART1_IRQHandler
                0x0000000008001614       0x3c build/stm32f1xx_it.o
                0x0000000008001614                USART1_IRQHandler
 .text.HAL_MspInit
                0x0000000008001650       0x54 build/stm32f1xx_hal_msp.o
                0x0000000008001650                HAL_MspInit
 .text.HAL_InitTick
                0x00000000080016a4       0xa0 build/stm32f1xx_hal_timebase_tim.o
                0x00000000080016a4                HAL_InitTick
 .text.HAL_TIM_Base_MspInit
                0x0000000008001744        0x2 build/stm32f1xx_hal_tim.o
                0x0000000008001744                HAL_TIM_Base_MspInit
 *fill*         0x0000000008001746        0x2 
 .text.HAL_TIM_Base_Start_IT
                0x0000000008001748       0x68 build/stm32f1xx_hal_tim.o
                0x0000000008001748                HAL_TIM_Base_Start_IT
 .text.HAL_TIM_OC_DelayElapsedCallback
                0x00000000080017b0        0x2 build/stm32f1xx_hal_tim.o
                0x00000000080017b0                HAL_TIM_OC_DelayElapsedCallback
 .text.HAL_TIM_IC_CaptureCallback
                0x00000000080017b2        0x2 build/stm32f1xx_hal_tim.o
                0x00000000080017b2                HAL_TIM_IC_CaptureCallback
 .text.HAL_TIM_PWM_PulseFinishedCallback
                0x00000000080017b4        0x2 build/stm32f1xx_hal_tim.o
                0x00000000080017b4                HAL_TIM_PWM_PulseFinishedCallback
 .text.HAL_TIM_TriggerCallback
                0x00000000080017b6        0x2 build/stm32f1xx_hal_tim.o
                0x00000000080017b6                HAL_TIM_TriggerCallback
 .text.HAL_TIM_IRQHandler
                0x00000000080017b8      0x15e build/stm32f1xx_hal_tim.o
                0x00000000080017b8                HAL_TIM_IRQHandler
 *fill*         0x0000000008001916        0x2 
 .text.TIM_Base_SetConfig
                0x0000000008001918       0x84 build/stm32f1xx_hal_tim.o
                0x0000000008001918                TIM_Base_SetConfig
 .text.HAL_TIM_Base_Init
                0x000000000800199c       0x58 build/stm32f1xx_hal_tim.o
                0x000000000800199c                HAL_TIM_Base_Init
 .text.HAL_TIMEx_CommutCallback
                0x00000000080019f4        0x2 build/stm32f1xx_hal_tim_ex.o
                0x00000000080019f4                HAL_TIMEx_CommutCallback
 .text.HAL_TIMEx_BreakCallback
                0x00000000080019f6        0x2 build/stm32f1xx_hal_tim_ex.o
                0x00000000080019f6                HAL_TIMEx_BreakCallback
 .text.HAL_Init
                0x00000000080019f8       0x24 build/stm32f1xx_hal.o
                0x00000000080019f8                HAL_Init
 .text.HAL_IncTick
                0x0000000008001a1c       0x18 build/stm32f1xx_hal.o
                0x0000000008001a1c                HAL_IncTick
 .text.HAL_GetTick
                0x0000000008001a34        0xc build/stm32f1xx_hal.o
                0x0000000008001a34                HAL_GetTick
 .text.RCC_Delay
                0x0000000008001a40       0x2c build/stm32f1xx_hal_rcc.o
 .text.HAL_RCC_OscConfig
                0x0000000008001a6c      0x410 build/stm32f1xx_hal_rcc.o
                0x0000000008001a6c                HAL_RCC_OscConfig
 .text.HAL_RCC_GetSysClockFreq
                0x0000000008001e7c       0x54 build/stm32f1xx_hal_rcc.o
                0x0000000008001e7c                HAL_RCC_GetSysClockFreq
 .text.HAL_RCC_ClockConfig
                0x0000000008001ed0      0x16c build/stm32f1xx_hal_rcc.o
                0x0000000008001ed0                HAL_RCC_ClockConfig
 .text.HAL_RCC_GetHCLKFreq
                0x000000000800203c        0xc build/stm32f1xx_hal_rcc.o
                0x000000000800203c                HAL_RCC_GetHCLKFreq
 .text.HAL_RCC_GetPCLK1Freq
                0x0000000008002048       0x20 build/stm32f1xx_hal_rcc.o
                0x0000000008002048                HAL_RCC_GetPCLK1Freq
 .text.HAL_RCC_GetPCLK2Freq
                0x0000000008002068       0x20 build/stm32f1xx_hal_rcc.o
                0x0000000008002068                HAL_RCC_GetPCLK2Freq
 .text.HAL_RCC_GetClockConfig
                0x0000000008002088       0x3c build/stm32f1xx_hal_rcc.o
                0x0000000008002088                HAL_RCC_GetClockConfig
 .text.HAL_GPIO_Init
                0x00000000080020c4      0x224 build/stm32f1xx_hal_gpio.o
                0x00000000080020c4                HAL_GPIO_Init
 .text.HAL_GPIO_ReadPin
                0x00000000080022e8        0xe build/stm32f1xx_hal_gpio.o
                0x00000000080022e8                HAL_GPIO_ReadPin
 .text.HAL_GPIO_WritePin
                0x00000000080022f6        0xc build/stm32f1xx_hal_gpio.o
                0x00000000080022f6                HAL_GPIO_WritePin
 .text.DMA_SetConfig
                0x0000000008002302       0x2c build/stm32f1xx_hal_dma.o
 *fill*         0x000000000800232e        0x2 
 .text.HAL_DMA_Init
                0x0000000008002330       0x6c build/stm32f1xx_hal_dma.o
                0x0000000008002330                HAL_DMA_Init
 .text.HAL_DMA_Start_IT
                0x000000000800239c       0x76 build/stm32f1xx_hal_dma.o
                0x000000000800239c                HAL_DMA_Start_IT
 .text.HAL_DMA_Abort
                0x0000000008002412       0x46 build/stm32f1xx_hal_dma.o
                0x0000000008002412                HAL_DMA_Abort
 .text.HAL_DMA_Abort_IT
                0x0000000008002458       0x98 build/stm32f1xx_hal_dma.o
                0x0000000008002458                HAL_DMA_Abort_IT
 .text.HAL_DMA_IRQHandler
                0x00000000080024f0      0x144 build/stm32f1xx_hal_dma.o
                0x00000000080024f0                HAL_DMA_IRQHandler
 .text.HAL_NVIC_SetPriorityGrouping
                0x0000000008002634       0x24 build/stm32f1xx_hal_cortex.o
                0x0000000008002634                HAL_NVIC_SetPriorityGrouping
 .text.HAL_NVIC_SetPriority
                0x0000000008002658       0x70 build/stm32f1xx_hal_cortex.o
                0x0000000008002658                HAL_NVIC_SetPriority
 .text.HAL_NVIC_EnableIRQ
                0x00000000080026c8       0x1c build/stm32f1xx_hal_cortex.o
                0x00000000080026c8                HAL_NVIC_EnableIRQ
 .text.HAL_SPI_Init
                0x00000000080026e4       0xb6 build/stm32f1xx_hal_spi.o
                0x00000000080026e4                HAL_SPI_Init
 .text.UART_EndTxTransfer
                0x000000000800279a       0x20 build/stm32f1xx_hal_uart.o
 .text.UART_EndRxTransfer
                0x00000000080027ba       0x5c build/stm32f1xx_hal_uart.o
 .text.UART_Transmit_IT
                0x0000000008002816       0x60 build/stm32f1xx_hal_uart.o
 *fill*         0x0000000008002876        0x2 
 .text.UART_SetConfig
                0x0000000008002878       0x94 build/stm32f1xx_hal_uart.o
 .text.UART_WaitOnFlagUntilTimeout
                0x000000000800290c       0x8a build/stm32f1xx_hal_uart.o
 .text.HAL_UART_Init
                0x0000000008002996       0x60 build/stm32f1xx_hal_uart.o
                0x0000000008002996                HAL_UART_Init
 .text.HAL_UART_Transmit
                0x00000000080029f6       0xcc build/stm32f1xx_hal_uart.o
                0x00000000080029f6                HAL_UART_Transmit
 .text.HAL_UART_TxCpltCallback
                0x0000000008002ac2        0x2 build/stm32f1xx_hal_uart.o
                0x0000000008002ac2                HAL_UART_TxCpltCallback
 .text.UART_EndTransmit_IT
                0x0000000008002ac4       0x1a build/stm32f1xx_hal_uart.o
 .text.HAL_UART_RxCpltCallback
                0x0000000008002ade        0x2 build/stm32f1xx_hal_uart.o
                0x0000000008002ade                HAL_UART_RxCpltCallback
 .text.HAL_UART_RxHalfCpltCallback
                0x0000000008002ae0        0x2 build/stm32f1xx_hal_uart.o
                0x0000000008002ae0                HAL_UART_RxHalfCpltCallback
 .text.HAL_UART_ErrorCallback
                0x0000000008002ae2        0x2 build/stm32f1xx_hal_uart.o
                0x0000000008002ae2                HAL_UART_ErrorCallback
 .text.UART_DMAError
                0x0000000008002ae4       0x58 build/stm32f1xx_hal_uart.o
 .text.UART_DMAAbortOnError
                0x0000000008002b3c       0x10 build/stm32f1xx_hal_uart.o
 .text.HAL_UARTEx_RxEventCallback
                0x0000000008002b4c        0x2 build/stm32f1xx_hal_uart.o
                0x0000000008002b4c                HAL_UARTEx_RxEventCallback
 .text.UART_Receive_IT
                0x0000000008002b4e       0xe6 build/stm32f1xx_hal_uart.o
 .text.HAL_UART_IRQHandler
                0x0000000008002c34      0x288 build/stm32f1xx_hal_uart.o
                0x0000000008002c34                HAL_UART_IRQHandler
 .text.UART_DMARxHalfCplt
                0x0000000008002ebc       0x1e build/stm32f1xx_hal_uart.o
 .text.UART_DMAReceiveCplt
                0x0000000008002eda       0x9a build/stm32f1xx_hal_uart.o
 .text.UART_Start_Receive_DMA
                0x0000000008002f74       0xa4 build/stm32f1xx_hal_uart.o
                0x0000000008002f74                UART_Start_Receive_DMA
 .text.HAL_UART_Receive_DMA
                0x0000000008003018       0x26 build/stm32f1xx_hal_uart.o
                0x0000000008003018                HAL_UART_Receive_DMA
 .text.SystemInit
                0x000000000800303e        0x2 build/system_stm32f1xx.o
                0x000000000800303e                SystemInit
 .text.vListInitialise
                0x0000000008003040       0x16 build/list.o
                0x0000000008003040                vListInitialise
 .text.vListInitialiseItem
                0x0000000008003056        0x6 build/list.o
                0x0000000008003056                vListInitialiseItem
 .text.vListInsertEnd
                0x000000000800305c       0x16 build/list.o
                0x000000000800305c                vListInsertEnd
 .text.vListInsert
                0x0000000008003072       0x32 build/list.o
                0x0000000008003072                vListInsert
 .text.uxListRemove
                0x00000000080030a4       0x26 build/list.o
                0x00000000080030a4                uxListRemove
 .text.prvGetDisinheritPriorityAfterTimeout
                0x00000000080030ca       0x10 build/queue.o
 .text.prvIsQueueFull
                0x00000000080030da       0x1e build/queue.o
 .text.prvIsQueueEmpty
                0x00000000080030f8       0x1a build/queue.o
 .text.prvCopyDataToQueue
                0x0000000008003112       0x76 build/queue.o
 .text.prvCopyDataFromQueue
                0x0000000008003188       0x24 build/queue.o
 .text.prvUnlockQueue
                0x00000000080031ac       0x6e build/queue.o
 .text.xQueueGenericReset
                0x000000000800321a       0x84 build/queue.o
                0x000000000800321a                xQueueGenericReset
 .text.prvInitialiseNewQueue
                0x000000000800329e       0x22 build/queue.o
 .text.xQueueGenericCreateStatic
                0x00000000080032c0       0x94 build/queue.o
                0x00000000080032c0                xQueueGenericCreateStatic
 .text.xQueueGenericCreate
                0x0000000008003354       0x48 build/queue.o
                0x0000000008003354                xQueueGenericCreate
 .text.xQueueGenericSend
                0x000000000800339c      0x188 build/queue.o
                0x000000000800339c                xQueueGenericSend
 .text.prvInitialiseMutex
                0x0000000008003524       0x18 build/queue.o
 .text.xQueueCreateMutex
                0x000000000800353c       0x16 build/queue.o
                0x000000000800353c                xQueueCreateMutex
 .text.xQueueCreateMutexStatic
                0x0000000008003552       0x1e build/queue.o
                0x0000000008003552                xQueueCreateMutexStatic
 .text.xQueueGiveMutexRecursive
                0x0000000008003570       0x40 build/queue.o
                0x0000000008003570                xQueueGiveMutexRecursive
 .text.xQueueGenericSendFromISR
                0x00000000080035b0       0xce build/queue.o
                0x00000000080035b0                xQueueGenericSendFromISR
 .text.xQueueReceive
                0x000000000800367e      0x15e build/queue.o
                0x000000000800367e                xQueueReceive
 .text.xQueueSemaphoreTake
                0x00000000080037dc      0x1a6 build/queue.o
                0x00000000080037dc                xQueueSemaphoreTake
 .text.xQueueTakeMutexRecursive
                0x0000000008003982       0x40 build/queue.o
                0x0000000008003982                xQueueTakeMutexRecursive
 .text.xQueueReceiveFromISR
                0x00000000080039c2       0xa8 build/queue.o
                0x00000000080039c2                xQueueReceiveFromISR
 *fill*         0x0000000008003a6a        0x2 
 .text.vQueueAddToRegistry
                0x0000000008003a6c       0x28 build/queue.o
                0x0000000008003a6c                vQueueAddToRegistry
 .text.vQueueWaitForMessageRestricted
                0x0000000008003a94       0x52 build/queue.o
                0x0000000008003a94                vQueueWaitForMessageRestricted
 *fill*         0x0000000008003ae6        0x2 
 .text.prvResetNextTaskUnblockTime
                0x0000000008003ae8       0x2c build/tasks.o
 .text.prvInitialiseNewTask
                0x0000000008003b14       0xa6 build/tasks.o
 *fill*         0x0000000008003bba        0x2 
 .text.prvInitialiseTaskLists
                0x0000000008003bbc       0x68 build/tasks.o
 .text.prvAddNewTaskToReadyList
                0x0000000008003c24       0xac build/tasks.o
 .text.prvDeleteTCB
                0x0000000008003cd0       0x38 build/tasks.o
 .text.prvCheckTasksWaitingTermination
                0x0000000008003d08       0x4c build/tasks.o
 .text.prvIdleTask
                0x0000000008003d54       0x28 build/tasks.o
 .text.prvAddCurrentTaskToDelayedList
                0x0000000008003d7c       0x7c build/tasks.o
 .text.xTaskCreateStatic
                0x0000000008003df8       0x76 build/tasks.o
                0x0000000008003df8                xTaskCreateStatic
 .text.xTaskCreate
                0x0000000008003e6e       0x68 build/tasks.o
                0x0000000008003e6e                xTaskCreate
 *fill*         0x0000000008003ed6        0x2 
 .text.vTaskStartScheduler
                0x0000000008003ed8       0x9c build/tasks.o
                0x0000000008003ed8                vTaskStartScheduler
 .text.vTaskSuspendAll
                0x0000000008003f74       0x10 build/tasks.o
                0x0000000008003f74                vTaskSuspendAll
 .text.xTaskGetTickCount
                0x0000000008003f84        0xc build/tasks.o
                0x0000000008003f84                xTaskGetTickCount
 .text.xTaskIncrementTick
                0x0000000008003f90      0x118 build/tasks.o
                0x0000000008003f90                xTaskIncrementTick
 .text.xTaskResumeAll
                0x00000000080040a8       0xf8 build/tasks.o
                0x00000000080040a8                xTaskResumeAll
 .text.vTaskDelay
                0x00000000080041a0       0x4c build/tasks.o
                0x00000000080041a0                vTaskDelay
 .text.vTaskSwitchContext
                0x00000000080041ec       0x94 build/tasks.o
                0x00000000080041ec                vTaskSwitchContext
 .text.vTaskPlaceOnEventList
                0x0000000008004280       0x30 build/tasks.o
                0x0000000008004280                vTaskPlaceOnEventList
 .text.vTaskPlaceOnEventListRestricted
                0x00000000080042b0       0x38 build/tasks.o
                0x00000000080042b0                vTaskPlaceOnEventListRestricted
 .text.xTaskRemoveFromEventList
                0x00000000080042e8       0x8c build/tasks.o
                0x00000000080042e8                xTaskRemoveFromEventList
 .text.vTaskInternalSetTimeOutState
                0x0000000008004374       0x18 build/tasks.o
                0x0000000008004374                vTaskInternalSetTimeOutState
 .text.xTaskCheckForTimeOut
                0x000000000800438c       0x84 build/tasks.o
                0x000000000800438c                xTaskCheckForTimeOut
 .text.vTaskMissedYield
                0x0000000008004410        0xc build/tasks.o
                0x0000000008004410                vTaskMissedYield
 .text.xTaskGetCurrentTaskHandle
                0x000000000800441c        0xc build/tasks.o
                0x000000000800441c                xTaskGetCurrentTaskHandle
 .text.xTaskGetSchedulerState
                0x0000000008004428       0x20 build/tasks.o
                0x0000000008004428                xTaskGetSchedulerState
 .text.xTaskPriorityInherit
                0x0000000008004448       0x98 build/tasks.o
                0x0000000008004448                xTaskPriorityInherit
 .text.xTaskPriorityDisinherit
                0x00000000080044e0       0x90 build/tasks.o
                0x00000000080044e0                xTaskPriorityDisinherit
 .text.vTaskPriorityDisinheritAfterTimeout
                0x0000000008004570       0xa0 build/tasks.o
                0x0000000008004570                vTaskPriorityDisinheritAfterTimeout
 .text.pvTaskIncrementMutexHeldCount
                0x0000000008004610       0x1c build/tasks.o
                0x0000000008004610                pvTaskIncrementMutexHeldCount
 .text.prvGetNextExpireTime
                0x000000000800462c       0x20 build/timers.o
 .text.prvInsertTimerInActiveList
                0x000000000800464c       0x48 build/timers.o
 .text.prvCheckForValidListAndQueue
                0x0000000008004694       0x70 build/timers.o
 .text.xTimerCreateTimerTask
                0x0000000008004704       0x64 build/timers.o
                0x0000000008004704                xTimerCreateTimerTask
 .text.xTimerGenericCommand
                0x0000000008004768       0x6c build/timers.o
                0x0000000008004768                xTimerGenericCommand
 .text.prvSwitchTimerLists
                0x00000000080047d4       0x7c build/timers.o
 .text.prvSampleTimeNow
                0x0000000008004850       0x2c build/timers.o
 .text.prvProcessExpiredTimer
                0x000000000800487c       0x6c build/timers.o
 .text.prvProcessTimerOrBlockTask
                0x00000000080048e8       0x74 build/timers.o
 .text.prvProcessReceivedCommands
                0x000000000800495c      0x10c build/timers.o
 .text.prvTimerTask
                0x0000000008004a68       0x16 build/timers.o
 .text.SysTick_Handler
                0x0000000008004a7e       0x18 build/cmsis_os2.o
                0x0000000008004a7e                SysTick_Handler
 *fill*         0x0000000008004a96        0x2 
 .text.osKernelInitialize
                0x0000000008004a98       0x24 build/cmsis_os2.o
                0x0000000008004a98                osKernelInitialize
 .text.osKernelStart
                0x0000000008004abc       0x38 build/cmsis_os2.o
                0x0000000008004abc                osKernelStart
 .text.osThreadNew
                0x0000000008004af4       0xbc build/cmsis_os2.o
                0x0000000008004af4                osThreadNew
 .text.osDelay  0x0000000008004bb0       0x1c build/cmsis_os2.o
                0x0000000008004bb0                osDelay
 .text.osMutexNew
                0x0000000008004bcc       0x94 build/cmsis_os2.o
                0x0000000008004bcc                osMutexNew
 .text.osMutexAcquire
                0x0000000008004c60       0x58 build/cmsis_os2.o
                0x0000000008004c60                osMutexAcquire
 .text.osMutexRelease
                0x0000000008004cb8       0x4c build/cmsis_os2.o
                0x0000000008004cb8                osMutexRelease
 .text.osMessageQueueNew
                0x0000000008004d04       0x98 build/cmsis_os2.o
                0x0000000008004d04                osMessageQueueNew
 .text.osMessageQueuePut
                0x0000000008004d9c       0x84 build/cmsis_os2.o
                0x0000000008004d9c                osMessageQueuePut
 .text.osMessageQueueGet
                0x0000000008004e20       0x82 build/cmsis_os2.o
                0x0000000008004e20                osMessageQueueGet
 *fill*         0x0000000008004ea2        0x2 
 .text.vApplicationGetIdleTaskMemory
                0x0000000008004ea4       0x18 build/cmsis_os2.o
                0x0000000008004ea4                vApplicationGetIdleTaskMemory
 .text.vApplicationGetTimerTaskMemory
                0x0000000008004ebc       0x18 build/cmsis_os2.o
                0x0000000008004ebc                vApplicationGetTimerTaskMemory
 .text.prvHeapInit
                0x0000000008004ed4       0x64 build/heap_4.o
 .text.prvInsertBlockIntoFreeList
                0x0000000008004f38       0x60 build/heap_4.o
 .text.pvPortMalloc
                0x0000000008004f98       0xfc build/heap_4.o
                0x0000000008004f98                pvPortMalloc
 .text.vPortFree
                0x0000000008005094       0x7c build/heap_4.o
                0x0000000008005094                vPortFree
 .text.prvTaskExitError
                0x0000000008005110       0x40 build/port.o
 .text.prvPortStartFirstTask
                0x0000000008005150       0x20 build/port.o
 .text.pxPortInitialiseStack
                0x0000000008005170       0x24 build/port.o
                0x0000000008005170                pxPortInitialiseStack
 *fill*         0x0000000008005194        0xc 
 .text.SVC_Handler
                0x00000000080051a0       0x24 build/port.o
                0x00000000080051a0                SVC_Handler
 .text.vPortEnterCritical
                0x00000000080051c4       0x44 build/port.o
                0x00000000080051c4                vPortEnterCritical
 .text.vPortExitCritical
                0x0000000008005208       0x2c build/port.o
                0x0000000008005208                vPortExitCritical
 *fill*         0x0000000008005234        0xc 
 .text.PendSV_Handler
                0x0000000008005240       0x44 build/port.o
                0x0000000008005240                PendSV_Handler
 .text.xPortSysTickHandler
                0x0000000008005284       0x2c build/port.o
                0x0000000008005284                xPortSysTickHandler
 .text.vPortSetupTimerInterrupt
                0x00000000080052b0       0x28 build/port.o
                0x00000000080052b0                vPortSetupTimerInterrupt
 .text.xPortStartScheduler
                0x00000000080052d8       0xc0 build/port.o
                0x00000000080052d8                xPortStartScheduler
 .text.vPortValidateInterruptPriority
                0x0000000008005398       0x5c build/port.o
                0x0000000008005398                vPortValidateInterruptPriority
 .text._sbrk    0x00000000080053f4       0x48 build/sysmem.o
                0x00000000080053f4                _sbrk
 .text.MX_I2C2_Init
                0x000000000800543c       0x3c build/i2c.o
                0x000000000800543c                MX_I2C2_Init
 .text.HAL_I2C_MspInit
                0x0000000008005478       0x64 build/i2c.o
                0x0000000008005478                HAL_I2C_MspInit
 .text.I2C_IsAcknowledgeFailed
                0x00000000080054dc       0x32 build/stm32f1xx_hal_i2c.o
 .text.I2C_WaitOnFlagUntilTimeout
                0x000000000800550e       0xaa build/stm32f1xx_hal_i2c.o
 .text.I2C_WaitOnMasterAddressFlagUntilTimeout
                0x00000000080055b8       0xd6 build/stm32f1xx_hal_i2c.o
 *fill*         0x000000000800568e        0x2 
 .text.I2C_MasterRequestWrite
                0x0000000008005690       0xb4 build/stm32f1xx_hal_i2c.o
 .text.I2C_WaitOnTXEFlagUntilTimeout
                0x0000000008005744       0x5e build/stm32f1xx_hal_i2c.o
 .text.I2C_WaitOnBTFFlagUntilTimeout
                0x00000000080057a2       0x5e build/stm32f1xx_hal_i2c.o
 .text.HAL_I2C_Init
                0x0000000008005800      0x1bc build/stm32f1xx_hal_i2c.o
                0x0000000008005800                HAL_I2C_Init
 .text.HAL_I2C_Master_Transmit
                0x00000000080059bc      0x178 build/stm32f1xx_hal_i2c.o
                0x00000000080059bc                HAL_I2C_Master_Transmit
 .text.oled_font6x8_get
                0x0000000008005b34       0x3c build/bsp_stm32.o
 .text.idx_to_keycode
                0x0000000008005b70       0x20 build/bsp_stm32.o
 .text.oled_clear_page
                0x0000000008005b90       0x1c build/bsp_stm32.o
 .text.oled_write_cmd
                0x0000000008005bac       0x28 build/bsp_stm32.o
 .text.oled_basic_init
                0x0000000008005bd4       0xac build/bsp_stm32.o
 .text.oled_set_cursor
                0x0000000008005c80       0x22 build/bsp_stm32.o
 *fill*         0x0000000008005ca2        0x2 
 .text.oled_write_data
                0x0000000008005ca4       0x48 build/bsp_stm32.o
 .text.oled_flush_page
                0x0000000008005cec       0x48 build/bsp_stm32.o
 .text.oled_flush_all
                0x0000000008005d34       0x16 build/bsp_stm32.o
 *fill*         0x0000000008005d4a        0x2 
 .text.oled_flush_dirty_pages
                0x0000000008005d4c       0x28 build/bsp_stm32.o
 .text.oled_mark_dirty_if_changed
                0x0000000008005d74       0x3c build/bsp_stm32.o
 .text.BSP_Init
                0x0000000008005db0        0x2 build/bsp_stm32.o
                0x0000000008005db0                BSP_Init
 *fill*         0x0000000008005db2        0x2 
 .text.BSP_Lcd_Init
                0x0000000008005db4       0x38 build/bsp_stm32.o
                0x0000000008005db4                BSP_Lcd_Init
 .text.BSP_Lcd_PrintLine
                0x0000000008005dec       0x58 build/bsp_stm32.o
                0x0000000008005dec                BSP_Lcd_PrintLine
 .text.BSP_Keys_Init
                0x0000000008005e44        0xc build/bsp_stm32.o
                0x0000000008005e44                BSP_Keys_Init
 .text.BSP_Keys_GetEvent
                0x0000000008005e50       0x90 build/bsp_stm32.o
                0x0000000008005e50                BSP_Keys_GetEvent
 .text.BSP_Uart_Send
                0x0000000008005ee0       0x28 build/bsp_stm32.o
                0x0000000008005ee0                BSP_Uart_Send
 .text.APP_ParamDict_FindById
                0x0000000008005f08       0x2c build/app_param_dict.o
                0x0000000008005f08                APP_ParamDict_FindById
 .text.APP_ParamDict_GetValue
                0x0000000008005f34       0x1c build/app_param_dict.o
                0x0000000008005f34                APP_ParamDict_GetValue
 .text.APP_ParamDict_TrySetValue
                0x0000000008005f50       0x32 build/app_param_dict.o
                0x0000000008005f50                APP_ParamDict_TrySetValue
 .text.APP_ParamDict_SetValueUnsafe
                0x0000000008005f82       0x28 build/app_param_dict.o
                0x0000000008005f82                APP_ParamDict_SetValueUnsafe
 *fill*         0x0000000008005faa        0x2 
 .text.menu_default_navigate
                0x0000000008005fac       0x68 build/app_menu.o
 .text.MenuKeyHandler_UartBaud
                0x0000000008006014       0x5c build/app_menu.o
 .text.MenuKeyHandler_WorkMode
                0x0000000008006070       0x4e build/app_menu.o
 *fill*         0x00000000080060be        0x2 
 .text.Menu_RenderBlankRows
                0x00000000080060c0       0x20 build/app_menu.o
 .text.APP_Menu_DefaultRender
                0x00000000080060e0      0x1fc build/app_menu.o
                0x00000000080060e0                APP_Menu_DefaultRender
 .text.APP_Menu_Init
                0x00000000080062dc       0x18 build/app_menu.o
                0x00000000080062dc                APP_Menu_Init
 .text.APP_Menu_RefreshCurrent
                0x00000000080062f4       0x14 build/app_menu.o
                0x00000000080062f4                APP_Menu_RefreshCurrent
 .text.APP_Menu_HandleKey
                0x0000000008006308       0x3c build/app_menu.o
                0x0000000008006308                APP_Menu_HandleKey
 .text.APP_UartProto_CalcCrc
                0x0000000008006344       0x50 build/app_uart_proto.o
                0x0000000008006344                APP_UartProto_CalcCrc
 .text.APP_UartProto_BuildFrame
                0x0000000008006394       0x7a build/app_uart_proto.o
                0x0000000008006394                APP_UartProto_BuildFrame
 .text.APP_UartProto_SendRaw
                0x000000000800640e       0x2c build/app_uart_proto.o
                0x000000000800640e                APP_UartProto_SendRaw
 *fill*         0x000000000800643a        0x2 
 .text.uart_rx_reset
                0x000000000800643c        0xc build/app_uart_rx.o
 .text.APP_UartRx_Init
                0x0000000008006448       0x1c build/app_uart_rx.o
                0x0000000008006448                APP_UartRx_Init
 .text.APP_UartRx_PushFromISR
                0x0000000008006464       0x60 build/app_uart_rx.o
                0x0000000008006464                APP_UartRx_PushFromISR
 .text.APP_UartRx_OnByte
                0x00000000080064c4       0xc0 build/app_uart_rx.o
                0x00000000080064c4                APP_UartRx_OnByte
 .text.APP_UartRx_ProcessPending
                0x0000000008006584       0x50 build/app_uart_rx.o
                0x0000000008006584                APP_UartRx_ProcessPending
 .text.read_be_u32
                0x00000000080065d4       0x16 build/app_uart_handlers.o
 .text.read_be_i16
                0x00000000080065ea        0xc build/app_uart_handlers.o
 .text.read_be_i32
                0x00000000080065f6        0x8 build/app_uart_handlers.o
 *fill*         0x00000000080065fe        0x2 
 .text.handle_cmd_0x05
                0x0000000008006600       0x90 build/app_uart_handlers.o
 .text.handle_cmd_0x06
                0x0000000008006690       0x6c build/app_uart_handlers.o
 .text.handle_cmd_0x07
                0x00000000080066fc       0x68 build/app_uart_handlers.o
 .text.handle_cmd_0x08
                0x0000000008006764       0x34 build/app_uart_handlers.o
 .text.handle_cmd_0x09
                0x0000000008006798       0x48 build/app_uart_handlers.o
 .text.APP_UartRx_OnFrame
                0x00000000080067e0       0x40 build/app_uart_handlers.o
                0x00000000080067e0                APP_UartRx_OnFrame
 .text.Reset_Handler
                0x0000000008006820       0x48 build/startup_stm32f103xb.o
                0x0000000008006820                Reset_Handler
 .text.Default_Handler
                0x0000000008006868        0x2 build/startup_stm32f103xb.o
                0x0000000008006868                RTC_Alarm_IRQHandler
                0x0000000008006868                EXTI2_IRQHandler
                0x0000000008006868                TIM1_CC_IRQHandler
                0x0000000008006868                PVD_IRQHandler
                0x0000000008006868                EXTI3_IRQHandler
                0x0000000008006868                EXTI0_IRQHandler
                0x0000000008006868                I2C2_EV_IRQHandler
                0x0000000008006868                ADC1_2_IRQHandler
                0x0000000008006868                SPI1_IRQHandler
                0x0000000008006868                TAMPER_IRQHandler
                0x0000000008006868                DMA1_Channel4_IRQHandler
                0x0000000008006868                USART3_IRQHandler
                0x0000000008006868                RTC_IRQHandler
                0x0000000008006868                DMA1_Channel7_IRQHandler
                0x0000000008006868                CAN1_RX1_IRQHandler
                0x0000000008006868                I2C1_EV_IRQHandler
                0x0000000008006868                DMA1_Channel6_IRQHandler
                0x0000000008006868                TIM3_IRQHandler
                0x0000000008006868                RCC_IRQHandler
                0x0000000008006868                TIM1_TRG_COM_IRQHandler
                0x0000000008006868                DMA1_Channel1_IRQHandler
                0x0000000008006868                Default_Handler
                0x0000000008006868                EXTI15_10_IRQHandler
                0x0000000008006868                EXTI9_5_IRQHandler
                0x0000000008006868                SPI2_IRQHandler
                0x0000000008006868                EXTI4_IRQHandler
                0x0000000008006868                USB_LP_CAN1_RX0_IRQHandler
                0x0000000008006868                USB_HP_CAN1_TX_IRQHandler
                0x0000000008006868                DMA1_Channel3_IRQHandler
                0x0000000008006868                TIM1_UP_IRQHandler
                0x0000000008006868                WWDG_IRQHandler
                0x0000000008006868                TIM2_IRQHandler
                0x0000000008006868                TIM1_BRK_IRQHandler
                0x0000000008006868                EXTI1_IRQHandler
                0x0000000008006868                USART2_IRQHandler
                0x0000000008006868                I2C2_ER_IRQHandler
                0x0000000008006868                DMA1_Channel2_IRQHandler
                0x0000000008006868                CAN1_SCE_IRQHandler
                0x0000000008006868                FLASH_IRQHandler
                0x0000000008006868                I2C1_ER_IRQHandler
                0x0000000008006868                USBWakeUp_IRQHandler
 *(.glue_7)
 .glue_7        0x000000000800686a        0x0 linker stubs
 *(.glue_7t)
 .glue_7t       0x000000000800686a        0x0 linker stubs
 *(.eh_frame)
 *fill*         0x000000000800686a        0x2 
 .eh_frame      0x000000000800686c        0x0 /usr/lib/gcc/arm-none-eabi/10.3.1/thumb/v7-m/nofp/crtbegin.o
 *(.init)
 .init          0x000000000800686c        0x4 /usr/lib/gcc/arm-none-eabi/10.3.1/thumb/v7-m/nofp/crti.o
                0x000000000800686c                _init
 .init          0x0000000008006870        0x8 /usr/lib/gcc/arm-none-eabi/10.3.1/thumb/v7-m/nofp/crtn.o
 *(.fini)
 .fini          0x0000000008006878        0x4 /usr/lib/gcc/arm-none-eabi/10.3.1/thumb/v7-m/nofp/crti.o
                0x0000000008006878                _fini
 .fini          0x000000000800687c        0x8 /usr/lib/gcc/arm-none-eabi/10.3.1/thumb/v7-m/nofp/crtn.o
                0x0000000008006884                . = ALIGN (0x4)
                0x0000000008006884                _etext = .

.vfp11_veneer   0x0000000008006884        0x0
 .vfp11_veneer  0x0000000008006884        0x0 linker stubs

.v4_bx          0x0000000008006884        0x0
 .v4_bx         0x0000000008006884        0x0 linker stubs

.iplt           0x0000000008006884        0x0
 .iplt          0x0000000008006884        0x0 /usr/lib/gcc/arm-none-eabi/10.3.1/thumb/v7-m/nofp/crtbegin.o

.rodata         0x0000000008006884      0x46c
                0x0000000008006884                . = ALIGN (0x4)
 *(.rodata)
 *(.rodata*)
 .rodata.str1.4
                0x0000000008006884       0x47 build/freertos.o
 *fill*         0x00000000080068cb        0x1 
 .rodata.HMI_Task_attributes
                0x00000000080068cc       0x24 build/freertos.o
                0x00000000080068cc                HMI_Task_attributes
 .rodata.Logic_Task_attributes
                0x00000000080068f0       0x24 build/freertos.o
                0x00000000080068f0                Logic_Task_attributes
 .rodata.UART_Task_attributes
                0x0000000008006914       0x24 build/freertos.o
                0x0000000008006914                UART_Task_attributes
 .rodata.gParamMutex_attributes
                0x0000000008006938       0x10 build/freertos.o
                0x0000000008006938                gParamMutex_attributes
 .rodata.gParamUpdateQueue_attributes
                0x0000000008006948       0x18 build/freertos.o
                0x0000000008006948                gParamUpdateQueue_attributes
 .rodata.aPLLMULFactorTable.1
                0x0000000008006960       0x10 build/stm32f1xx_hal_rcc.o
 .rodata.aPredivFactorTable.0
                0x0000000008006970        0x2 build/stm32f1xx_hal_rcc.o
 *fill*         0x0000000008006972        0x2 
 .rodata.AHBPrescTable
                0x0000000008006974       0x10 build/system_stm32f1xx.o
                0x0000000008006974                AHBPrescTable
 .rodata.APBPrescTable
                0x0000000008006984        0x8 build/system_stm32f1xx.o
                0x0000000008006984                APBPrescTable
 .rodata.vTaskStartScheduler.str1.4
                0x000000000800698c        0x5 build/tasks.o
 *fill*         0x0000000008006991        0x3 
 .rodata.prvCheckForValidListAndQueue.str1.4
                0x0000000008006994        0x5 build/timers.o
 *fill*         0x0000000008006999        0x3 
 .rodata.xTimerCreateTimerTask.str1.4
                0x000000000800699c        0x8 build/timers.o
 .rodata.BSP_Lcd_PrintLine.str1.4
                0x00000000080069a4        0x8 build/bsp_stm32.o
                                          0x1 (size before relaxing)
 .rodata.s_font6x8
                0x00000000080069a4      0x12d build/bsp_stm32.o
 .rodata.Menu_RenderBlankRows.str1.4
                0x0000000008006ad1        0x1 build/app_menu.o
 *fill*         0x0000000008006ad1        0x3 
 .rodata.APP_Menu_DefaultRender.str1.4
                0x0000000008006ad4       0x80 build/app_menu.o
 .rodata.str1.4
                0x0000000008006b54       0x49 build/app_menu.o
 *fill*         0x0000000008006b9d        0x3 
 .rodata.baudList.0
                0x0000000008006ba0       0x18 build/app_menu.o
 .rodata.s_function
                0x0000000008006bb8       0x1c build/app_menu.o
 .rodata.s_operation
                0x0000000008006bd4       0x1c build/app_menu.o
 .rodata.s_operation_mode
                0x0000000008006bf0       0x1c build/app_menu.o
 .rodata.s_operation_param
                0x0000000008006c0c       0x1c build/app_menu.o
 .rodata.s_root
                0x0000000008006c28       0x1c build/app_menu.o
 .rodata.s_setting
                0x0000000008006c44       0x1c build/app_menu.o
 .rodata.s_setting_net
                0x0000000008006c60       0x1c build/app_menu.o
 .rodata.s_setting_uart
                0x0000000008006c7c       0x1c build/app_menu.o
 .rodata.s_setting_uart_baud
                0x0000000008006c98       0x1c build/app_menu.o
 .rodata.str1.4
                0x0000000008006cb4       0x13 /usr/lib/gcc/arm-none-eabi/10.3.1/../../../arm-none-eabi/lib/thumb/v7-m/nofp/libc_nano.a(lib_a-nano-svfprintf.o)
 *fill*         0x0000000008006cc7        0x1 
 .rodata.str1.4
                0x0000000008006cc8       0x25 /usr/lib/gcc/arm-none-eabi/10.3.1/../../../arm-none-eabi/lib/thumb/v7-m/nofp/libc_nano.a(lib_a-nano-vfprintf_i.o)
                0x0000000008006cf0                . = ALIGN (0x4)
 *fill*         0x0000000008006ced        0x3 

.ARM.extab      0x0000000008006cf0        0x0
                0x0000000008006cf0                . = ALIGN (0x4)
 *(.ARM.extab* .gnu.linkonce.armextab.*)
                0x0000000008006cf0                . = ALIGN (0x4)

.ARM            0x0000000008006cf0        0x0
                0x0000000008006cf0                . = ALIGN (0x4)
                0x0000000008006cf0                __exidx_start = .
 *(.ARM.exidx*)
                0x0000000008006cf0                __exidx_end = .
                0x0000000008006cf0                . = ALIGN (0x4)

.preinit_array  0x0000000008006cf0        0x0
                0x0000000008006cf0                . = ALIGN (0x4)
                0x0000000008006cf0                PROVIDE (__preinit_array_start = .)
 *(.preinit_array*)
                0x0000000008006cf0                PROVIDE (__preinit_array_end = .)
                0x0000000008006cf0                . = ALIGN (0x4)

.init_array     0x0000000008006cf0        0x4
                0x0000000008006cf0                . = ALIGN (0x4)
                0x0000000008006cf0                PROVIDE (__init_array_start = .)
 *(SORT_BY_NAME(.init_array.*))
 *(.init_array*)
 .init_array    0x0000000008006cf0        0x4 /usr/lib/gcc/arm-none-eabi/10.3.1/thumb/v7-m/nofp/crtbegin.o
                0x0000000008006cf4                PROVIDE (__init_array_end = .)
                0x0000000008006cf4                . = ALIGN (0x4)

.fini_array     0x0000000008006cf4        0x4
                0x0000000008006cf4                . = ALIGN (0x4)
                0x0000000008006cf4                PROVIDE (__fini_array_start = .)
 *(SORT_BY_NAME(.fini_array.*))
 *(.fini_array*)
 .fini_array    0x0000000008006cf4        0x4 /usr/lib/gcc/arm-none-eabi/10.3.1/thumb/v7-m/nofp/crtbegin.o
                0x0000000008006cf8                PROVIDE (__fini_array_end = .)
                0x0000000008006cf8                . = ALIGN (0x4)
                0x0000000008006cf8                _sidata = LOADADDR (.data)

.rel.dyn        0x0000000008006cf8        0x0
 .rel.iplt      0x0000000008006cf8        0x0 /usr/lib/gcc/arm-none-eabi/10.3.1/thumb/v7-m/nofp/crtbegin.o

.data           0x0000000020000000      0x1cc load address 0x0000000008006cf8
                0x0000000020000000                . = ALIGN (0x4)
                0x0000000020000000                _sdata = .
 *(.data)
 .data          0x0000000020000000       0x64 /usr/lib/gcc/arm-none-eabi/10.3.1/../../../arm-none-eabi/lib/thumb/v7-m/nofp/libc_nano.a(lib_a-impure.o)
                0x0000000020000000                _impure_ptr
 *(.data*)
 .data.uwTickFreq
                0x0000000020000064        0x1 build/stm32f1xx_hal.o
                0x0000000020000064                uwTickFreq
 *fill*         0x0000000020000065        0x3 
 .data.uwTickPrio
                0x0000000020000068        0x4 build/stm32f1xx_hal.o
                0x0000000020000068                uwTickPrio
 .data.SystemCoreClock
                0x000000002000006c        0x4 build/system_stm32f1xx.o
                0x000000002000006c                SystemCoreClock
 .data.uxCriticalNesting
                0x0000000020000070        0x4 build/port.o
 .data.s_paramDict
                0x0000000020000074      0x154 build/app_param_dict.o
 .data.s_current
                0x00000000200001c8        0x4 build/app_menu.o
 *(.RamFunc)
 *(.RamFunc*)
                0x00000000200001cc                . = ALIGN (0x4)
                0x00000000200001cc                _edata = .

.tm_clone_table
                0x00000000200001cc        0x0 load address 0x0000000008006ec4
 .tm_clone_table
                0x00000000200001cc        0x0 /usr/lib/gcc/arm-none-eabi/10.3.1/thumb/v7-m/nofp/crtbegin.o
 .tm_clone_table
                0x00000000200001cc        0x0 /usr/lib/gcc/arm-none-eabi/10.3.1/thumb/v7-m/nofp/crtend.o

.igot.plt       0x00000000200001cc        0x0 load address 0x0000000008006ec4
 .igot.plt      0x00000000200001cc        0x0 /usr/lib/gcc/arm-none-eabi/10.3.1/thumb/v7-m/nofp/crtbegin.o
                0x00000000200001cc                . = ALIGN (0x4)

.bss            0x00000000200001cc     0x272c load address 0x0000000008006ec4
                0x00000000200001cc                _sbss = .
                0x00000000200001cc                __bss_start__ = _sbss
 *(.bss)
 .bss           0x00000000200001cc       0x1c /usr/lib/gcc/arm-none-eabi/10.3.1/thumb/v7-m/nofp/crtbegin.o
 .bss           0x00000000200001e8        0x8 /usr/lib/gcc/arm-none-eabi/10.3.1/../../../arm-none-eabi/lib/thumb/v7-m/nofp/libc_nano.a(lib_a-nano-mallocr.o)
                0x00000000200001e8                __malloc_free_list
                0x00000000200001ec                __malloc_sbrk_start
 .bss           0x00000000200001f0        0x4 /usr/lib/gcc/arm-none-eabi/10.3.1/../../../arm-none-eabi/lib/thumb/v7-m/nofp/libc_nano.a(lib_a-reent.o)
                0x00000000200001f0                errno
 *(.bss*)
 .bss.HMI_TaskHandle
                0x00000000200001f4        0x4 build/freertos.o
                0x00000000200001f4                HMI_TaskHandle
 .bss.Logic_TaskHandle
                0x00000000200001f8        0x4 build/freertos.o
                0x00000000200001f8                Logic_TaskHandle
 .bss.UART_TaskHandle
                0x00000000200001fc        0x4 build/freertos.o
                0x00000000200001fc                UART_TaskHandle
 .bss.gParamMutexHandle
                0x0000000020000200        0x4 build/freertos.o
                0x0000000020000200                gParamMutexHandle
 .bss.gParamUpdateQueueHandle
                0x0000000020000204        0x4 build/freertos.o
                0x0000000020000204                gParamUpdateQueueHandle
 .bss.hspi1     0x0000000020000208       0x58 build/spi.o
                0x0000000020000208                hspi1
 .bss.hdma_usart1_rx
                0x0000000020000260       0x44 build/usart.o
                0x0000000020000260                hdma_usart1_rx
 .bss.huart1    0x00000000200002a4       0x48 build/usart.o
                0x00000000200002a4                huart1
 .bss.s_uart1DmaRxBuf
                0x00000000200002ec      0x100 build/usart.o
 .bss.s_uart1LastPos
                0x00000000200003ec        0x2 build/usart.o
 *fill*         0x00000000200003ee        0x2 
 .bss.htim4     0x00000000200003f0       0x48 build/stm32f1xx_hal_timebase_tim.o
                0x00000000200003f0                htim4
 .bss.uwTick    0x0000000020000438        0x4 build/stm32f1xx_hal.o
                0x0000000020000438                uwTick
 .bss.xQueueRegistry
                0x000000002000043c       0x40 build/queue.o
                0x000000002000043c                xQueueRegistry
 .bss.pxCurrentTCB
                0x000000002000047c        0x4 build/tasks.o
                0x000000002000047c                pxCurrentTCB
 .bss.pxDelayedTaskList
                0x0000000020000480        0x4 build/tasks.o
 .bss.pxOverflowDelayedTaskList
                0x0000000020000484        0x4 build/tasks.o
 .bss.pxReadyTasksLists
                0x0000000020000488      0x460 build/tasks.o
 .bss.uxCurrentNumberOfTasks
                0x00000000200008e8        0x4 build/tasks.o
 .bss.uxDeletedTasksWaitingCleanUp
                0x00000000200008ec        0x4 build/tasks.o
 .bss.uxSchedulerSuspended
                0x00000000200008f0        0x4 build/tasks.o
 .bss.uxTaskNumber
                0x00000000200008f4        0x4 build/tasks.o
 .bss.uxTopReadyPriority
                0x00000000200008f8        0x4 build/tasks.o
 .bss.xDelayedTaskList1
                0x00000000200008fc       0x14 build/tasks.o
 .bss.xDelayedTaskList2
                0x0000000020000910       0x14 build/tasks.o
 .bss.xIdleTaskHandle
                0x0000000020000924        0x4 build/tasks.o
 .bss.xNextTaskUnblockTime
                0x0000000020000928        0x4 build/tasks.o
 .bss.xNumOfOverflows
                0x000000002000092c        0x4 build/tasks.o
 .bss.xPendedTicks
                0x0000000020000930        0x4 build/tasks.o
 .bss.xPendingReadyList
                0x0000000020000934       0x14 build/tasks.o
 .bss.xSchedulerRunning
                0x0000000020000948        0x4 build/tasks.o
 .bss.xSuspendedTaskList
                0x000000002000094c       0x14 build/tasks.o
 .bss.xTasksWaitingTermination
                0x0000000020000960       0x14 build/tasks.o
 .bss.xTickCount
                0x0000000020000974        0x4 build/tasks.o
 .bss.xYieldPending
                0x0000000020000978        0x4 build/tasks.o
 .bss.pxCurrentTimerList
                0x000000002000097c        0x4 build/timers.o
 .bss.pxOverflowTimerList
                0x0000000020000980        0x4 build/timers.o
 .bss.ucStaticTimerQueueStorage.1
                0x0000000020000984       0xa0 build/timers.o
 .bss.xActiveTimerList1
                0x0000000020000a24       0x14 build/timers.o
 .bss.xActiveTimerList2
                0x0000000020000a38       0x14 build/timers.o
 .bss.xLastTime.2
                0x0000000020000a4c        0x4 build/timers.o
 .bss.xStaticTimerQueue.0
                0x0000000020000a50       0x50 build/timers.o
 .bss.xTimerQueue
                0x0000000020000aa0        0x4 build/timers.o
 .bss.xTimerTaskHandle
                0x0000000020000aa4        0x4 build/timers.o
 .bss.Idle_Stack.2
                0x0000000020000aa8      0x200 build/cmsis_os2.o
 .bss.Idle_TCB.3
                0x0000000020000ca8       0x5c build/cmsis_os2.o
 .bss.KernelState
                0x0000000020000d04        0x4 build/cmsis_os2.o
 .bss.Timer_Stack.0
                0x0000000020000d08      0x400 build/cmsis_os2.o
 .bss.Timer_TCB.1
                0x0000000020001108       0x5c build/cmsis_os2.o
 .bss.pxEnd     0x0000000020001164        0x4 build/heap_4.o
 .bss.ucHeap    0x0000000020001168      0xc00 build/heap_4.o
 .bss.xBlockAllocatedBit
                0x0000000020001d68        0x4 build/heap_4.o
 .bss.xFreeBytesRemaining
                0x0000000020001d6c        0x4 build/heap_4.o
 .bss.xMinimumEverFreeBytesRemaining
                0x0000000020001d70        0x4 build/heap_4.o
 .bss.xNumberOfSuccessfulAllocations
                0x0000000020001d74        0x4 build/heap_4.o
 .bss.xNumberOfSuccessfulFrees
                0x0000000020001d78        0x4 build/heap_4.o
 .bss.xStart    0x0000000020001d7c        0x8 build/heap_4.o
 .bss.ucMaxSysCallPriority
                0x0000000020001d84        0x1 build/port.o
 *fill*         0x0000000020001d85        0x3 
 .bss.ulMaxPRIGROUPValue
                0x0000000020001d88        0x4 build/port.o
 .bss.__sbrk_heap_end
                0x0000000020001d8c        0x4 build/sysmem.o
 .bss.hi2c2     0x0000000020001d90       0x54 build/i2c.o
                0x0000000020001d90                hi2c2
 .bss.s_last_pressed
                0x0000000020001de4        0x4 build/bsp_stm32.o
 .bss.s_oledBack
                0x0000000020001de8      0x400 build/bsp_stm32.o
 .bss.s_oledDirtyMask
                0x00000000200021e8        0x1 build/bsp_stm32.o
 *fill*         0x00000000200021e9        0x3 
 .bss.s_oledFront
                0x00000000200021ec      0x400 build/bsp_stm32.o
 .bss.s_isrRead
                0x00000000200025ec        0x2 build/app_uart_rx.o
 *fill*         0x00000000200025ee        0x2 
 .bss.s_isrRing
                0x00000000200025f0      0x200 build/app_uart_rx.o
 .bss.s_isrWrite
                0x00000000200027f0        0x2 build/app_uart_rx.o
 *fill*         0x00000000200027f2        0x2 
 .bss.s_rxBuf   0x00000000200027f4      0x100 build/app_uart_rx.o
 .bss.s_rxIndex
                0x00000000200028f4        0x2 build/app_uart_rx.o
 *(COMMON)
                0x00000000200028f8                . = ALIGN (0x4)
 *fill*         0x00000000200028f6        0x2 
                0x00000000200028f8                _ebss = .
                0x00000000200028f8                __bss_end__ = _ebss

._user_heap_stack
                0x00000000200028f8      0x600 load address 0x0000000008006ec4
                0x00000000200028f8                . = ALIGN (0x8)
                [!provide]                        PROVIDE (end = .)
                0x00000000200028f8                PROVIDE (_end = .)
                0x0000000020002af8                . = (. + _Min_Heap_Size)
 *fill*         0x00000000200028f8      0x200 
                0x0000000020002ef8                . = (. + _Min_Stack_Size)
 *fill*         0x0000000020002af8      0x400 
                0x0000000020002ef8                . = ALIGN (0x8)

/DISCARD/
 libc.a(*)
 libm.a(*)
 libgcc.a(*)
OUTPUT(build/HMI_RTOS_Panel.elf elf32-littlearm)
LOAD linker stubs
LOAD /usr/lib/gcc/arm-none-eabi/10.3.1/../../../arm-none-eabi/lib/thumb/v7-m/nofp/libc.a
LOAD /usr/lib/gcc/arm-none-eabi/10.3.1/../../../arm-none-eabi/lib/thumb/v7-m/nofp/libm.a
LOAD /usr/lib/gcc/arm-none-eabi/10.3.1/thumb/v7-m/nofp/libgcc.a

.ARM.attributes
                0x0000000000000000       0x29
 .ARM.attributes
                0x0000000000000000       0x1d /usr/lib/gcc/arm-none-eabi/10.3.1/thumb/v7-m/nofp/crti.o
 .ARM.attributes
                0x000000000000001d       0x2d /usr/lib/gcc/arm-none-eabi/10.3.1/thumb/v7-m/nofp/crtbegin.o
 .ARM.attributes
                0x000000000000004a       0x2d build/main.o
 .ARM.attributes
                0x0000000000000077       0x2d build/gpio.o
 .ARM.attributes
                0x00000000000000a4       0x2d build/freertos.o
 .ARM.attributes
                0x00000000000000d1       0x2d build/dma.o
 .ARM.attributes
                0x00000000000000fe       0x2d build/spi.o
 .ARM.attributes
                0x000000000000012b       0x2d build/usart.o
 .ARM.attributes
                0x0000000000000158       0x2d build/stm32f1xx_it.o
 .ARM.attributes
                0x0000000000000185       0x2d build/stm32f1xx_hal_msp.o
 .ARM.attributes
                0x00000000000001b2       0x2d build/stm32f1xx_hal_timebase_tim.o
 .ARM.attributes
                0x00000000000001df       0x2d build/stm32f1xx_hal_tim.o
 .ARM.attributes
                0x000000000000020c       0x2d build/stm32f1xx_hal_tim_ex.o
 .ARM.attributes
                0x0000000000000239       0x2d build/stm32f1xx_hal.o
 .ARM.attributes
                0x0000000000000266       0x2d build/stm32f1xx_hal_rcc.o
 .ARM.attributes
                0x0000000000000293       0x2d build/stm32f1xx_hal_gpio.o
 .ARM.attributes
                0x00000000000002c0       0x2d build/stm32f1xx_hal_dma.o
 .ARM.attributes
                0x00000000000002ed       0x2d build/stm32f1xx_hal_cortex.o
 .ARM.attributes
                0x000000000000031a       0x2d build/stm32f1xx_hal_spi.o
 .ARM.attributes
                0x0000000000000347       0x2d build/stm32f1xx_hal_uart.o
 .ARM.attributes
                0x0000000000000374       0x2d build/system_stm32f1xx.o
 .ARM.attributes
                0x00000000000003a1       0x2d build/list.o
 .ARM.attributes
                0x00000000000003ce       0x2d build/queue.o
 .ARM.attributes
                0x00000000000003fb       0x2d build/tasks.o
 .ARM.attributes
                0x0000000000000428       0x2d build/timers.o
 .ARM.attributes
                0x0000000000000455       0x2d build/cmsis_os2.o
 .ARM.attributes
                0x0000000000000482       0x2d build/heap_4.o
 .ARM.attributes
                0x00000000000004af       0x2d build/port.o
 .ARM.attributes
                0x00000000000004dc       0x2d build/sysmem.o
 .ARM.attributes
                0x0000000000000509       0x2d build/i2c.o
 .ARM.attributes
                0x0000000000000536       0x2d build/stm32f1xx_hal_i2c.o
 .ARM.attributes
                0x0000000000000563       0x2d build/bsp_stm32.o
 .ARM.attributes
                0x0000000000000590       0x2d build/app_param_dict.o
 .ARM.attributes
                0x00000000000005bd       0x2d build/app_menu.o
 .ARM.attributes
                0x00000000000005ea       0x2d build/app_uart_proto.o
 .ARM.attributes
                0x0000000000000617       0x2d build/app_uart_rx.o
 .ARM.attributes
                0x0000000000000644       0x2d build/app_uart_handlers.o
 .ARM.attributes
                0x0000000000000671       0x21 build/startup_stm32f103xb.o
 .ARM.attributes
                0x0000000000000692       0x2d /usr/lib/gcc/arm-none-eabi/10.3.1/../../../arm-none-eabi/lib/thumb/v7-m/nofp/libc_nano.a(lib_a-errno.o)
 .ARM.attributes
                0x00000000000006bf       0x2d /usr/lib/gcc/arm-none-eabi/10.3.1/../../../arm-none-eabi/lib/thumb/v7-m/nofp/libc_nano.a(lib_a-impure.o)
 .ARM.attributes
                0x00000000000006ec       0x2d /usr/lib/gcc/arm-none-eabi/10.3.1/../../../arm-none-eabi/lib/thumb/v7-m/nofp/libc_nano.a(lib_a-init.o)
 .ARM.attributes
                0x0000000000000719       0x2d /usr/lib/gcc/arm-none-eabi/10.3.1/../../../arm-none-eabi/lib/thumb/v7-m/nofp/libc_nano.a(lib_a-memcmp.o)
 .ARM.attributes
                0x0000000000000746       0x1b /usr/lib/gcc/arm-none-eabi/10.3.1/../../../arm-none-eabi/lib/thumb/v7-m/nofp/libc_nano.a(lib_a-memcpy.o)
 .ARM.attributes
                0x0000000000000761       0x2d /usr/lib/gcc/arm-none-eabi/10.3.1/../../../arm-none-eabi/lib/thumb/v7-m/nofp/libc_nano.a(lib_a-memset.o)
 .ARM.attributes
                0x000000000000078e       0x2d /usr/lib/gcc/arm-none-eabi/10.3.1/../../../arm-none-eabi/lib/thumb/v7-m/nofp/libc_nano.a(lib_a-snprintf.o)
 .ARM.attributes
                0x00000000000007bb       0x2d /usr/lib/gcc/arm-none-eabi/10.3.1/../../../arm-none-eabi/lib/thumb/v7-m/nofp/libc_nano.a(lib_a-nano-svfprintf.o)
 .ARM.attributes
                0x00000000000007e8       0x2d /usr/lib/gcc/arm-none-eabi/10.3.1/../../../arm-none-eabi/lib/thumb/v7-m/nofp/libc_nano.a(lib_a-nano-vfprintf_i.o)
 .ARM.attributes
                0x0000000000000815       0x2d /usr/lib/gcc/arm-none-eabi/10.3.1/../../../arm-none-eabi/lib/thumb/v7-m/nofp/libc_nano.a(lib_a-memchr-stub.o)
 .ARM.attributes
                0x0000000000000842       0x2d /usr/lib/gcc/arm-none-eabi/10.3.1/../../../arm-none-eabi/lib/thumb/v7-m/nofp/libc_nano.a(lib_a-memmove.o)
 .ARM.attributes
                0x000000000000086f       0x2d /usr/lib/gcc/arm-none-eabi/10.3.1/../../../arm-none-eabi/lib/thumb/v7-m/nofp/libc_nano.a(lib_a-nano-freer.o)
 .ARM.attributes
                0x000000000000089c       0x2d /usr/lib/gcc/arm-none-eabi/10.3.1/../../../arm-none-eabi/lib/thumb/v7-m/nofp/libc_nano.a(lib_a-nano-mallocr.o)
 .ARM.attributes
                0x00000000000008c9       0x2d /usr/lib/gcc/arm-none-eabi/10.3.1/../../../arm-none-eabi/lib/thumb/v7-m/nofp/libc_nano.a(lib_a-nano-reallocr.o)
 .ARM.attributes
                0x00000000000008f6       0x2d /usr/lib/gcc/arm-none-eabi/10.3.1/../../../arm-none-eabi/lib/thumb/v7-m/nofp/libc_nano.a(lib_a-sbrkr.o)
 .ARM.attributes
                0x0000000000000923       0x2d /usr/lib/gcc/arm-none-eabi/10.3.1/../../../arm-none-eabi/lib/thumb/v7-m/nofp/libc_nano.a(lib_a-mlock.o)
 .ARM.attributes
                0x0000000000000950       0x2d /usr/lib/gcc/arm-none-eabi/10.3.1/../../../arm-none-eabi/lib/thumb/v7-m/nofp/libc_nano.a(lib_a-nano-msizer.o)
 .ARM.attributes
                0x000000000000097d       0x2d /usr/lib/gcc/arm-none-eabi/10.3.1/../../../arm-none-eabi/lib/thumb/v7-m/nofp/libc_nano.a(lib_a-reent.o)
 .ARM.attributes
                0x00000000000009aa       0x2d /usr/lib/gcc/arm-none-eabi/10.3.1/thumb/v7-m/nofp/crtend.o
 .ARM.attributes
                0x00000000000009d7       0x1d /usr/lib/gcc/arm-none-eabi/10.3.1/thumb/v7-m/nofp/crtn.o

.comment        0x0000000000000000       0x33
 .comment       0x0000000000000000       0x33 /usr/lib/gcc/arm-none-eabi/10.3.1/thumb/v7-m/nofp/crtbegin.o
                                         0x34 (size before relaxing)
 .comment       0x0000000000000033       0x34 build/main.o
 .comment       0x0000000000000033       0x34 build/gpio.o
 .comment       0x0000000000000033       0x34 build/freertos.o
 .comment       0x0000000000000033       0x34 build/dma.o
 .comment       0x0000000000000033       0x34 build/spi.o
 .comment       0x0000000000000033       0x34 build/usart.o
 .comment       0x0000000000000033       0x34 build/stm32f1xx_it.o
 .comment       0x0000000000000033       0x34 build/stm32f1xx_hal_msp.o
 .comment       0x0000000000000033       0x34 build/stm32f1xx_hal_timebase_tim.o
 .comment       0x0000000000000033       0x34 build/stm32f1xx_hal_tim.o
 .comment       0x0000000000000033       0x34 build/stm32f1xx_hal_tim_ex.o
 .comment       0x0000000000000033       0x34 build/stm32f1xx_hal.o
 .comment       0x0000000000000033       0x34 build/stm32f1xx_hal_rcc.o
 .comment       0x0000000000000033       0x34 build/stm32f1xx_hal_gpio.o
 .comment       0x0000000000000033       0x34 build/stm32f1xx_hal_dma.o
 .comment       0x0000000000000033       0x34 build/stm32f1xx_hal_cortex.o
 .comment       0x0000000000000033       0x34 build/stm32f1xx_hal_spi.o
 .comment       0x0000000000000033       0x34 build/stm32f1xx_hal_uart.o
 .comment       0x0000000000000033       0x34 build/system_stm32f1xx.o
 .comment       0x0000000000000033       0x34 build/list.o
 .comment       0x0000000000000033       0x34 build/queue.o
 .comment       0x0000000000000033       0x34 build/tasks.o
 .comment       0x0000000000000033       0x34 build/timers.o
 .comment       0x0000000000000033       0x34 build/cmsis_os2.o
 .comment       0x0000000000000033       0x34 build/heap_4.o
 .comment       0x0000000000000033       0x34 build/port.o
 .comment       0x0000000000000033       0x34 build/sysmem.o
 .comment       0x0000000000000033       0x34 build/i2c.o
 .comment       0x0000000000000033       0x34 build/stm32f1xx_hal_i2c.o
 .comment       0x0000000000000033       0x34 build/bsp_stm32.o
 .comment       0x0000000000000033       0x34 build/app_param_dict.o
 .comment       0x0000000000000033       0x34 build/app_menu.o
 .comment       0x0000000000000033       0x34 build/app_uart_proto.o
 .comment       0x0000000000000033       0x34 build/app_uart_rx.o
 .comment       0x0000000000000033       0x34 build/app_uart_handlers.o
 .comment       0x0000000000000033       0x34 /usr/lib/gcc/arm-none-eabi/10.3.1/../../../arm-none-eabi/lib/thumb/v7-m/nofp/libc_nano.a(lib_a-errno.o)
 .comment       0x0000000000000033       0x34 /usr/lib/gcc/arm-none-eabi/10.3.1/../../../arm-none-eabi/lib/thumb/v7-m/nofp/libc_nano.a(lib_a-impure.o)
 .comment       0x0000000000000033       0x34 /usr/lib/gcc/arm-none-eabi/10.3.1/../../../arm-none-eabi/lib/thumb/v7-m/nofp/libc_nano.a(lib_a-init.o)
 .comment       0x0000000000000033       0x34 /usr/lib/gcc/arm-none-eabi/10.3.1/../../../arm-none-eabi/lib/thumb/v7-m/nofp/libc_nano.a(lib_a-memcmp.o)
 .comment       0x0000000000000033       0x34 /usr/lib/gcc/arm-none-eabi/10.3.1/../../../arm-none-eabi/lib/thumb/v7-m/nofp/libc_nano.a(lib_a-memset.o)
 .comment       0x0000000000000033       0x34 /usr/lib/gcc/arm-none-eabi/10.3.1/../../../arm-none-eabi/lib/thumb/v7-m/nofp/libc_nano.a(lib_a-snprintf.o)
 .comment       0x0000000000000033       0x34 /usr/lib/gcc/arm-none-eabi/10.3.1/../../../arm-none-eabi/lib/thumb/v7-m/nofp/libc_nano.a(lib_a-nano-svfprintf.o)
 .comment       0x0000000000000033       0x34 /usr/lib/gcc/arm-none-eabi/10.3.1/../../../arm-none-eabi/lib/thumb/v7-m/nofp/libc_nano.a(lib_a-nano-vfprintf_i.o)
 .comment       0x0000000000000033       0x34 /usr/lib/gcc/arm-none-eabi/10.3.1/../../../arm-none-eabi/lib/thumb/v7-m/nofp/libc_nano.a(lib_a-memchr-stub.o)
 .comment       0x0000000000000033       0x34 /usr/lib/gcc/arm-none-eabi/10.3.1/../../../arm-none-eabi/lib/thumb/v7-m/nofp/libc_nano.a(lib_a-memmove.o)
 .comment       0x0000000000000033       0x34 /usr/lib/gcc/arm-none-eabi/10.3.1/../../../arm-none-eabi/lib/thumb/v7-m/nofp/libc_nano.a(lib_a-nano-freer.o)
 .comment       0x0000000000000033       0x34 /usr/lib/gcc/arm-none-eabi/10.3.1/../../../arm-none-eabi/lib/thumb/v7-m/nofp/libc_nano.a(lib_a-nano-mallocr.o)
 .comment       0x0000000000000033       0x34 /usr/lib/gcc/arm-none-eabi/10.3.1/../../../arm-none-eabi/lib/thumb/v7-m/nofp/libc_nano.a(lib_a-nano-reallocr.o)
 .comment       0x0000000000000033       0x34 /usr/lib/gcc/arm-none-eabi/10.3.1/../../../arm-none-eabi/lib/thumb/v7-m/nofp/libc_nano.a(lib_a-sbrkr.o)
 .comment       0x0000000000000033       0x34 /usr/lib/gcc/arm-none-eabi/10.3.1/../../../arm-none-eabi/lib/thumb/v7-m/nofp/libc_nano.a(lib_a-mlock.o)
 .comment       0x0000000000000033       0x34 /usr/lib/gcc/arm-none-eabi/10.3.1/../../../arm-none-eabi/lib/thumb/v7-m/nofp/libc_nano.a(lib_a-nano-msizer.o)
 .comment       0x0000000000000033       0x34 /usr/lib/gcc/arm-none-eabi/10.3.1/../../../arm-none-eabi/lib/thumb/v7-m/nofp/libc_nano.a(lib_a-reent.o)
 .comment       0x0000000000000033       0x34 /usr/lib/gcc/arm-none-eabi/10.3.1/thumb/v7-m/nofp/crtend.o

.debug_info     0x0000000000000000    0x30806
 .debug_info    0x0000000000000000      0xa25 build/main.o
 .debug_info    0x0000000000000a25      0x387 build/gpio.o
 .debug_info    0x0000000000000dac      0xaf0 build/freertos.o
 .debug_info    0x000000000000189c      0x309 build/dma.o
 .debug_info    0x0000000000001ba5      0x902 build/spi.o
 .debug_info    0x00000000000024a7      0xc08 build/usart.o
 .debug_info    0x00000000000030af      0xad3 build/stm32f1xx_it.o
 .debug_info    0x0000000000003b82      0x3a4 build/stm32f1xx_hal_msp.o
 .debug_info    0x0000000000003f26      0xafb build/stm32f1xx_hal_timebase_tim.o
 .debug_info    0x0000000000004a21     0x405c build/stm32f1xx_hal_tim.o
 .debug_info    0x0000000000008a7d     0x1c21 build/stm32f1xx_hal_tim_ex.o
 .debug_info    0x000000000000a69e      0x849 build/stm32f1xx_hal.o
 .debug_info    0x000000000000aee7      0xacc build/stm32f1xx_hal_rcc.o
 .debug_info    0x000000000000b9b3      0x6bf build/stm32f1xx_hal_gpio.o
 .debug_info    0x000000000000c072      0x8b4 build/stm32f1xx_hal_dma.o
 .debug_info    0x000000000000c926      0xe09 build/stm32f1xx_hal_cortex.o
 .debug_info    0x000000000000d72f     0x1dd4 build/stm32f1xx_hal_spi.o
 .debug_info    0x000000000000f503     0x4280 build/stm32f1xx_hal_uart.o
 .debug_info    0x0000000000013783      0x256 build/system_stm32f1xx.o
 .debug_info    0x00000000000139d9      0x303 build/list.o
 .debug_info    0x0000000000013cdc     0x2944 build/queue.o
 .debug_info    0x0000000000016620     0x331b build/tasks.o
 .debug_info    0x000000000001993b     0x1bbb build/timers.o
 .debug_info    0x000000000001b4f6     0x4d0d build/cmsis_os2.o
 .debug_info    0x0000000000020203      0x602 build/heap_4.o
 .debug_info    0x0000000000020805      0x551 build/port.o
 .debug_info    0x0000000000020d56      0x16d build/sysmem.o
 .debug_info    0x0000000000020ec3      0x940 build/i2c.o
 .debug_info    0x0000000000021803     0x3c89 build/stm32f1xx_hal_i2c.o
 .debug_info    0x000000000002548c     0x150d build/bsp_stm32.o
 .debug_info    0x0000000000026999      0x40f build/app_param_dict.o
 .debug_info    0x0000000000026da8      0xcb0 build/app_menu.o
 .debug_info    0x0000000000027a58      0x32e build/app_uart_proto.o
 .debug_info    0x0000000000027d86      0x4a3 build/app_uart_rx.o
 .debug_info    0x0000000000028229      0x714 build/app_uart_handlers.o
 .debug_info    0x000000000002893d       0x22 build/startup_stm32f103xb.o
 .debug_info    0x000000000002895f      0x7ae /usr/lib/gcc/arm-none-eabi/10.3.1/../../../arm-none-eabi/lib/thumb/v7-m/nofp/libc_nano.a(lib_a-errno.o)
 .debug_info    0x000000000002910d      0x863 /usr/lib/gcc/arm-none-eabi/10.3.1/../../../arm-none-eabi/lib/thumb/v7-m/nofp/libc_nano.a(lib_a-impure.o)
 .debug_info    0x0000000000029970      0x11a /usr/lib/gcc/arm-none-eabi/10.3.1/../../../arm-none-eabi/lib/thumb/v7-m/nofp/libc_nano.a(lib_a-init.o)
 .debug_info    0x0000000000029a8a      0x138 /usr/lib/gcc/arm-none-eabi/10.3.1/../../../arm-none-eabi/lib/thumb/v7-m/nofp/libc_nano.a(lib_a-memcmp.o)
 .debug_info    0x0000000000029bc2       0x26 /usr/lib/gcc/arm-none-eabi/10.3.1/../../../arm-none-eabi/lib/thumb/v7-m/nofp/libc_nano.a(lib_a-memcpy.o)
 .debug_info    0x0000000000029be8      0x137 /usr/lib/gcc/arm-none-eabi/10.3.1/../../../arm-none-eabi/lib/thumb/v7-m/nofp/libc_nano.a(lib_a-memset.o)
 .debug_info    0x0000000000029d1f      0x9b5 /usr/lib/gcc/arm-none-eabi/10.3.1/../../../arm-none-eabi/lib/thumb/v7-m/nofp/libc_nano.a(lib_a-snprintf.o)
 .debug_info    0x000000000002a6d4     0x10d5 /usr/lib/gcc/arm-none-eabi/10.3.1/../../../arm-none-eabi/lib/thumb/v7-m/nofp/libc_nano.a(lib_a-nano-svfprintf.o)
 .debug_info    0x000000000002b7a9      0xe9e /usr/lib/gcc/arm-none-eabi/10.3.1/../../../arm-none-eabi/lib/thumb/v7-m/nofp/libc_nano.a(lib_a-nano-vfprintf_i.o)
 .debug_info    0x000000000002c647      0x14e /usr/lib/gcc/arm-none-eabi/10.3.1/../../../arm-none-eabi/lib/thumb/v7-m/nofp/libc_nano.a(lib_a-memchr-stub.o)
 .debug_info    0x000000000002c795      0x152 /usr/lib/gcc/arm-none-eabi/10.3.1/../../../arm-none-eabi/lib/thumb/v7-m/nofp/libc_nano.a(lib_a-memmove.o)
 .debug_info    0x000000000002c8e7      0x940 /usr/lib/gcc/arm-none-eabi/10.3.1/../../../arm-none-eabi/lib/thumb/v7-m/nofp/libc_nano.a(lib_a-nano-freer.o)
 .debug_info    0x000000000002d227      0xa0c /usr/lib/gcc/arm-none-eabi/10.3.1/../../../arm-none-eabi/lib/thumb/v7-m/nofp/libc_nano.a(lib_a-nano-mallocr.o)
 .debug_info    0x000000000002dc33      0x911 /usr/lib/gcc/arm-none-eabi/10.3.1/../../../arm-none-eabi/lib/thumb/v7-m/nofp/libc_nano.a(lib_a-nano-reallocr.o)
 .debug_info    0x000000000002e544      0x828 /usr/lib/gcc/arm-none-eabi/10.3.1/../../../arm-none-eabi/lib/thumb/v7-m/nofp/libc_nano.a(lib_a-sbrkr.o)
 .debug_info    0x000000000002ed6c      0x7dc /usr/lib/gcc/arm-none-eabi/10.3.1/../../../arm-none-eabi/lib/thumb/v7-m/nofp/libc_nano.a(lib_a-mlock.o)
 .debug_info    0x000000000002f548      0x840 /usr/lib/gcc/arm-none-eabi/10.3.1/../../../arm-none-eabi/lib/thumb/v7-m/nofp/libc_nano.a(lib_a-nano-msizer.o)
 .debug_info    0x000000000002fd88      0xa7e /usr/lib/gcc/arm-none-eabi/10.3.1/../../../arm-none-eabi/lib/thumb/v7-m/nofp/libc_nano.a(lib_a-reent.o)

.debug_abbrev   0x0000000000000000     0x6c4f
 .debug_abbrev  0x0000000000000000      0x225 build/main.o
 .debug_abbrev  0x0000000000000225      0x13f build/gpio.o
 .debug_abbrev  0x0000000000000364      0x26a build/freertos.o
 .debug_abbrev  0x00000000000005ce      0x117 build/dma.o
 .debug_abbrev  0x00000000000006e5      0x1cc build/spi.o
 .debug_abbrev  0x00000000000008b1      0x1fb build/usart.o
 .debug_abbrev  0x0000000000000aac      0x1bc build/stm32f1xx_it.o
 .debug_abbrev  0x0000000000000c68      0x130 build/stm32f1xx_hal_msp.o
 .debug_abbrev  0x0000000000000d98      0x202 build/stm32f1xx_hal_timebase_tim.o
 .debug_abbrev  0x0000000000000f9a      0x29d build/stm32f1xx_hal_tim.o
 .debug_abbrev  0x0000000000001237      0x29f build/stm32f1xx_hal_tim_ex.o
 .debug_abbrev  0x00000000000014d6      0x1f7 build/stm32f1xx_hal.o
 .debug_abbrev  0x00000000000016cd      0x2b8 build/stm32f1xx_hal_rcc.o
 .debug_abbrev  0x0000000000001985      0x222 build/stm32f1xx_hal_gpio.o
 .debug_abbrev  0x0000000000001ba7      0x244 build/stm32f1xx_hal_dma.o
 .debug_abbrev  0x0000000000001deb      0x359 build/stm32f1xx_hal_cortex.o
 .debug_abbrev  0x0000000000002144      0x28a build/stm32f1xx_hal_spi.o
 .debug_abbrev  0x00000000000023ce      0x334 build/stm32f1xx_hal_uart.o
 .debug_abbrev  0x0000000000002702      0x140 build/system_stm32f1xx.o
 .debug_abbrev  0x0000000000002842      0x124 build/list.o
 .debug_abbrev  0x0000000000002966      0x3c4 build/queue.o
 .debug_abbrev  0x0000000000002d2a      0x387 build/tasks.o
 .debug_abbrev  0x00000000000030b1      0x366 build/timers.o
 .debug_abbrev  0x0000000000003417      0x559 build/cmsis_os2.o
 .debug_abbrev  0x0000000000003970      0x269 build/heap_4.o
 .debug_abbrev  0x0000000000003bd9      0x29d build/port.o
 .debug_abbrev  0x0000000000003e76       0xea build/sysmem.o
 .debug_abbrev  0x0000000000003f60      0x1c5 build/i2c.o
 .debug_abbrev  0x0000000000004125      0x306 build/stm32f1xx_hal_i2c.o
 .debug_abbrev  0x000000000000442b      0x35f build/bsp_stm32.o
 .debug_abbrev  0x000000000000478a      0x1c6 build/app_param_dict.o
 .debug_abbrev  0x0000000000004950      0x2e5 build/app_menu.o
 .debug_abbrev  0x0000000000004c35      0x137 build/app_uart_proto.o
 .debug_abbrev  0x0000000000004d6c      0x1b6 build/app_uart_rx.o
 .debug_abbrev  0x0000000000004f22      0x182 build/app_uart_handlers.o
 .debug_abbrev  0x00000000000050a4       0x12 build/startup_stm32f103xb.o
 .debug_abbrev  0x00000000000050b6      0x157 /usr/lib/gcc/arm-none-eabi/10.3.1/../../../arm-none-eabi/lib/thumb/v7-m/nofp/libc_nano.a(lib_a-errno.o)
 .debug_abbrev  0x000000000000520d      0x151 /usr/lib/gcc/arm-none-eabi/10.3.1/../../../arm-none-eabi/lib/thumb/v7-m/nofp/libc_nano.a(lib_a-impure.o)
 .debug_abbrev  0x000000000000535e       0xcc /usr/lib/gcc/arm-none-eabi/10.3.1/../../../arm-none-eabi/lib/thumb/v7-m/nofp/libc_nano.a(lib_a-init.o)
 .debug_abbrev  0x000000000000542a       0x8d /usr/lib/gcc/arm-none-eabi/10.3.1/../../../arm-none-eabi/lib/thumb/v7-m/nofp/libc_nano.a(lib_a-memcmp.o)
 .debug_abbrev  0x00000000000054b7       0x14 /usr/lib/gcc/arm-none-eabi/10.3.1/../../../arm-none-eabi/lib/thumb/v7-m/nofp/libc_nano.a(lib_a-memcpy.o)
 .debug_abbrev  0x00000000000054cb       0xb4 /usr/lib/gcc/arm-none-eabi/10.3.1/../../../arm-none-eabi/lib/thumb/v7-m/nofp/libc_nano.a(lib_a-memset.o)
 .debug_abbrev  0x000000000000557f      0x216 /usr/lib/gcc/arm-none-eabi/10.3.1/../../../arm-none-eabi/lib/thumb/v7-m/nofp/libc_nano.a(lib_a-snprintf.o)
 .debug_abbrev  0x0000000000005795      0x2ca /usr/lib/gcc/arm-none-eabi/10.3.1/../../../arm-none-eabi/lib/thumb/v7-m/nofp/libc_nano.a(lib_a-nano-svfprintf.o)
 .debug_abbrev  0x0000000000005a5f      0x25c /usr/lib/gcc/arm-none-eabi/10.3.1/../../../arm-none-eabi/lib/thumb/v7-m/nofp/libc_nano.a(lib_a-nano-vfprintf_i.o)
 .debug_abbrev  0x0000000000005cbb       0xd4 /usr/lib/gcc/arm-none-eabi/10.3.1/../../../arm-none-eabi/lib/thumb/v7-m/nofp/libc_nano.a(lib_a-memchr-stub.o)
 .debug_abbrev  0x0000000000005d8f       0xc0 /usr/lib/gcc/arm-none-eabi/10.3.1/../../../arm-none-eabi/lib/thumb/v7-m/nofp/libc_nano.a(lib_a-memmove.o)
 .debug_abbrev  0x0000000000005e4f      0x245 /usr/lib/gcc/arm-none-eabi/10.3.1/../../../arm-none-eabi/lib/thumb/v7-m/nofp/libc_nano.a(lib_a-nano-freer.o)
 .debug_abbrev  0x0000000000006094      0x290 /usr/lib/gcc/arm-none-eabi/10.3.1/../../../arm-none-eabi/lib/thumb/v7-m/nofp/libc_nano.a(lib_a-nano-mallocr.o)
 .debug_abbrev  0x0000000000006324      0x1d6 /usr/lib/gcc/arm-none-eabi/10.3.1/../../../arm-none-eabi/lib/thumb/v7-m/nofp/libc_nano.a(lib_a-nano-reallocr.o)
 .debug_abbrev  0x00000000000064fa      0x1d6 /usr/lib/gcc/arm-none-eabi/10.3.1/../../../arm-none-eabi/lib/thumb/v7-m/nofp/libc_nano.a(lib_a-sbrkr.o)
 .debug_abbrev  0x00000000000066d0      0x189 /usr/lib/gcc/arm-none-eabi/10.3.1/../../../arm-none-eabi/lib/thumb/v7-m/nofp/libc_nano.a(lib_a-mlock.o)
 .debug_abbrev  0x0000000000006859      0x191 /usr/lib/gcc/arm-none-eabi/10.3.1/../../../arm-none-eabi/lib/thumb/v7-m/nofp/libc_nano.a(lib_a-nano-msizer.o)
 .debug_abbrev  0x00000000000069ea      0x265 /usr/lib/gcc/arm-none-eabi/10.3.1/../../../arm-none-eabi/lib/thumb/v7-m/nofp/libc_nano.a(lib_a-reent.o)

.debug_loc      0x0000000000000000    0x26f98
 .debug_loc     0x0000000000000000       0xc8 build/main.o
 .debug_loc     0x00000000000000c8       0x38 build/gpio.o
 .debug_loc     0x0000000000000100      0x39a build/freertos.o
 .debug_loc     0x000000000000049a       0x38 build/dma.o
 .debug_loc     0x00000000000004d2      0x108 build/spi.o
 .debug_loc     0x00000000000005da      0x12a build/usart.o
 .debug_loc     0x0000000000000704       0x84 build/stm32f1xx_it.o
 .debug_loc     0x0000000000000788       0x4d build/stm32f1xx_hal_msp.o
 .debug_loc     0x00000000000007d5      0x152 build/stm32f1xx_hal_timebase_tim.o
 .debug_loc     0x0000000000000927     0x5c88 build/stm32f1xx_hal_tim.o
 .debug_loc     0x00000000000065af     0x20f3 build/stm32f1xx_hal_tim_ex.o
 .debug_loc     0x00000000000086a2      0x1e1 build/stm32f1xx_hal.o
 .debug_loc     0x0000000000008883      0x790 build/stm32f1xx_hal_rcc.o
 .debug_loc     0x0000000000009013      0x551 build/stm32f1xx_hal_gpio.o
 .debug_loc     0x0000000000009564      0x901 build/stm32f1xx_hal_dma.o
 .debug_loc     0x0000000000009e65      0x77f build/stm32f1xx_hal_cortex.o
 .debug_loc     0x000000000000a5e4     0x22e5 build/stm32f1xx_hal_spi.o
 .debug_loc     0x000000000000c8c9     0x4d23 build/stm32f1xx_hal_uart.o
 .debug_loc     0x00000000000115ec       0xff build/system_stm32f1xx.o
 .debug_loc     0x00000000000116eb       0xe5 build/list.o
 .debug_loc     0x00000000000117d0     0x1fbe build/queue.o
 .debug_loc     0x000000000001378e     0x2c8a build/tasks.o
 .debug_loc     0x0000000000016418     0x1586 build/timers.o
 .debug_loc     0x000000000001799e     0x5dbc build/cmsis_os2.o
 .debug_loc     0x000000000001d75a      0x4e4 build/heap_4.o
 .debug_loc     0x000000000001dc3e      0x16c build/port.o
 .debug_loc     0x000000000001ddaa       0x84 build/sysmem.o
 .debug_loc     0x000000000001de2e       0xeb build/i2c.o
 .debug_loc     0x000000000001df19     0x4e65 build/stm32f1xx_hal_i2c.o
 .debug_loc     0x0000000000022d7e      0x7b5 build/bsp_stm32.o
 .debug_loc     0x0000000000023533      0x280 build/app_param_dict.o
 .debug_loc     0x00000000000237b3      0x44c build/app_menu.o
 .debug_loc     0x0000000000023bff      0x4ee build/app_uart_proto.o
 .debug_loc     0x00000000000240ed      0x3cf build/app_uart_rx.o
 .debug_loc     0x00000000000244bc      0x504 build/app_uart_handlers.o
 .debug_loc     0x00000000000249c0       0xba /usr/lib/gcc/arm-none-eabi/10.3.1/../../../arm-none-eabi/lib/thumb/v7-m/nofp/libc_nano.a(lib_a-init.o)
 .debug_loc     0x0000000000024a7a      0x1db /usr/lib/gcc/arm-none-eabi/10.3.1/../../../arm-none-eabi/lib/thumb/v7-m/nofp/libc_nano.a(lib_a-memcmp.o)
 .debug_loc     0x0000000000024c55      0x22c /usr/lib/gcc/arm-none-eabi/10.3.1/../../../arm-none-eabi/lib/thumb/v7-m/nofp/libc_nano.a(lib_a-memset.o)
 .debug_loc     0x0000000000024e81      0x293 /usr/lib/gcc/arm-none-eabi/10.3.1/../../../arm-none-eabi/lib/thumb/v7-m/nofp/libc_nano.a(lib_a-snprintf.o)
 .debug_loc     0x0000000000025114      0x84a /usr/lib/gcc/arm-none-eabi/10.3.1/../../../arm-none-eabi/lib/thumb/v7-m/nofp/libc_nano.a(lib_a-nano-svfprintf.o)
 .debug_loc     0x000000000002595e      0x6c8 /usr/lib/gcc/arm-none-eabi/10.3.1/../../../arm-none-eabi/lib/thumb/v7-m/nofp/libc_nano.a(lib_a-nano-vfprintf_i.o)
 .debug_loc     0x0000000000026026      0x1f6 /usr/lib/gcc/arm-none-eabi/10.3.1/../../../arm-none-eabi/lib/thumb/v7-m/nofp/libc_nano.a(lib_a-memchr-stub.o)
 .debug_loc     0x000000000002621c      0x331 /usr/lib/gcc/arm-none-eabi/10.3.1/../../../arm-none-eabi/lib/thumb/v7-m/nofp/libc_nano.a(lib_a-memmove.o)
 .debug_loc     0x000000000002654d      0x27f /usr/lib/gcc/arm-none-eabi/10.3.1/../../../arm-none-eabi/lib/thumb/v7-m/nofp/libc_nano.a(lib_a-nano-freer.o)
 .debug_loc     0x00000000000267cc      0x3da /usr/lib/gcc/arm-none-eabi/10.3.1/../../../arm-none-eabi/lib/thumb/v7-m/nofp/libc_nano.a(lib_a-nano-mallocr.o)
 .debug_loc     0x0000000000026ba6      0x133 /usr/lib/gcc/arm-none-eabi/10.3.1/../../../arm-none-eabi/lib/thumb/v7-m/nofp/libc_nano.a(lib_a-nano-reallocr.o)
 .debug_loc     0x0000000000026cd9       0x6c /usr/lib/gcc/arm-none-eabi/10.3.1/../../../arm-none-eabi/lib/thumb/v7-m/nofp/libc_nano.a(lib_a-sbrkr.o)
 .debug_loc     0x0000000000026d45       0x86 /usr/lib/gcc/arm-none-eabi/10.3.1/../../../arm-none-eabi/lib/thumb/v7-m/nofp/libc_nano.a(lib_a-nano-msizer.o)
 .debug_loc     0x0000000000026dcb      0x1cd /usr/lib/gcc/arm-none-eabi/10.3.1/../../../arm-none-eabi/lib/thumb/v7-m/nofp/libc_nano.a(lib_a-reent.o)

.debug_aranges  0x0000000000000000     0x1d70
 .debug_aranges
                0x0000000000000000       0x38 build/main.o
 .debug_aranges
                0x0000000000000038       0x20 build/gpio.o
 .debug_aranges
                0x0000000000000058       0x48 build/freertos.o
 .debug_aranges
                0x00000000000000a0       0x20 build/dma.o
 .debug_aranges
                0x00000000000000c0       0x30 build/spi.o
 .debug_aranges
                0x00000000000000f0       0x38 build/usart.o
 .debug_aranges
                0x0000000000000128       0x60 build/stm32f1xx_it.o
 .debug_aranges
                0x0000000000000188       0x20 build/stm32f1xx_hal_msp.o
 .debug_aranges
                0x00000000000001a8       0x30 build/stm32f1xx_hal_timebase_tim.o
 .debug_aranges
                0x00000000000001d8      0x3d0 build/stm32f1xx_hal_tim.o
 .debug_aranges
                0x00000000000005a8      0x168 build/stm32f1xx_hal_tim_ex.o
 .debug_aranges
                0x0000000000000710       0xe0 build/stm32f1xx_hal.o
 .debug_aranges
                0x00000000000007f0       0x90 build/stm32f1xx_hal_rcc.o
 .debug_aranges
                0x0000000000000880       0x58 build/stm32f1xx_hal_gpio.o
 .debug_aranges
                0x00000000000008d8       0x80 build/stm32f1xx_hal_dma.o
 .debug_aranges
                0x0000000000000958       0x90 build/stm32f1xx_hal_cortex.o
 .debug_aranges
                0x00000000000009e8      0x1d0 build/stm32f1xx_hal_spi.o
 .debug_aranges
                0x0000000000000bb8      0x208 build/stm32f1xx_hal_uart.o
 .debug_aranges
                0x0000000000000dc0       0x28 build/system_stm32f1xx.o
 .debug_aranges
                0x0000000000000de8       0x40 build/list.o
 .debug_aranges
                0x0000000000000e28      0x158 build/queue.o
 .debug_aranges
                0x0000000000000f80      0x208 build/tasks.o
 .debug_aranges
                0x0000000000001188       0xf0 build/timers.o
 .debug_aranges
                0x0000000000001278      0x2a0 build/cmsis_os2.o
 .debug_aranges
                0x0000000000001518       0x58 build/heap_4.o
 .debug_aranges
                0x0000000000001570       0x78 build/port.o
 .debug_aranges
                0x00000000000015e8       0x20 build/sysmem.o
 .debug_aranges
                0x0000000000001608       0x30 build/i2c.o
 .debug_aranges
                0x0000000000001638      0x2a8 build/stm32f1xx_hal_i2c.o
 .debug_aranges
                0x00000000000018e0       0xb0 build/bsp_stm32.o
 .debug_aranges
                0x0000000000001990       0x40 build/app_param_dict.o
 .debug_aranges
                0x00000000000019d0       0x60 build/app_menu.o
 .debug_aranges
                0x0000000000001a30       0x30 build/app_uart_proto.o
 .debug_aranges
                0x0000000000001a60       0x50 build/app_uart_rx.o
 .debug_aranges
                0x0000000000001ab0       0x60 build/app_uart_handlers.o
 .debug_aranges
                0x0000000000001b10       0x28 build/startup_stm32f103xb.o
 .debug_aranges
                0x0000000000001b38       0x20 /usr/lib/gcc/arm-none-eabi/10.3.1/../../../arm-none-eabi/lib/thumb/v7-m/nofp/libc_nano.a(lib_a-errno.o)
 .debug_aranges
                0x0000000000001b58       0x18 /usr/lib/gcc/arm-none-eabi/10.3.1/../../../arm-none-eabi/lib/thumb/v7-m/nofp/libc_nano.a(lib_a-impure.o)
 .debug_aranges
                0x0000000000001b70       0x20 /usr/lib/gcc/arm-none-eabi/10.3.1/../../../arm-none-eabi/lib/thumb/v7-m/nofp/libc_nano.a(lib_a-init.o)
 .debug_aranges
                0x0000000000001b90       0x20 /usr/lib/gcc/arm-none-eabi/10.3.1/../../../arm-none-eabi/lib/thumb/v7-m/nofp/libc_nano.a(lib_a-memcmp.o)
 .debug_aranges
                0x0000000000001bb0       0x20 /usr/lib/gcc/arm-none-eabi/10.3.1/../../../arm-none-eabi/lib/thumb/v7-m/nofp/libc_nano.a(lib_a-memcpy.o)
 .debug_aranges
                0x0000000000001bd0       0x20 /usr/lib/gcc/arm-none-eabi/10.3.1/../../../arm-none-eabi/lib/thumb/v7-m/nofp/libc_nano.a(lib_a-memset.o)
 .debug_aranges
                0x0000000000001bf0       0x20 /usr/lib/gcc/arm-none-eabi/10.3.1/../../../arm-none-eabi/lib/thumb/v7-m/nofp/libc_nano.a(lib_a-snprintf.o)
 .debug_aranges
                0x0000000000001c10       0x20 /usr/lib/gcc/arm-none-eabi/10.3.1/../../../arm-none-eabi/lib/thumb/v7-m/nofp/libc_nano.a(lib_a-nano-svfprintf.o)
 .debug_aranges
                0x0000000000001c30       0x20 /usr/lib/gcc/arm-none-eabi/10.3.1/../../../arm-none-eabi/lib/thumb/v7-m/nofp/libc_nano.a(lib_a-nano-vfprintf_i.o)
 .debug_aranges
                0x0000000000001c50       0x20 /usr/lib/gcc/arm-none-eabi/10.3.1/../../../arm-none-eabi/lib/thumb/v7-m/nofp/libc_nano.a(lib_a-memchr-stub.o)
 .debug_aranges
                0x0000000000001c70       0x20 /usr/lib/gcc/arm-none-eabi/10.3.1/../../../arm-none-eabi/lib/thumb/v7-m/nofp/libc_nano.a(lib_a-memmove.o)
 .debug_aranges
                0x0000000000001c90       0x20 /usr/lib/gcc/arm-none-eabi/10.3.1/../../../arm-none-eabi/lib/thumb/v7-m/nofp/libc_nano.a(lib_a-nano-freer.o)
 .debug_aranges
                0x0000000000001cb0       0x20 /usr/lib/gcc/arm-none-eabi/10.3.1/../../../arm-none-eabi/lib/thumb/v7-m/nofp/libc_nano.a(lib_a-nano-mallocr.o)
 .debug_aranges
                0x0000000000001cd0       0x20 /usr/lib/gcc/arm-none-eabi/10.3.1/../../../arm-none-eabi/lib/thumb/v7-m/nofp/libc_nano.a(lib_a-nano-reallocr.o)
 .debug_aranges
                0x0000000000001cf0       0x20 /usr/lib/gcc/arm-none-eabi/10.3.1/../../../arm-none-eabi/lib/thumb/v7-m/nofp/libc_nano.a(lib_a-sbrkr.o)
 .debug_aranges