Archive member included to satisfy reference by file (symbol)

/usr/lib/gcc/arm-none-eabi/10.3.1/../../../arm-none-eabi/lib/thumb/v7-m/nofp/libc_nano.a(lib_a-atexit.o)
                              /usr/lib/gcc/arm-none-eabi/10.3.1/../../../arm-none-eabi/lib/thumb/v7-m/nofp/crt0.o (atexit)
/usr/lib/gcc/arm-none-eabi/10.3.1/../../../arm-none-eabi/lib/thumb/v7-m/nofp/libc_nano.a(lib_a-errno.o)
                              build/sysmem.o (__errno)
/usr/lib/gcc/arm-none-eabi/10.3.1/../../../arm-none-eabi/lib/thumb/v7-m/nofp/libc_nano.a(lib_a-exit.o)
                              /usr/lib/gcc/arm-none-eabi/10.3.1/../../../arm-none-eabi/lib/thumb/v7-m/nofp/crt0.o (exit)
/usr/lib/gcc/arm-none-eabi/10.3.1/../../../arm-none-eabi/lib/thumb/v7-m/nofp/libc_nano.a(lib_a-fini.o)
                              /usr/lib/gcc/arm-none-eabi/10.3.1/../../../arm-none-eabi/lib/thumb/v7-m/nofp/crt0.o (__libc_fini_array)
/usr/lib/gcc/arm-none-eabi/10.3.1/../../../arm-none-eabi/lib/thumb/v7-m/nofp/libc_nano.a(lib_a-impure.o)
                              /usr/lib/gcc/arm-none-eabi/10.3.1/../../../arm-none-eabi/lib/thumb/v7-m/nofp/libc_nano.a(lib_a-exit.o) (_global_impure_ptr)
/usr/lib/gcc/arm-none-eabi/10.3.1/../../../arm-none-eabi/lib/thumb/v7-m/nofp/libc_nano.a(lib_a-init.o)
                              /usr/lib/gcc/arm-none-eabi/10.3.1/../../../arm-none-eabi/lib/thumb/v7-m/nofp/crt0.o (__libc_init_array)
/usr/lib/gcc/arm-none-eabi/10.3.1/../../../arm-none-eabi/lib/thumb/v7-m/nofp/libc_nano.a(lib_a-memcmp.o)
                              build/bsp_oled.o (memcmp)
/usr/lib/gcc/arm-none-eabi/10.3.1/../../../arm-none-eabi/lib/thumb/v7-m/nofp/libc_nano.a(lib_a-memcpy.o)
                              build/queue.o (memcpy)
/usr/lib/gcc/arm-none-eabi/10.3.1/../../../arm-none-eabi/lib/thumb/v7-m/nofp/libc_nano.a(lib_a-memset.o)
                              /usr/lib/gcc/arm-none-eabi/10.3.1/../../../arm-none-eabi/lib/thumb/v7-m/nofp/crt0.o (memset)
/usr/lib/gcc/arm-none-eabi/10.3.1/../../../arm-none-eabi/lib/thumb/v7-m/nofp/libc_nano.a(lib_a-snprintf.o)
                              build/app_menu.o (snprintf)
/usr/lib/gcc/arm-none-eabi/10.3.1/../../../arm-none-eabi/lib/thumb/v7-m/nofp/libc_nano.a(lib_a-strlen-stub.o)
                              build/app_menu.o (strlen)
/usr/lib/gcc/arm-none-eabi/10.3.1/../../../arm-none-eabi/lib/thumb/v7-m/nofp/libc_nano.a(lib_a-strncat.o)
                              build/app_menu.o (strncat)
/usr/lib/gcc/arm-none-eabi/10.3.1/../../../arm-none-eabi/lib/thumb/v7-m/nofp/libc_nano.a(lib_a-__atexit.o)
                              /usr/lib/gcc/arm-none-eabi/10.3.1/../../../arm-none-eabi/lib/thumb/v7-m/nofp/libc_nano.a(lib_a-atexit.o) (__register_exitproc)
/usr/lib/gcc/arm-none-eabi/10.3.1/../../../arm-none-eabi/lib/thumb/v7-m/nofp/libc_nano.a(lib_a-__call_atexit.o)
                              /usr/lib/gcc/arm-none-eabi/10.3.1/../../../arm-none-eabi/lib/thumb/v7-m/nofp/libc_nano.a(lib_a-__atexit.o) (__call_exitprocs)
/usr/lib/gcc/arm-none-eabi/10.3.1/../../../arm-none-eabi/lib/thumb/v7-m/nofp/libc_nano.a(lib_a-nano-svfprintf.o)
                              /usr/lib/gcc/arm-none-eabi/10.3.1/../../../arm-none-eabi/lib/thumb/v7-m/nofp/libc_nano.a(lib_a-snprintf.o) (_svfprintf_r)
/usr/lib/gcc/arm-none-eabi/10.3.1/../../../arm-none-eabi/lib/thumb/v7-m/nofp/libc_nano.a(lib_a-nano-vfprintf_i.o)
                              /usr/lib/gcc/arm-none-eabi/10.3.1/../../../arm-none-eabi/lib/thumb/v7-m/nofp/libc_nano.a(lib_a-nano-svfprintf.o) (_printf_i)
/usr/lib/gcc/arm-none-eabi/10.3.1/../../../arm-none-eabi/lib/thumb/v7-m/nofp/libc_nano.a(lib_a-memchr-stub.o)
                              /usr/lib/gcc/arm-none-eabi/10.3.1/../../../arm-none-eabi/lib/thumb/v7-m/nofp/libc_nano.a(lib_a-nano-svfprintf.o) (memchr)
/usr/lib/gcc/arm-none-eabi/10.3.1/../../../arm-none-eabi/lib/thumb/v7-m/nofp/libc_nano.a(lib_a-memmove.o)
                              /usr/lib/gcc/arm-none-eabi/10.3.1/../../../arm-none-eabi/lib/thumb/v7-m/nofp/libc_nano.a(lib_a-nano-svfprintf.o) (memmove)
/usr/lib/gcc/arm-none-eabi/10.3.1/../../../arm-none-eabi/lib/thumb/v7-m/nofp/libc_nano.a(lib_a-nano-freer.o)
                              /usr/lib/gcc/arm-none-eabi/10.3.1/../../../arm-none-eabi/lib/thumb/v7-m/nofp/libc_nano.a(lib_a-nano-svfprintf.o) (_free_r)
/usr/lib/gcc/arm-none-eabi/10.3.1/../../../arm-none-eabi/lib/thumb/v7-m/nofp/libc_nano.a(lib_a-nano-mallocr.o)
                              /usr/lib/gcc/arm-none-eabi/10.3.1/../../../arm-none-eabi/lib/thumb/v7-m/nofp/libc_nano.a(lib_a-nano-svfprintf.o) (_malloc_r)
/usr/lib/gcc/arm-none-eabi/10.3.1/../../../arm-none-eabi/lib/thumb/v7-m/nofp/libc_nano.a(lib_a-nano-reallocr.o)
                              /usr/lib/gcc/arm-none-eabi/10.3.1/../../../arm-none-eabi/lib/thumb/v7-m/nofp/libc_nano.a(lib_a-nano-svfprintf.o) (_realloc_r)
/usr/lib/gcc/arm-none-eabi/10.3.1/../../../arm-none-eabi/lib/thumb/v7-m/nofp/libc_nano.a(lib_a-sbrkr.o)
[...]
Memory Configuration

Name             Origin             Length             Attributes
RAM              0x0000000020000000 0x0000000000005000 xrw
FLASH            0x0000000008000000 0x0000000000010000 xr
*default*        0x0000000000000000 0xffffffffffffffff

Linker script and memory map

LOAD /usr/lib/gcc/arm-none-eabi/10.3.1/thumb/v7-m/nofp/crti.o
LOAD /usr/lib/gcc/arm-none-eabi/10.3.1/thumb/v7-m/nofp/crtbegin.o
LOAD /usr/lib/gcc/arm-none-eabi/10.3.1/../../../arm-none-eabi/lib/thumb/v7-m/nofp/crt0.o
LOAD build/main.o
LOAD build/gpio.o
LOAD build/freertos.o
LOAD build/dma.o
LOAD build/spi.o
LOAD build/usart.o
LOAD build/stm32f1xx_it.o
LOAD build/stm32f1xx_hal_msp.o
LOAD build/stm32f1xx_hal_timebase_tim.o
LOAD build/stm32f1xx_hal_gpio_ex.o
LOAD build/stm32f1xx_hal_tim.o
LOAD build/stm32f1xx_hal_tim_ex.o
LOAD build/stm32f1xx_hal.o
LOAD build/stm32f1xx_hal_rcc.o
LOAD build/stm32f1xx_hal_rcc_ex.o
LOAD build/stm32f1xx_hal_gpio.o
LOAD build/stm32f1xx_hal_dma.o
LOAD build/stm32f1xx_hal_cortex.o
LOAD build/stm32f1xx_hal_pwr.o
LOAD build/stm32f1xx_hal_flash.o
LOAD build/stm32f1xx_hal_flash_ex.o
LOAD build/stm32f1xx_hal_exti.o
LOAD build/stm32f1xx_hal_spi.o
LOAD build/stm32f1xx_hal_uart.o
LOAD build/system_stm32f1xx.o
LOAD build/croutine.o
LOAD build/event_groups.o
LOAD build/list.o
LOAD build/queue.o
LOAD build/stream_buffer.o
LOAD build/tasks.o
LOAD build/timers.o
LOAD build/cmsis_os2.o
LOAD build/heap_4.o
LOAD build/port.o
LOAD build/sysmem.o
LOAD build/syscalls.o
LOAD build/i2c.o
LOAD build/stm32f1xx_hal_i2c.o
LOAD build/bsp_oled.o
LOAD build/bsp_keys.o
LOAD build/bsp_stm32.o
LOAD build/app_param_dict.o
LOAD build/app_menu.o
LOAD build/app_uart_proto.o
LOAD build/app_uart_rx.o
LOAD build/app_param_uart_map.o
LOAD build/app_uart_handlers.o
LOAD build/startup_stm32f103xb.o
LOAD /usr/lib/gcc/arm-none-eabi/10.3.1/../../../arm-none-eabi/lib/thumb/v7-m/nofp/libc_nano.a
LOAD /usr/lib/gcc/arm-none-eabi/10.3.1/../../../arm-none-eabi/lib/thumb/v7-m/nofp/libm.a
LOAD /usr/lib/gcc/arm-none-eabi/10.3.1/../../../arm-none-eabi/lib/thumb/v7-m/nofp/libnosys.a
START GROUP
LOAD /usr/lib/gcc/arm-none-eabi/10.3.1/thumb/v7-m/nofp/libgcc.a
LOAD /usr/lib/gcc/arm-none-eabi/10.3.1/../../../arm-none-eabi/lib/thumb/v7-m/nofp/libc_nano.a
END GROUP
START GROUP
LOAD /usr/lib/gcc/arm-none-eabi/10.3.1/thumb/v7-m/nofp/libgcc.a
LOAD /usr/lib/gcc/arm-none-eabi/10.3.1/../../../arm-none-eabi/lib/thumb/v7-m/nofp/libc_nano.a
END GROUP
LOAD /usr/lib/gcc/arm-none-eabi/10.3.1/thumb/v7-m/nofp/crtend.o
LOAD /usr/lib/gcc/arm-none-eabi/10.3.1/thumb/v7-m/nofp/crtn.o
                0x0000000020005000                _estack = (ORIGIN (RAM) + LENGTH (RAM))
                0x0000000000000200                _Min_Heap_Size = 0x200
                0x0000000000000400                _Min_Stack_Size = 0x400

.isr_vector     0x0000000008000000      0x10c
                0x0000000008000000                . = ALIGN (0x4)
 *(.isr_vector)
 .isr_vector    0x0000000008000000      0x10c build/startup_stm32f103xb.o
                0x0000000008000000                g_pfnVectors
                0x000000000800010c                . = ALIGN (0x4)

.text           0x0000000008000110     0x9234
                0x0000000008000110                . = ALIGN (0x4)
 *(.text)
 .text          0x0000000008000110       0x88 /usr/lib/gcc/arm-none-eabi/10.3.1/thumb/v7-m/nofp/crtbegin.o
 .text          0x0000000008000198        0xc /usr/lib/gcc/arm-none-eabi/10.3.1/../../../arm-none-eabi/lib/thumb/v7-m/nofp/libc_nano.a(lib_a-errno.o)
                0x0000000008000198                __errno
 .text          0x00000000080001a4       0x48 /usr/lib/gcc/arm-none-eabi/10.3.1/../../../arm-none-eabi/lib/thumb/v7-m/nofp/libc_nano.a(lib_a-init.o)
                0x00000000080001a4                __libc_init_array
 .text          0x00000000080001ec       0x68 /usr/lib/gcc/arm-none-eabi/10.3.1/../../../arm-none-eabi/lib/thumb/v7-m/nofp/libc_nano.a(lib_a-memcmp.o)
                0x00000000080001ec                memcmp
 .text          0x0000000008000254       0xec /usr/lib/gcc/arm-none-eabi/10.3.1/../../../arm-none-eabi/lib/thumb/v7-m/nofp/libc_nano.a(lib_a-memcpy.o)
                0x0000000008000254                memcpy
 .text          0x0000000008000340       0xa4 /usr/lib/gcc/arm-none-eabi/10.3.1/../../../arm-none-eabi/lib/thumb/v7-m/nofp/libc_nano.a(lib_a-memset.o)
                0x0000000008000340                memset
 .text          0x00000000080003e4      0x100 /usr/lib/gcc/arm-none-eabi/10.3.1/../../../arm-none-eabi/lib/thumb/v7-m/nofp/libc_nano.a(lib_a-snprintf.o)
                0x00000000080003e4                _sniprintf_r
                0x00000000080003e4                _snprintf_r
                0x0000000008000460                snprintf
                0x0000000008000460                sniprintf
 .text          0x00000000080004e4       0x5c /usr/lib/gcc/arm-none-eabi/10.3.1/../../../arm-none-eabi/lib/thumb/v7-m/nofp/libc_nano.a(lib_a-strlen-stub.o)
                0x00000000080004e4                strlen
 .text          0x0000000008000540       0x5c /usr/lib/gcc/arm-none-eabi/10.3.1/../../../arm-none-eabi/lib/thumb/v7-m/nofp/libc_nano.a(lib_a-strncat.o)
                0x0000000008000540                strncat
 .text          0x000000000800059c      0x3f4 /usr/lib/gcc/arm-none-eabi/10.3.1/../../../arm-none-eabi/lib/thumb/v7-m/nofp/libc_nano.a(lib_a-nano-svfprintf.o)
                0x000000000800059c                __ssputs_r
                0x0000000008000660                __ssprint_r
                0x000000000800075c                _svfprintf_r
                0x000000000800075c                _svfiprintf_r
 .text          0x0000000008000990      0x3d8 /usr/lib/gcc/arm-none-eabi/10.3.1/../../../arm-none-eabi/lib/thumb/v7-m/nofp/libc_nano.a(lib_a-nano-vfprintf_i.o)
                0x0000000008000990                _printf_common
                0x0000000008000abc                _printf_i
 .text          0x0000000008000d68       0x90 /usr/lib/gcc/arm-none-eabi/10.3.1/../../../arm-none-eabi/lib/thumb/v7-m/nofp/libc_nano.a(lib_a-memchr-stub.o)
                0x0000000008000d68                memchr
 .text          0x0000000008000df8       0xf8 /usr/lib/gcc/arm-none-eabi/10.3.1/../../../arm-none-eabi/lib/thumb/v7-m/nofp/libc_nano.a(lib_a-memmove.o)
                0x0000000008000df8                memmove
 .text          0x0000000008000ef0       0xcc /usr/lib/gcc/arm-none-eabi/10.3.1/../../../arm-none-eabi/lib/thumb/v7-m/nofp/libc_nano.a(lib_a-nano-freer.o)
                0x0000000008000ef0                _free_r
 .text          0x0000000008000fbc       0xb8 /usr/lib/gcc/arm-none-eabi/10.3.1/../../../arm-none-eabi/lib/thumb/v7-m/nofp/libc_nano.a(lib_a-nano-mallocr.o)
                0x0000000008000fbc                _malloc_r
 .text          0x0000000008001074       0x50 /usr/lib/gcc/arm-none-eabi/10.3.1/../../../arm-none-eabi/lib/thumb/v7-m/nofp/libc_nano.a(lib_a-nano-reallocr.o)
                0x0000000008001074                _realloc_r
 .text          0x00000000080010c4       0x24 /usr/lib/gcc/arm-none-eabi/10.3.1/../../../arm-none-eabi/lib/thumb/v7-m/nofp/libc_nano.a(lib_a-sbrkr.o)
                0x00000000080010c4                _sbrk_r
 .text          0x00000000080010e8        0x8 /usr/lib/gcc/arm-none-eabi/10.3.1/../../../arm-none-eabi/lib/thumb/v7-m/nofp/libc_nano.a(lib_a-mlock.o)
                0x00000000080010e8                __malloc_lock
                0x00000000080010ec                __malloc_unlock
 .text          0x00000000080010f0       0x14 /usr/lib/gcc/arm-none-eabi/10.3.1/../../../arm-none-eabi/lib/thumb/v7-m/nofp/libc_nano.a(lib_a-nano-msizer.o)
                0x00000000080010f0                _malloc_usable_size_r
 *(.text*)
 .text.HAL_TIM_PeriodElapsedCallback
                0x0000000008001104       0x18 build/main.o
                0x0000000008001104                HAL_TIM_PeriodElapsedCallback
 .text.Error_Handler
                0x000000000800111c        0x4 build/main.o
                0x000000000800111c                Error_Handler
 .text.SystemClock_Config
                0x0000000008001120       0x64 build/main.o
                0x0000000008001120                SystemClock_Config
 .text.main     0x0000000008001184       0x28 build/main.o
                0x0000000008001184                main
 .text.MX_GPIO_Init
                0x00000000080011ac       0xcc build/gpio.o
                0x00000000080011ac                MX_GPIO_Init
 .text.UART_SendParamWrite
                0x0000000008001278      0x14c build/freertos.o
 .text.StartTask03
                0x00000000080013c4        0xe build/freertos.o
                0x00000000080013c4                StartTask03
 .text.HMI_ReadKey
                0x00000000080013d2       0x6c build/freertos.o
 .text.StartDefaultTask
                0x000000000800143e       0x74 build/freertos.o
                0x000000000800143e                StartDefaultTask
 *fill*         0x00000000080014b2        0x2 
 .text.StartTask02
                0x00000000080014b4       0x2c build/freertos.o
                0x00000000080014b4                StartTask02
 .text.APP_ParamUpdate_RequestValue
                0x00000000080014e0       0xac build/freertos.o
                0x00000000080014e0                APP_ParamUpdate_RequestValue
 .text.MX_FREERTOS_Init
                0x000000000800158c       0x7c build/freertos.o
                0x000000000800158c                MX_FREERTOS_Init
 .text.MX_DMA_Init
                0x0000000008001608       0x34 build/dma.o
                0x0000000008001608                MX_DMA_Init
 .text.APP_USART1_RxCheckIdle
                0x000000000800163c       0x50 build/usart.o
                0x000000000800163c                APP_USART1_RxCheckIdle
 .text.MX_USART1_UART_Init
                0x000000000800168c       0x68 build/usart.o
                0x000000000800168c                MX_USART1_UART_Init
 .text.HAL_UART_MspInit
                0x00000000080016f4       0xbc build/usart.o
                0x00000000080016f4                HAL_UART_MspInit
 .text.NMI_Handler
                0x00000000080017b0        0x2 build/stm32f1xx_it.o
                0x00000000080017b0                NMI_Handler
 .text.HardFault_Handler
                0x00000000080017b2        0x2 build/stm32f1xx_it.o
                0x00000000080017b2                HardFault_Handler
 .text.MemManage_Handler
                0x00000000080017b4        0x2 build/stm32f1xx_it.o
                0x00000000080017b4                MemManage_Handler
 .text.BusFault_Handler
                0x00000000080017b6        0x2 build/stm32f1xx_it.o
                0x00000000080017b6                BusFault_Handler
 .text.UsageFault_Handler
                0x00000000080017b8        0x2 build/stm32f1xx_it.o
                0x00000000080017b8                UsageFault_Handler
 .text.DebugMon_Handler
                0x00000000080017ba        0x2 build/stm32f1xx_it.o
                0x00000000080017ba                DebugMon_Handler
 .text.DMA1_Channel5_IRQHandler
                0x00000000080017bc       0x14 build/stm32f1xx_it.o
                0x00000000080017bc                DMA1_Channel5_IRQHandler
 .text.TIM4_IRQHandler
                0x00000000080017d0       0x10 build/stm32f1xx_it.o
                0x00000000080017d0                TIM4_IRQHandler
 .text.USART1_IRQHandler
                0x00000000080017e0       0x3c build/stm32f1xx_it.o
                0x00000000080017e0                USART1_IRQHandler
 .text.HAL_MspInit
                0x000000000800181c       0x54 build/stm32f1xx_hal_msp.o
                0x000000000800181c                HAL_MspInit
 .text.HAL_InitTick
                0x0000000008001870       0xa0 build/stm32f1xx_hal_timebase_tim.o
                0x0000000008001870                HAL_InitTick
 .text.HAL_TIM_Base_MspInit
                0x0000000008001910        0x2 build/stm32f1xx_hal_tim.o
                0x0000000008001910                HAL_TIM_Base_MspInit
 *fill*         0x0000000008001912        0x2 
 .text.HAL_TIM_Base_Start_IT
                0x0000000008001914       0x68 build/stm32f1xx_hal_tim.o
                0x0000000008001914                HAL_TIM_Base_Start_IT
 .text.HAL_TIM_OC_DelayElapsedCallback
                0x000000000800197c        0x2 build/stm32f1xx_hal_tim.o
                0x000000000800197c                HAL_TIM_OC_DelayElapsedCallback
 .text.HAL_TIM_IC_CaptureCallback
                0x000000000800197e        0x2 build/stm32f1xx_hal_tim.o
                0x000000000800197e                HAL_TIM_IC_CaptureCallback
 .text.HAL_TIM_PWM_PulseFinishedCallback
                0x0000000008001980        0x2 build/stm32f1xx_hal_tim.o
                0x0000000008001980                HAL_TIM_PWM_PulseFinishedCallback
 .text.HAL_TIM_TriggerCallback
                0x0000000008001982        0x2 build/stm32f1xx_hal_tim.o
                0x0000000008001982                HAL_TIM_TriggerCallback
 .text.HAL_TIM_IRQHandler
                0x0000000008001984      0x15e build/stm32f1xx_hal_tim.o
                0x0000000008001984                HAL_TIM_IRQHandler
 *fill*         0x0000000008001ae2        0x2 
 .text.TIM_Base_SetConfig
                0x0000000008001ae4       0x84 build/stm32f1xx_hal_tim.o
                0x0000000008001ae4                TIM_Base_SetConfig
 .text.HAL_TIM_Base_Init
                0x0000000008001b68       0x58 build/stm32f1xx_hal_tim.o
                0x0000000008001b68                HAL_TIM_Base_Init
 .text.HAL_TIMEx_CommutCallback
                0x0000000008001bc0        0x2 build/stm32f1xx_hal_tim_ex.o
                0x0000000008001bc0                HAL_TIMEx_CommutCallback
 .text.HAL_TIMEx_BreakCallback
                0x0000000008001bc2        0x2 build/stm32f1xx_hal_tim_ex.o
                0x0000000008001bc2                HAL_TIMEx_BreakCallback
 .text.HAL_Init
                0x0000000008001bc4       0x24 build/stm32f1xx_hal.o
                0x0000000008001bc4                HAL_Init
 .text.HAL_IncTick
                0x0000000008001be8       0x18 build/stm32f1xx_hal.o
                0x0000000008001be8                HAL_IncTick
 .text.HAL_GetTick
                0x0000000008001c00        0xc build/stm32f1xx_hal.o
                0x0000000008001c00                HAL_GetTick
 .text.RCC_Delay
                0x0000000008001c0c       0x2c build/stm32f1xx_hal_rcc.o
 .text.HAL_RCC_OscConfig
                0x0000000008001c38      0x410 build/stm32f1xx_hal_rcc.o
                0x0000000008001c38                HAL_RCC_OscConfig
 .text.HAL_RCC_GetSysClockFreq
                0x0000000008002048       0x54 build/stm32f1xx_hal_rcc.o
                0x0000000008002048                HAL_RCC_GetSysClockFreq
 .text.HAL_RCC_ClockConfig
                0x000000000800209c      0x16c build/stm32f1xx_hal_rcc.o
                0x000000000800209c                HAL_RCC_ClockConfig
 .text.HAL_RCC_GetHCLKFreq
                0x0000000008002208        0xc build/stm32f1xx_hal_rcc.o
                0x0000000008002208                HAL_RCC_GetHCLKFreq
 .text.HAL_RCC_GetPCLK1Freq
                0x0000000008002214       0x20 build/stm32f1xx_hal_rcc.o
                0x0000000008002214                HAL_RCC_GetPCLK1Freq
 .text.HAL_RCC_GetPCLK2Freq
                0x0000000008002234       0x20 build/stm32f1xx_hal_rcc.o
                0x0000000008002234                HAL_RCC_GetPCLK2Freq
 .text.HAL_RCC_GetClockConfig
                0x0000000008002254       0x3c build/stm32f1xx_hal_rcc.o
                0x0000000008002254                HAL_RCC_GetClockConfig
 .text.HAL_GPIO_Init
                0x0000000008002290      0x224 build/stm32f1xx_hal_gpio.o
                0x0000000008002290                HAL_GPIO_Init
 .text.HAL_GPIO_ReadPin
                0x00000000080024b4        0xe build/stm32f1xx_hal_gpio.o
                0x00000000080024b4                HAL_GPIO_ReadPin
 .text.HAL_GPIO_WritePin
                0x00000000080024c2        0xc build/stm32f1xx_hal_gpio.o
                0x00000000080024c2                HAL_GPIO_WritePin
 .text.DMA_SetConfig
                0x00000000080024ce       0x2c build/stm32f1xx_hal_dma.o
 *fill*         0x00000000080024fa        0x2 
 .text.HAL_DMA_Init
                0x00000000080024fc       0x6c build/stm32f1xx_hal_dma.o
                0x00000000080024fc                HAL_DMA_Init
 .text.HAL_DMA_Start_IT
                0x0000000008002568       0x76 build/stm32f1xx_hal_dma.o
                0x0000000008002568                HAL_DMA_Start_IT
 .text.HAL_DMA_Abort
                0x00000000080025de       0x46 build/stm32f1xx_hal_dma.o
                0x00000000080025de                HAL_DMA_Abort
 .text.HAL_DMA_Abort_IT
                0x0000000008002624       0x98 build/stm32f1xx_hal_dma.o
                0x0000000008002624                HAL_DMA_Abort_IT
 .text.HAL_DMA_IRQHandler
                0x00000000080026bc      0x144 build/stm32f1xx_hal_dma.o
                0x00000000080026bc                HAL_DMA_IRQHandler
 .text.HAL_NVIC_SetPriorityGrouping
                0x0000000008002800       0x24 build/stm32f1xx_hal_cortex.o
                0x0000000008002800                HAL_NVIC_SetPriorityGrouping
 .text.HAL_NVIC_SetPriority
                0x0000000008002824       0x70 build/stm32f1xx_hal_cortex.o
                0x0000000008002824                HAL_NVIC_SetPriority
 .text.HAL_NVIC_EnableIRQ
                0x0000000008002894       0x1c build/stm32f1xx_hal_cortex.o
                0x0000000008002894                HAL_NVIC_EnableIRQ
 .text.UART_EndTxTransfer
                0x00000000080028b0       0x20 build/stm32f1xx_hal_uart.o
 .text.UART_EndRxTransfer
                0x00000000080028d0       0x5c build/stm32f1xx_hal_uart.o
 .text.UART_Transmit_IT
                0x000000000800292c       0x60 build/stm32f1xx_hal_uart.o
 .text.UART_SetConfig
                0x000000000800298c       0x94 build/stm32f1xx_hal_uart.o
 .text.UART_WaitOnFlagUntilTimeout
                0x0000000008002a20       0x8a build/stm32f1xx_hal_uart.o
 .text.HAL_UART_Init
                0x0000000008002aaa       0x60 build/stm32f1xx_hal_uart.o
                0x0000000008002aaa                HAL_UART_Init
 .text.HAL_UART_Transmit
                0x0000000008002b0a       0xcc build/stm32f1xx_hal_uart.o
                0x0000000008002b0a                HAL_UART_Transmit
 .text.HAL_UART_TxCpltCallback
                0x0000000008002bd6        0x2 build/stm32f1xx_hal_uart.o
                0x0000000008002bd6                HAL_UART_TxCpltCallback
 .text.UART_EndTransmit_IT
                0x0000000008002bd8       0x1a build/stm32f1xx_hal_uart.o
 .text.HAL_UART_RxCpltCallback
                0x0000000008002bf2        0x2 build/stm32f1xx_hal_uart.o
                0x0000000008002bf2                HAL_UART_RxCpltCallback
 .text.HAL_UART_RxHalfCpltCallback
                0x0000000008002bf4        0x2 build/stm32f1xx_hal_uart.o
                0x0000000008002bf4                HAL_UART_RxHalfCpltCallback
 .text.HAL_UART_ErrorCallback
                0x0000000008002bf6        0x2 build/stm32f1xx_hal_uart.o
                0x0000000008002bf6                HAL_UART_ErrorCallback
 .text.UART_DMAError
                0x0000000008002bf8       0x58 build/stm32f1xx_hal_uart.o
 .text.UART_DMAAbortOnError
                0x0000000008002c50       0x10 build/stm32f1xx_hal_uart.o
 .text.HAL_UARTEx_RxEventCallback
                0x0000000008002c60        0x2 build/stm32f1xx_hal_uart.o
                0x0000000008002c60                HAL_UARTEx_RxEventCallback
 .text.UART_Receive_IT
                0x0000000008002c62       0xe6 build/stm32f1xx_hal_uart.o
 .text.HAL_UART_IRQHandler
                0x0000000008002d48      0x288 build/stm32f1xx_hal_uart.o
                0x0000000008002d48                HAL_UART_IRQHandler
 .text.UART_DMARxHalfCplt
                0x0000000008002fd0       0x1e build/stm32f1xx_hal_uart.o
 .text.UART_DMAReceiveCplt
                0x0000000008002fee       0x9a build/stm32f1xx_hal_uart.o
 .text.UART_Start_Receive_DMA
                0x0000000008003088       0xa4 build/stm32f1xx_hal_uart.o
                0x0000000008003088                UART_Start_Receive_DMA
 .text.HAL_UART_Receive_DMA
                0x000000000800312c       0x26 build/stm32f1xx_hal_uart.o
                0x000000000800312c                HAL_UART_Receive_DMA
 .text.SystemInit
                0x0000000008003152        0x2 build/system_stm32f1xx.o
                0x0000000008003152                SystemInit
 .text.vListInitialise
                0x0000000008003154       0x16 build/list.o
                0x0000000008003154                vListInitialise
 .text.vListInitialiseItem
                0x000000000800316a        0x6 build/list.o
                0x000000000800316a                vListInitialiseItem
 .text.vListInsertEnd
                0x0000000008003170       0x16 build/list.o
                0x0000000008003170                vListInsertEnd
 .text.vListInsert
                0x0000000008003186       0x32 build/list.o
                0x0000000008003186                vListInsert
 .text.uxListRemove
                0x00000000080031b8       0x26 build/list.o
                0x00000000080031b8                uxListRemove
 .text.prvGetDisinheritPriorityAfterTimeout
                0x00000000080031de       0x10 build/queue.o
 .text.prvIsQueueFull
                0x00000000080031ee       0x1e build/queue.o
 .text.prvIsQueueEmpty
                0x000000000800320c       0x1a build/queue.o
 .text.prvCopyDataToQueue
                0x0000000008003226       0x76 build/queue.o
 .text.prvCopyDataFromQueue
                0x000000000800329c       0x24 build/queue.o
 .text.prvUnlockQueue
                0x00000000080032c0       0x6e build/queue.o
 .text.xQueueGenericReset
                0x000000000800332e       0x84 build/queue.o
                0x000000000800332e                xQueueGenericReset
 .text.prvInitialiseNewQueue
                0x00000000080033b2       0x22 build/queue.o
 .text.xQueueGenericCreateStatic
                0x00000000080033d4       0x94 build/queue.o
                0x00000000080033d4                xQueueGenericCreateStatic
 .text.xQueueGenericCreate
                0x0000000008003468       0x48 build/queue.o
                0x0000000008003468                xQueueGenericCreate
 .text.xQueueGenericSend
                0x00000000080034b0      0x188 build/queue.o
                0x00000000080034b0                xQueueGenericSend
 .text.prvInitialiseMutex
                0x0000000008003638       0x18 build/queue.o
 .text.xQueueCreateMutex
                0x0000000008003650       0x16 build/queue.o
                0x0000000008003650                xQueueCreateMutex
 .text.xQueueCreateMutexStatic
                0x0000000008003666       0x1e build/queue.o
                0x0000000008003666                xQueueCreateMutexStatic
 .text.xQueueGiveMutexRecursive
                0x0000000008003684       0x40 build/queue.o
                0x0000000008003684                xQueueGiveMutexRecursive
 .text.xQueueGenericSendFromISR
                0x00000000080036c4       0xce build/queue.o
                0x00000000080036c4                xQueueGenericSendFromISR
 .text.xQueueReceive
                0x0000000008003792      0x15e build/queue.o
                0x0000000008003792                xQueueReceive
 .text.xQueueSemaphoreTake
                0x00000000080038f0      0x1a6 build/queue.o
                0x00000000080038f0                xQueueSemaphoreTake
 .text.xQueueTakeMutexRecursive
                0x0000000008003a96       0x40 build/queue.o
                0x0000000008003a96                xQueueTakeMutexRecursive
 .text.xQueueReceiveFromISR
                0x0000000008003ad6       0xa8 build/queue.o
                0x0000000008003ad6                xQueueReceiveFromISR
 *fill*         0x0000000008003b7e        0x2 
 .text.vQueueAddToRegistry
                0x0000000008003b80       0x28 build/queue.o
                0x0000000008003b80                vQueueAddToRegistry
 .text.vQueueWaitForMessageRestricted
                0x0000000008003ba8       0x52 build/queue.o
                0x0000000008003ba8                vQueueWaitForMessageRestricted
 *fill*         0x0000000008003bfa        0x2 
 .text.prvResetNextTaskUnblockTime
                0x0000000008003bfc       0x2c build/tasks.o
 .text.prvInitialiseNewTask
                0x0000000008003c28       0xa6 build/tasks.o
 *fill*         0x0000000008003cce        0x2 
 .text.prvInitialiseTaskLists
                0x0000000008003cd0       0x68 build/tasks.o
 .text.prvAddNewTaskToReadyList
                0x0000000008003d38       0xac build/tasks.o
 .text.prvDeleteTCB
                0x0000000008003de4       0x38 build/tasks.o
 .text.prvCheckTasksWaitingTermination
                0x0000000008003e1c       0x4c build/tasks.o
 .text.prvIdleTask
                0x0000000008003e68       0x28 build/tasks.o
 .text.prvAddCurrentTaskToDelayedList
                0x0000000008003e90       0x7c build/tasks.o
 .text.xTaskCreateStatic
                0x0000000008003f0c       0x76 build/tasks.o
                0x0000000008003f0c                xTaskCreateStatic
 .text.xTaskCreate
                0x0000000008003f82       0x68 build/tasks.o
                0x0000000008003f82                xTaskCreate
 *fill*         0x0000000008003fea        0x2 
 .text.vTaskStartScheduler
                0x0000000008003fec       0x9c build/tasks.o
                0x0000000008003fec                vTaskStartScheduler
 .text.vTaskSuspendAll
                0x0000000008004088       0x10 build/tasks.o
                0x0000000008004088                vTaskSuspendAll
 .text.xTaskGetTickCount
                0x0000000008004098        0xc build/tasks.o
                0x0000000008004098                xTaskGetTickCount
 .text.xTaskGetTickCountFromISR
                0x00000000080040a4       0x10 build/tasks.o
                0x00000000080040a4                xTaskGetTickCountFromISR
 .text.xTaskIncrementTick
                0x00000000080040b4      0x118 build/tasks.o
                0x00000000080040b4                xTaskIncrementTick
 .text.xTaskResumeAll
                0x00000000080041cc       0xf8 build/tasks.o
                0x00000000080041cc                xTaskResumeAll
 .text.vTaskDelay
                0x00000000080042c4       0x4c build/tasks.o
                0x00000000080042c4                vTaskDelay
 .text.vTaskSwitchContext
                0x0000000008004310       0x94 build/tasks.o
                0x0000000008004310                vTaskSwitchContext
 .text.vTaskPlaceOnEventList
                0x00000000080043a4       0x30 build/tasks.o
                0x00000000080043a4                vTaskPlaceOnEventList
 .text.vTaskPlaceOnEventListRestricted
                0x00000000080043d4       0x38 build/tasks.o
                0x00000000080043d4                vTaskPlaceOnEventListRestricted
 .text.xTaskRemoveFromEventList
                0x000000000800440c       0x8c build/tasks.o
                0x000000000800440c                xTaskRemoveFromEventList
 .text.vTaskInternalSetTimeOutState
                0x0000000008004498       0x18 build/tasks.o
                0x0000000008004498                vTaskInternalSetTimeOutState
 .text.xTaskCheckForTimeOut
                0x00000000080044b0       0x84 build/tasks.o
                0x00000000080044b0                xTaskCheckForTimeOut
 .text.vTaskMissedYield
                0x0000000008004534        0xc build/tasks.o
                0x0000000008004534                vTaskMissedYield
 .text.xTaskGetCurrentTaskHandle
                0x0000000008004540        0xc build/tasks.o
                0x0000000008004540                xTaskGetCurrentTaskHandle
 .text.xTaskGetSchedulerState
                0x000000000800454c       0x20 build/tasks.o
                0x000000000800454c                xTaskGetSchedulerState
 .text.xTaskPriorityInherit
                0x000000000800456c       0x98 build/tasks.o
                0x000000000800456c                xTaskPriorityInherit
 .text.xTaskPriorityDisinherit
                0x0000000008004604       0x90 build/tasks.o
                0x0000000008004604                xTaskPriorityDisinherit
 .text.vTaskPriorityDisinheritAfterTimeout
                0x0000000008004694       0xa0 build/tasks.o
                0x0000000008004694                vTaskPriorityDisinheritAfterTimeout
 .text.pvTaskIncrementMutexHeldCount
                0x0000000008004734       0x1c build/tasks.o
                0x0000000008004734                pvTaskIncrementMutexHeldCount
 .text.prvGetNextExpireTime
                0x0000000008004750       0x20 build/timers.o
 .text.prvInsertTimerInActiveList
                0x0000000008004770       0x48 build/timers.o
 .text.prvCheckForValidListAndQueue
                0x00000000080047b8       0x70 build/timers.o
 .text.xTimerCreateTimerTask
                0x0000000008004828       0x64 build/timers.o
                0x0000000008004828                xTimerCreateTimerTask
 .text.xTimerGenericCommand
                0x000000000800488c       0x6c build/timers.o
                0x000000000800488c                xTimerGenericCommand
 .text.prvSwitchTimerLists
                0x00000000080048f8       0x7c build/timers.o
 .text.prvSampleTimeNow
                0x0000000008004974       0x2c build/timers.o
 .text.prvProcessExpiredTimer
                0x00000000080049a0       0x6c build/timers.o
 .text.prvProcessTimerOrBlockTask
                0x0000000008004a0c       0x74 build/timers.o
 .text.prvProcessReceivedCommands
                0x0000000008004a80      0x10c build/timers.o
 .text.prvTimerTask
                0x0000000008004b8c       0x16 build/timers.o
 .text.SysTick_Handler
                0x0000000008004ba2       0x18 build/cmsis_os2.o
                0x0000000008004ba2                SysTick_Handler
 *fill*         0x0000000008004bba        0x2 
 .text.osKernelInitialize
                0x0000000008004bbc       0x24 build/cmsis_os2.o
                0x0000000008004bbc                osKernelInitialize
 .text.osKernelStart
                0x0000000008004be0       0x38 build/cmsis_os2.o
                0x0000000008004be0                osKernelStart
 .text.osKernelGetTickCount
                0x0000000008004c18       0x14 build/cmsis_os2.o
                0x0000000008004c18                osKernelGetTickCount
 .text.osThreadNew
                0x0000000008004c2c       0xbc build/cmsis_os2.o
                0x0000000008004c2c                osThreadNew
 .text.osDelay  0x0000000008004ce8       0x1c build/cmsis_os2.o
                0x0000000008004ce8                osDelay
 .text.osMutexNew
                0x0000000008004d04       0x94 build/cmsis_os2.o
                0x0000000008004d04                osMutexNew
 .text.osMutexAcquire
                0x0000000008004d98       0x58 build/cmsis_os2.o
                0x0000000008004d98                osMutexAcquire
 .text.osMutexRelease
                0x0000000008004df0       0x4c build/cmsis_os2.o
                0x0000000008004df0                osMutexRelease
 .text.osMessageQueueNew
                0x0000000008004e3c       0x98 build/cmsis_os2.o
                0x0000000008004e3c                osMessageQueueNew
 .text.osMessageQueuePut
                0x0000000008004ed4       0x84 build/cmsis_os2.o
                0x0000000008004ed4                osMessageQueuePut
 .text.osMessageQueueGet
                0x0000000008004f58       0x82 build/cmsis_os2.o
                0x0000000008004f58                osMessageQueueGet
 *fill*         0x0000000008004fda        0x2 
 .text.vApplicationGetIdleTaskMemory
                0x0000000008004fdc       0x18 build/cmsis_os2.o
                0x0000000008004fdc                vApplicationGetIdleTaskMemory
 .text.vApplicationGetTimerTaskMemory
                0x0000000008004ff4       0x18 build/cmsis_os2.o
                0x0000000008004ff4                vApplicationGetTimerTaskMemory
 .text.prvHeapInit
                0x000000000800500c       0x64 build/heap_4.o
 .text.prvInsertBlockIntoFreeList
                0x0000000008005070       0x60 build/heap_4.o
 .text.pvPortMalloc
                0x00000000080050d0       0xfc build/heap_4.o
                0x00000000080050d0                pvPortMalloc
 .text.vPortFree
                0x00000000080051cc       0x7c build/heap_4.o
                0x00000000080051cc                vPortFree
 .text.prvTaskExitError
                0x0000000008005248       0x40 build/port.o
 .text.prvPortStartFirstTask
                0x0000000008005288       0x20 build/port.o
 .text.pxPortInitialiseStack
                0x00000000080052a8       0x24 build/port.o
                0x00000000080052a8                pxPortInitialiseStack
 *fill*         0x00000000080052cc        0x4 
 .text.SVC_Handler
                0x00000000080052d0       0x24 build/port.o
                0x00000000080052d0                SVC_Handler
 .text.vPortEnterCritical
                0x00000000080052f4       0x44 build/port.o
                0x00000000080052f4                vPortEnterCritical
 .text.vPortExitCritical
                0x0000000008005338       0x2c build/port.o
                0x0000000008005338                vPortExitCritical
 *fill*         0x0000000008005364        0xc 
 .text.PendSV_Handler
                0x0000000008005370       0x44 build/port.o
                0x0000000008005370                PendSV_Handler
 .text.xPortSysTickHandler
                0x00000000080053b4       0x2c build/port.o
                0x00000000080053b4                xPortSysTickHandler
 .text.vPortSetupTimerInterrupt
                0x00000000080053e0       0x28 build/port.o
                0x00000000080053e0                vPortSetupTimerInterrupt
 .text.xPortStartScheduler
                0x0000000008005408       0xc0 build/port.o
                0x0000000008005408                xPortStartScheduler
 .text.vPortValidateInterruptPriority
                0x00000000080054c8       0x5c build/port.o
                0x00000000080054c8                vPortValidateInterruptPriority
 .text._sbrk    0x0000000008005524       0x48 build/sysmem.o
                0x0000000008005524                _sbrk
 .text.MX_I2C2_Init
                0x000000000800556c       0x3c build/i2c.o
                0x000000000800556c                MX_I2C2_Init
 .text.HAL_I2C_MspInit
                0x00000000080055a8       0x64 build/i2c.o
                0x00000000080055a8                HAL_I2C_MspInit
 .text.I2C_IsAcknowledgeFailed
                0x000000000800560c       0x32 build/stm32f1xx_hal_i2c.o
 .text.I2C_WaitOnFlagUntilTimeout
                0x000000000800563e       0xaa build/stm32f1xx_hal_i2c.o
 .text.I2C_WaitOnMasterAddressFlagUntilTimeout
                0x00000000080056e8       0xd6 build/stm32f1xx_hal_i2c.o
 *fill*         0x00000000080057be        0x2 
 .text.I2C_MasterRequestWrite
                0x00000000080057c0       0xb4 build/stm32f1xx_hal_i2c.o
 .text.I2C_WaitOnTXEFlagUntilTimeout
                0x0000000008005874       0x5e build/stm32f1xx_hal_i2c.o
 .text.I2C_WaitOnBTFFlagUntilTimeout
                0x00000000080058d2       0x5e build/stm32f1xx_hal_i2c.o
 .text.HAL_I2C_Init
                0x0000000008005930      0x1bc build/stm32f1xx_hal_i2c.o
                0x0000000008005930                HAL_I2C_Init
 .text.HAL_I2C_Master_Transmit
                0x0000000008005aec      0x178 build/stm32f1xx_hal_i2c.o
                0x0000000008005aec                HAL_I2C_Master_Transmit
 .text.oled_font6x8_get
                0x0000000008005c64       0x3c build/bsp_oled.o
 .text.oled_clear_page
                0x0000000008005ca0       0x1c build/bsp_oled.o
 .text.oled_write_cmd
                0x0000000008005cbc       0x28 build/bsp_oled.o
 .text.oled_basic_init
                0x0000000008005ce4       0xac build/bsp_oled.o
 .text.oled_set_cursor
                0x0000000008005d90       0x22 build/bsp_oled.o
 *fill*         0x0000000008005db2        0x2 
 .text.oled_write_data
                0x0000000008005db4       0x48 build/bsp_oled.o
 .text.oled_flush_page
                0x0000000008005dfc       0x48 build/bsp_oled.o
 .text.oled_flush_all
                0x0000000008005e44       0x16 build/bsp_oled.o
 *fill*         0x0000000008005e5a        0x2 
 .text.oled_flush_dirty_pages
                0x0000000008005e5c       0x28 build/bsp_oled.o
 .text.oled_mark_dirty_if_changed
                0x0000000008005e84       0x3c build/bsp_oled.o
 .text.BSP_Oled_Init
                0x0000000008005ec0       0x38 build/bsp_oled.o
                0x0000000008005ec0                BSP_Oled_Init
 .text.BSP_Oled_PrintLine
                0x0000000008005ef8       0x58 build/bsp_oled.o
                0x0000000008005ef8                BSP_Oled_PrintLine
 .text.Keys_ConfigGpio
                0x0000000008005f50       0x4c build/bsp_keys.o
 .text.Keys_AllColsLow
                0x0000000008005f9c       0x28 build/bsp_keys.o
 .text.Keys_ScanRawMask
                0x0000000008005fc4       0x84 build/bsp_keys.o
 .text.BSP_KeysDrv_Init
                0x0000000008006048       0x28 build/bsp_keys.o
                0x0000000008006048                BSP_KeysDrv_Init
 .text.BSP_KeysDrv_GetEvent
                0x0000000008006070       0xb0 build/bsp_keys.o
                0x0000000008006070                BSP_KeysDrv_GetEvent
 .text.BSP_Init
                0x0000000008006120        0x2 build/bsp_stm32.o
                0x0000000008006120                BSP_Init
 .text.BSP_Lcd_Init
                0x0000000008006122        0x8 build/bsp_stm32.o
                0x0000000008006122                BSP_Lcd_Init
 .text.BSP_Lcd_PrintLine
                0x000000000800612a        0x8 build/bsp_stm32.o
                0x000000000800612a                BSP_Lcd_PrintLine
 .text.BSP_Keys_Init
                0x0000000008006132        0x8 build/bsp_stm32.o
                0x0000000008006132                BSP_Keys_Init
 .text.BSP_Keys_GetEvent
                0x000000000800613a        0x8 build/bsp_stm32.o
                0x000000000800613a                BSP_Keys_GetEvent
 *fill*         0x0000000008006142        0x2 
 .text.BSP_Uart_Send
                0x0000000008006144       0x3c build/bsp_stm32.o
                0x0000000008006144                BSP_Uart_Send
 .text.APP_ParamDict_FindById
                0x0000000008006180       0x2c build/app_param_dict.o
                0x0000000008006180                APP_ParamDict_FindById
 .text.APP_ParamDict_GetValue
                0x00000000080061ac       0x48 build/app_param_dict.o
                0x00000000080061ac                APP_ParamDict_GetValue
 .text.APP_ParamDict_SetValueUnsafe
                0x00000000080061f4       0x28 build/app_param_dict.o
                0x00000000080061f4                APP_ParamDict_SetValueUnsafe
 .text.Menu_KeyToDigit
                0x000000000800621c       0x42 build/app_menu.o
 *fill*         0x000000000800625e        0x2 
 .text.Menu_NetStateText
                0x0000000008006260       0x14 build/app_menu.o
 .text.Menu_BandwidthText
                0x0000000008006274       0x34 build/app_menu.o
 .text.Menu_HopModeText
                0x00000000080062a8       0x14 build/app_menu.o
 .text.Menu_OnOffText
                0x00000000080062bc       0x14 build/app_menu.o
 .text.Menu_SyncText
                0x00000000080062d0       0x14 build/app_menu.o
 .text.Menu_TxPowerText
                0x00000000080062e4       0x2c build/app_menu.o
 .text.Menu_IsWorkFreqItem
                0x0000000008006310       0x16 build/app_menu.o
 *fill*         0x0000000008006326        0x2 
 .text.Menu_GetOperationConfig
                0x0000000008006328      0x3c4 build/app_menu.o
 .text.Menu_GetDisplayConfig
                0x00000000080066ec      0x578 build/app_menu.o
 .text.Menu_GetManualTimeConfig
                0x0000000008006c64       0x64 build/app_menu.o
 .text.Menu_RenderBlankRows
                0x0000000008006cc8       0x20 build/app_menu.o
 .text.Menu_PrintHeaderPath
                0x0000000008006ce8       0xa0 build/app_menu.o
 .text.Menu_IsNodeVisible
                0x0000000008006d88       0x3e build/app_menu.o
 .text.Menu_FirstVisibleChild
                0x0000000008006dc6       0x1e build/app_menu.o
 .text.Menu_EnsureCurrentVisible
                0x0000000008006de4       0x2c build/app_menu.o
 .text.menu_default_navigate
                0x0000000008006e10       0xa8 build/app_menu.o
 .text.Menu_FormatOperationValue
                0x0000000008006eb8      0x52c build/app_menu.o
 .text.Render_OperationTree
                0x00000000080073e4      0x1a4 build/app_menu.o
 .text.APP_Menu_DefaultRender
                0x0000000008007588      0x21c build/app_menu.o
                0x0000000008007588                APP_Menu_DefaultRender
 .text.MenuKeyHandler_OperationItem
                0x00000000080077a4      0x258 build/app_menu.o
 .text.MenuKeyHandler_TimeManual
                0x00000000080079fc      0x13c build/app_menu.o
 .text.MenuKeyHandler_UartBaud
                0x0000000008007b38      0x134 build/app_menu.o
 .text.MenuKeyHandler_UartFormat
                0x0000000008007c6c      0x174 build/app_menu.o
 .text.MenuKeyHandler_TrafficOp
                0x0000000008007de0       0xd8 build/app_menu.o
 .text.Render_MemberNodeList
                0x0000000008007eb8       0xe8 build/app_menu.o
 .text.MenuKeyHandler_MemberNodeList
                0x0000000008007fa0       0xd0 build/app_menu.o
 .text.MenuKeyHandler_DetailRequest
                0x0000000008008070       0x50 build/app_menu.o
 .text.APP_Menu_Init
                0x00000000080080c0       0x44 build/app_menu.o
                0x00000000080080c0                APP_Menu_Init
 .text.APP_Menu_GetCurrent
                0x0000000008008104        0xc build/app_menu.o
                0x0000000008008104                APP_Menu_GetCurrent
 .text.APP_Menu_ReturnToRoot
                0x0000000008008110       0x44 build/app_menu.o
                0x0000000008008110                APP_Menu_ReturnToRoot
 .text.APP_Menu_IsAdaptHopProtectActive
                0x0000000008008154       0x14 build/app_menu.o
                0x0000000008008154                APP_Menu_IsAdaptHopProtectActive
 .text.APP_Menu_ClearAdaptHopProtect
                0x0000000008008168        0xc build/app_menu.o
                0x0000000008008168                APP_Menu_ClearAdaptHopProtect
 .text.APP_Menu_RefreshCurrent
                0x0000000008008174       0x18 build/app_menu.o
                0x0000000008008174                APP_Menu_RefreshCurrent
 .text.APP_Menu_HandleKey
                0x000000000800818c       0x3c build/app_menu.o
                0x000000000800818c                APP_Menu_HandleKey
 .text.APP_UartProto_CalcCrc
                0x00000000080081c8       0x5a build/app_uart_proto.o
                0x00000000080081c8                APP_UartProto_CalcCrc
 .text.APP_UartProto_BuildFrame
                0x0000000008008222       0x7a build/app_uart_proto.o
                0x0000000008008222                APP_UartProto_BuildFrame
 .text.APP_UartProto_SendRaw
                0x000000000800829c       0x2c build/app_uart_proto.o
                0x000000000800829c                APP_UartProto_SendRaw
 .text.uart_rx_reset
                0x00000000080082c8        0xc build/app_uart_rx.o
 .text.APP_UartRx_Init
                0x00000000080082d4       0x80 build/app_uart_rx.o
                0x00000000080082d4                APP_UartRx_Init
 .text.APP_UartRx_PushFromISR
                0x0000000008008354       0x9c build/app_uart_rx.o
                0x0000000008008354                APP_UartRx_PushFromISR
 .text.APP_UartRx_OnByte
                0x00000000080083f0      0x13c build/app_uart_rx.o
                0x00000000080083f0                APP_UartRx_OnByte
 .text.APP_UartRx_ProcessPending
                0x000000000800852c       0x50 build/app_uart_rx.o
                0x000000000800852c                APP_UartRx_ProcessPending
 .text.map_find
                0x000000000800857c       0x5c build/app_param_uart_map.o
 .text.APP_ParamUartMap_BuildWrite
                0x00000000080085d8       0x78 build/app_param_uart_map.o
                0x00000000080085d8                APP_ParamUartMap_BuildWrite
 .text.read_be_u32
                0x0000000008008650       0x16 build/app_uart_handlers.o
 .text.read_le_u32
                0x0000000008008666       0x16 build/app_uart_handlers.o
 .text.read_be_i16
                0x000000000800867c        0xc build/app_uart_handlers.o
 .text.read_le_u16
                0x0000000008008688        0xa build/app_uart_handlers.o
 .text.read_be_i32
                0x0000000008008692        0x8 build/app_uart_handlers.o
 .text.parse_ascii_coord_1e6
                0x000000000800869a      0x1ce build/app_uart_handlers.o
 .text.uart_baud_from_idx
                0x0000000008008868       0x18 build/app_uart_handlers.o
 .text.parse_name_token
                0x0000000008008880       0x52 build/app_uart_handlers.o
 .text.cache_write_neighbor_to_params
                0x00000000080088d2       0x4c build/app_uart_handlers.o
 *fill*         0x000000000800891e        0x2 
 .text.handle_cmd_0x02
                0x0000000008008920       0x54 build/app_uart_handlers.o
 .text.handle_cmd_0x05
                0x0000000008008974      0x1f8 build/app_uart_handlers.o
 .text.handle_cmd_0x06
                0x0000000008008b6c       0xc4 build/app_uart_handlers.o
 .text.handle_cmd_0x07
                0x0000000008008c30       0xc8 build/app_uart_handlers.o
 .text.handle_cmd_0x09
                0x0000000008008cf8      0x154 build/app_uart_handlers.o
 .text.handle_cmd_0x0A
                0x0000000008008e4c       0xf0 build/app_uart_handlers.o
 .text.handle_cmd_0x04
                0x0000000008008f3c      0x144 build/app_uart_handlers.o
 .text.handle_cmd_0x08
                0x0000000008009080      0x174 build/app_uart_handlers.o
 .text.APP_UartRx_GetNeighborCountCached
                0x00000000080091f4        0xc build/app_uart_handlers.o
                0x00000000080091f4                APP_UartRx_GetNeighborCountCached
 .text.APP_UartRx_GetNeighborNodeIdByIndex
                0x0000000008009200       0x34 build/app_uart_handlers.o
                0x0000000008009200                APP_UartRx_GetNeighborNodeIdByIndex
 .text.APP_UartRx_LoadNeighborByIndexToParams
                0x0000000008009234       0x54 build/app_uart_handlers.o
                0x0000000008009234                APP_UartRx_LoadNeighborByIndexToParams
 .text.APP_UartRx_OnFrame
                0x0000000008009288       0x58 build/app_uart_handlers.o
                0x0000000008009288                APP_UartRx_OnFrame
 .text.Reset_Handler
                0x00000000080092e0       0x48 build/startup_stm32f103xb.o
                0x00000000080092e0                Reset_Handler
 .text.Default_Handler
                0x0000000008009328        0x2 build/startup_stm32f103xb.o
                0x0000000008009328                RTC_Alarm_IRQHandler
                0x0000000008009328                EXTI2_IRQHandler
                0x0000000008009328                TIM1_CC_IRQHandler
                0x0000000008009328                PVD_IRQHandler
                0x0000000008009328                EXTI3_IRQHandler
                0x0000000008009328                EXTI0_IRQHandler
                0x0000000008009328                I2C2_EV_IRQHandler
                0x0000000008009328                ADC1_2_IRQHandler
                0x0000000008009328                SPI1_IRQHandler
                0x0000000008009328                TAMPER_IRQHandler
                0x0000000008009328                DMA1_Channel4_IRQHandler
                0x0000000008009328                USART3_IRQHandler
                0x0000000008009328                RTC_IRQHandler
                0x0000000008009328                DMA1_Channel7_IRQHandler
                0x0000000008009328                CAN1_RX1_IRQHandler
                0x0000000008009328                I2C1_EV_IRQHandler
                0x0000000008009328                DMA1_Channel6_IRQHandler
                0x0000000008009328                TIM3_IRQHandler
                0x0000000008009328                RCC_IRQHandler
                0x0000000008009328                TIM1_TRG_COM_IRQHandler
                0x0000000008009328                DMA1_Channel1_IRQHandler
                0x0000000008009328                Default_Handler
                0x0000000008009328                EXTI15_10_IRQHandler
                0x0000000008009328                EXTI9_5_IRQHandler
                0x0000000008009328                SPI2_IRQHandler
                0x0000000008009328                EXTI4_IRQHandler
                0x0000000008009328                USB_LP_CAN1_RX0_IRQHandler
                0x0000000008009328                USB_HP_CAN1_TX_IRQHandler
                0x0000000008009328                DMA1_Channel3_IRQHandler
                0x0000000008009328                TIM1_UP_IRQHandler
                0x0000000008009328                WWDG_IRQHandler
                0x0000000008009328                TIM2_IRQHandler
                0x0000000008009328                TIM1_BRK_IRQHandler
                0x0000000008009328                EXTI1_IRQHandler
                0x0000000008009328                USART2_IRQHandler
                0x0000000008009328                I2C2_ER_IRQHandler
                0x0000000008009328                DMA1_Channel2_IRQHandler
                0x0000000008009328                CAN1_SCE_IRQHandler
                0x0000000008009328                FLASH_IRQHandler
                0x0000000008009328                I2C1_ER_IRQHandler
                0x0000000008009328                USBWakeUp_IRQHandler
 *(.glue_7)
 .glue_7        0x000000000800932a        0x0 linker stubs
 *(.glue_7t)
 .glue_7t       0x000000000800932a        0x0 linker stubs
 *(.eh_frame)
 *fill*         0x000000000800932a        0x2 
 .eh_frame      0x000000000800932c        0x0 /usr/lib/gcc/arm-none-eabi/10.3.1/thumb/v7-m/nofp/crtbegin.o
 *(.init)
 .init          0x000000000800932c        0x4 /usr/lib/gcc/arm-none-eabi/10.3.1/thumb/v7-m/nofp/crti.o
                0x000000000800932c                _init
 .init          0x0000000008009330        0x8 /usr/lib/gcc/arm-none-eabi/10.3.1/thumb/v7-m/nofp/crtn.o
 *(.fini)
 .fini          0x0000000008009338        0x4 /usr/lib/gcc/arm-none-eabi/10.3.1/thumb/v7-m/nofp/crti.o
                0x0000000008009338                _fini
 .fini          0x000000000800933c        0x8 /usr/lib/gcc/arm-none-eabi/10.3.1/thumb/v7-m/nofp/crtn.o
                0x0000000008009344                . = ALIGN (0x4)
                0x0000000008009344                _etext = .

.vfp11_veneer   0x0000000008009344        0x0
 .vfp11_veneer  0x0000000008009344        0x0 linker stubs

.v4_bx          0x0000000008009344        0x0
 .v4_bx         0x0000000008009344        0x0 linker stubs

.iplt           0x0000000008009344        0x0
 .iplt          0x0000000008009344        0x0 /usr/lib/gcc/arm-none-eabi/10.3.1/thumb/v7-m/nofp/crtbegin.o

.rodata         0x0000000008009344     0x1520
                0x0000000008009344                . = ALIGN (0x4)
 *(.rodata)
 *(.rodata*)
 .rodata.str1.4
                0x0000000008009344       0x47 build/freertos.o
 *fill*         0x000000000800938b        0x1 
 .rodata.HMI_Task_attributes
                0x000000000800938c       0x24 build/freertos.o
                0x000000000800938c                HMI_Task_attributes
 .rodata.Logic_Task_attributes
                0x00000000080093b0       0x24 build/freertos.o
                0x00000000080093b0                Logic_Task_attributes
 .rodata.UART_Task_attributes
                0x00000000080093d4       0x24 build/freertos.o
                0x00000000080093d4                UART_Task_attributes
 .rodata.gParamMutex_attributes
                0x00000000080093f8       0x10 build/freertos.o
                0x00000000080093f8                gParamMutex_attributes
 .rodata.gParamUpdateQueue_attributes
                0x0000000008009408       0x18 build/freertos.o
                0x0000000008009408                gParamUpdateQueue_attributes
 .rodata.aPLLMULFactorTable.1
                0x0000000008009420       0x10 build/stm32f1xx_hal_rcc.o
 .rodata.aPredivFactorTable.0
                0x0000000008009430        0x2 build/stm32f1xx_hal_rcc.o
 *fill*         0x0000000008009432        0x2 
 .rodata.AHBPrescTable
                0x0000000008009434       0x10 build/system_stm32f1xx.o
                0x0000000008009434                AHBPrescTable
 .rodata.APBPrescTable
                0x0000000008009444        0x8 build/system_stm32f1xx.o
                0x0000000008009444                APBPrescTable
 .rodata.vTaskStartScheduler.str1.4
                0x000000000800944c        0x5 build/tasks.o
 *fill*         0x0000000008009451        0x3 
 .rodata.prvCheckForValidListAndQueue.str1.4
                0x0000000008009454        0x5 build/timers.o
 *fill*         0x0000000008009459        0x3 
 .rodata.xTimerCreateTimerTask.str1.4
                0x000000000800945c        0x8 build/timers.o
 .rodata.BSP_Oled_PrintLine.str1.4
                0x0000000008009464        0x8 build/bsp_oled.o
                                          0x1 (size before relaxing)
 .rodata.s_font6x8
                0x0000000008009464      0x142 build/bsp_oled.o
 *fill*         0x00000000080095a6        0x2 
 .rodata.s_colPins
                0x00000000080095a8       0x20 build/bsp_keys.o
 .rodata.s_keyMap
                0x00000000080095c8       0x10 build/bsp_keys.o
 .rodata.s_rowPins
                0x00000000080095d8       0x20 build/bsp_keys.o
 .rodata.Menu_NetStateText.str1.4
                0x00000000080095f8        0x7 build/app_menu.o
 *fill*         0x00000000080095ff        0x1 
 .rodata.Menu_BandwidthText.str1.4
                0x0000000008009600       0x13 build/app_menu.o
 *fill*         0x0000000008009613        0x1 
 .rodata.Menu_HopModeText.str1.4
                0x0000000008009614        0xc build/app_menu.o
 .rodata.Menu_OnOffText.str1.4
                0x0000000008009620        0x7 build/app_menu.o
 *fill*         0x0000000008009627        0x1 
 .rodata.Menu_SyncText.str1.4
                0x0000000008009628        0x8 build/app_menu.o
 .rodata.Menu_TxPowerText.str1.4
                0x0000000008009630        0xb build/app_menu.o
 .rodata.Menu_RenderBlankRows.str1.4
                0x000000000800963b        0x1 build/app_menu.o
 *fill*         0x000000000800963b        0x1 
 .rodata.Menu_PrintHeaderPath.str1.4
                0x000000000800963c        0x9 build/app_menu.o
 *fill*         0x0000000008009645        0x3 
 .rodata.Menu_FormatOperationValue.str1.4
                0x0000000008009648       0x50 build/app_menu.o
                                         0x60 (size before relaxing)
 .rodata.Render_OperationTree.str1.4
                0x0000000008009698       0x2e build/app_menu.o
 *fill*         0x00000000080096c6        0x2 
 .rodata.APP_Menu_DefaultRender.str1.4
                0x00000000080096c8       0x84 build/app_menu.o
 .rodata.Render_MemberNodeList.str1.4
                0x000000000800974c       0x1c build/app_menu.o
 .rodata.str1.4
                0x0000000008009768      0x376 build/app_menu.o
                                        0x38a (size before relaxing)
 *fill*         0x0000000008009ade        0x2 
 .rodata.baudList.0
                0x0000000008009ae0       0x20 build/app_menu.o
 .rodata.opts.1
                0x0000000008009b00        0xc build/app_menu.o
 .rodata.opts.2
                0x0000000008009b0c       0x14 build/app_menu.o
 .rodata.opts.3
                0x0000000008009b20       0x10 build/app_menu.o
 .rodata.opts.4
                0x0000000008009b30       0x18 build/app_menu.o
 .rodata.opts.5
                0x0000000008009b48       0x14 build/app_menu.o
 .rodata.opts.6
                0x0000000008009b5c        0xc build/app_menu.o
 .rodata.opts.7
                0x0000000008009b68       0x10 build/app_menu.o
 .rodata.opts.8
                0x0000000008009b78        0xc build/app_menu.o
 .rodata.s_function
                0x0000000008009b84       0x1c build/app_menu.o
 .rodata.s_function_clk_cnt
                0x0000000008009ba0       0x1c build/app_menu.o
 .rodata.s_function_clk_sense
                0x0000000008009bbc       0x1c build/app_menu.o
 .rodata.s_function_clk_src
                0x0000000008009bd8       0x1c build/app_menu.o
 .rodata.s_function_clk_temp
                0x0000000008009bf4       0x1c build/app_menu.o
 .rodata.s_function_detail_ch1
                0x0000000008009c10       0x1c build/app_menu.o
 .rodata.s_function_detail_ch1_access
                0x0000000008009c2c       0x1c build/app_menu.o
 .rodata.s_function_detail_ch1_bw
                0x0000000008009c48       0x1c build/app_menu.o
 .rodata.s_function_detail_ch1_freq
                0x0000000008009c64       0x1c build/app_menu.o
 .rodata.s_function_detail_ch1_hop
                0x0000000008009c80       0x1c build/app_menu.o
 .rodata.s_function_detail_ch1_route
                0x0000000008009c9c       0x1c build/app_menu.o
 .rodata.s_function_detail_ch1_txatten
                0x0000000008009cb8       0x1c build/app_menu.o
 .rodata.s_function_detail_ch1_txpwr
                0x0000000008009cd4       0x1c build/app_menu.o
 .rodata.s_function_detail_ch1_wave
                0x0000000008009cf0       0x1c build/app_menu.o
 .rodata.s_function_detail_filter
                0x0000000008009d0c       0x1c build/app_menu.o
 .rodata.s_function_detail_id
                0x0000000008009d28       0x1c build/app_menu.o
 .rodata.s_function_detail_ip
                0x0000000008009d44       0x1c build/app_menu.o
 .rodata.s_function_eth
                0x0000000008009d60       0x1c build/app_menu.o
 .rodata.s_function_eth_rx
                0x0000000008009d7c       0x1c build/app_menu.o
 .rodata.s_function_eth_tx
                0x0000000008009d98       0x1c build/app_menu.o
 .rodata.s_function_member
                0x0000000008009db4       0x1c build/app_menu.o
 .rodata.s_function_member_count
                0x0000000008009dd0       0x1c build/app_menu.o
 .rodata.s_function_member_detail
                0x0000000008009dec       0x1c build/app_menu.o
 .rodata.s_function_member_node
                0x0000000008009e08       0x1c build/app_menu.o
 .rodata.s_function_member_node_delay
                0x0000000008009e24       0x1c build/app_menu.o
 .rodata.s_function_member_node_hops
                0x0000000008009e40       0x1c build/app_menu.o
 .rodata.s_function_member_node_id
                0x0000000008009e5c       0x1c build/app_menu.o
 .rodata.s_function_member_node_ip
                0x0000000008009e78       0x1c build/app_menu.o
 .rodata.s_function_member_node_rssi
                0x0000000008009e94       0x1c build/app_menu.o
 .rodata.s_function_member_pos
                0x0000000008009eb0       0x1c build/app_menu.o
 .rodata.s_function_member_pos_alt
                0x0000000008009ecc       0x1c build/app_menu.o
 .rodata.s_function_member_pos_lat
                0x0000000008009ee8       0x1c build/app_menu.o
 .rodata.s_function_member_pos_lon
                0x0000000008009f04       0x1c build/app_menu.o
 .rodata.s_function_self_state
                0x0000000008009f20       0x1c build/app_menu.o
 .rodata.s_function_selftest
                0x0000000008009f3c       0x1c build/app_menu.o
 .rodata.s_function_sys_adc
                0x0000000008009f58       0x1c build/app_menu.o
 .rodata.s_function_sys_clock
                0x0000000008009f74       0x1c build/app_menu.o
 .rodata.s_function_sys_fan
                0x0000000008009f90       0x1c build/app_menu.o
 .rodata.s_function_sys_sat
                0x0000000008009fac       0x1c build/app_menu.o
 .rodata.s_function_sys_temp
                0x0000000008009fc8       0x1c build/app_menu.o
 .rodata.s_function_sysinfo
                0x0000000008009fe4       0x1c build/app_menu.o
 .rodata.s_function_total_rx
                0x000000000800a000       0x1c build/app_menu.o
 .rodata.s_function_total_tx
                0x000000000800a01c       0x1c build/app_menu.o
 .rodata.s_function_traffic
                0x000000000800a038       0x1c build/app_menu.o
 .rodata.s_function_traffic_op
                0x000000000800a054       0x1c build/app_menu.o
 .rodata.s_function_voice
                0x000000000800a070       0x1c build/app_menu.o
 .rodata.s_function_voice_rx
                0x000000000800a08c       0x1c build/app_menu.o
 .rodata.s_function_voice_tx
                0x000000000800a0a8       0x1c build/app_menu.o
 .rodata.s_operation
                0x000000000800a0c4       0x1c build/app_menu.o
 .rodata.s_operation_access
                0x000000000800a0e0       0x1c build/app_menu.o
 .rodata.s_operation_bw
                0x000000000800a0fc       0x1c build/app_menu.o
 .rodata.s_operation_ch1_group
                0x000000000800a118       0x1c build/app_menu.o
 .rodata.s_operation_freq
                0x000000000800a134       0x1c build/app_menu.o
 .rodata.s_operation_freq1
                0x000000000800a150       0x1c build/app_menu.o
 .rodata.s_operation_freq2
                0x000000000800a16c       0x1c build/app_menu.o
 .rodata.s_operation_freq3
                0x000000000800a188       0x1c build/app_menu.o
 .rodata.s_operation_freq4
                0x000000000800a1a4       0x1c build/app_menu.o
 .rodata.s_operation_hopmode
                0x000000000800a1c0       0x1c build/app_menu.o
 .rodata.s_operation_mcs
                0x000000000800a1dc       0x1c build/app_menu.o
 .rodata.s_operation_mode
                0x000000000800a1f8       0x1c build/app_menu.o
 .rodata.s_operation_mode_group
                0x000000000800a214       0x1c build/app_menu.o
 .rodata.s_operation_param_group
                0x000000000800a230       0x1c build/app_menu.o
 .rodata.s_operation_route
                0x000000000800a24c       0x1c build/app_menu.o
 .rodata.s_operation_spatial
                0x000000000800a268       0x1c build/app_menu.o
 .rodata.s_operation_sync
                0x000000000800a284       0x1c build/app_menu.o
 .rodata.s_operation_txatten
                0x000000000800a2a0       0x1c build/app_menu.o
 .rodata.s_operation_txpower
                0x000000000800a2bc       0x1c build/app_menu.o
 .rodata.s_operation_workfreq_group
                0x000000000800a2d8       0x1c build/app_menu.o
 .rodata.s_root
                0x000000000800a2f4       0x1c build/app_menu.o
 .rodata.s_setting
                0x000000000800a310       0x1c build/app_menu.o
 .rodata.s_setting_device_id
                0x000000000800a32c       0x1c build/app_menu.o
 .rodata.s_setting_device_name
                0x000000000800a348       0x1c build/app_menu.o
 .rodata.s_setting_loc_alt
                0x000000000800a364       0x1c build/app_menu.o
 .rodata.s_setting_loc_auto
                0x000000000800a380       0x1c build/app_menu.o
 .rodata.s_setting_loc_lat
                0x000000000800a39c       0x1c build/app_menu.o
 .rodata.s_setting_loc_lon
                0x000000000800a3b8       0x1c build/app_menu.o
 .rodata.s_setting_location
                0x000000000800a3d4       0x1c build/app_menu.o
 .rodata.s_setting_net
                0x000000000800a3f0       0x1c build/app_menu.o
 .rodata.s_setting_net_biz
                0x000000000800a40c       0x1c build/app_menu.o
 .rodata.s_setting_net_biz_ip
                0x000000000800a428       0x1c build/app_menu.o
 .rodata.s_setting_net_biz_port
                0x000000000800a444       0x1c build/app_menu.o
 .rodata.s_setting_net_mgmt
                0x000000000800a460       0x1c build/app_menu.o
 .rodata.s_setting_net_mgmt_ip
                0x000000000800a47c       0x1c build/app_menu.o
 .rodata.s_setting_net_mgmt_port
                0x000000000800a498       0x1c build/app_menu.o
 .rodata.s_setting_net_sense
                0x000000000800a4b4       0x1c build/app_menu.o
 .rodata.s_setting_net_sense_ip
                0x000000000800a4d0       0x1c build/app_menu.o
 .rodata.s_setting_net_sense_port
                0x000000000800a4ec       0x1c build/app_menu.o
 .rodata.s_setting_time
                0x000000000800a508       0x1c build/app_menu.o
 .rodata.s_setting_time_auto
                0x000000000800a524       0x1c build/app_menu.o
 .rodata.s_setting_time_hour
                0x000000000800a540       0x1c build/app_menu.o
 .rodata.s_setting_time_manual
                0x000000000800a55c       0x1c build/app_menu.o
 .rodata.s_setting_time_min
                0x000000000800a578       0x1c build/app_menu.o
 .rodata.s_setting_time_sec
                0x000000000800a594       0x1c build/app_menu.o
 .rodata.s_setting_uart
                0x000000000800a5b0       0x1c build/app_menu.o
 .rodata.s_setting_uart_baud
                0x000000000800a5cc       0x1c build/app_menu.o
 .rodata.s_setting_uart_databits
                0x000000000800a5e8       0x1c build/app_menu.o
 .rodata.s_setting_uart_flow
                0x000000000800a604       0x1c build/app_menu.o
 .rodata.s_setting_uart_parity
                0x000000000800a620       0x1c build/app_menu.o
 .rodata.s_setting_uart_stopbits
                0x000000000800a63c       0x1c build/app_menu.o
 .rodata.s_writeMap
                0x000000000800a658      0x1b0 build/app_param_uart_map.o
 .rodata.baudMap.0
                0x000000000800a808       0x20 build/app_uart_handlers.o
 .rodata.str1.4
                0x000000000800a828       0x13 /usr/lib/gcc/arm-none-eabi/10.3.1/../../../arm-none-eabi/lib/thumb/v7-m/nofp/libc_nano.a(lib_a-nano-svfprintf.o)
 *fill*         0x000000000800a83b        0x1 
 .rodata.str1.4
                0x000000000800a83c       0x25 /usr/lib/gcc/arm-none-eabi/10.3.1/../../../arm-none-eabi/lib/thumb/v7-m/nofp/libc_nano.a(lib_a-nano-vfprintf_i.o)
                0x000000000800a864                . = ALIGN (0x4)
 *fill*         0x000000000800a861        0x3 

.ARM.extab      0x000000000800a864        0x0
                0x000000000800a864                . = ALIGN (0x4)
 *(.ARM.extab* .gnu.linkonce.armextab.*)
                0x000000000800a864                . = ALIGN (0x4)

.ARM            0x000000000800a864        0x0
                0x000000000800a864                . = ALIGN (0x4)
                0x000000000800a864                __exidx_start = .
 *(.ARM.exidx*)
                0x000000000800a864                __exidx_end = .
                0x000000000800a864                . = ALIGN (0x4)

.preinit_array  0x000000000800a864        0x0
                0x000000000800a864                . = ALIGN (0x4)
                0x000000000800a864                PROVIDE (__preinit_array_start = .)
 *(.preinit_array*)
                0x000000000800a864                PROVIDE (__preinit_array_end = .)
                0x000000000800a864                . = ALIGN (0x4)

.init_array     0x000000000800a864        0x4
                0x000000000800a864                . = ALIGN (0x4)
                0x000000000800a864                PROVIDE (__init_array_start = .)
 *(SORT_BY_NAME(.init_array.*))
 *(.init_array*)
 .init_array    0x000000000800a864        0x4 /usr/lib/gcc/arm-none-eabi/10.3.1/thumb/v7-m/nofp/crtbegin.o
                0x000000000800a868                PROVIDE (__init_array_end = .)
                0x000000000800a868                . = ALIGN (0x4)

.fini_array     0x000000000800a868        0x4
                0x000000000800a868                . = ALIGN (0x4)
                0x000000000800a868                PROVIDE (__fini_array_start = .)
 *(SORT_BY_NAME(.fini_array.*))
 *(.fini_array*)
 .fini_array    0x000000000800a868        0x4 /usr/lib/gcc/arm-none-eabi/10.3.1/thumb/v7-m/nofp/crtbegin.o
                0x000000000800a86c                PROVIDE (__fini_array_end = .)
                0x000000000800a86c                . = ALIGN (0x4)
                0x000000000800a86c                _sidata = LOADADDR (.data)

.rel.dyn        0x000000000800a86c        0x0
 .rel.iplt      0x000000000800a86c        0x0 /usr/lib/gcc/arm-none-eabi/10.3.1/thumb/v7-m/nofp/crtbegin.o

.data           0x0000000020000000      0x688 load address 0x000000000800a86c
                0x0000000020000000                . = ALIGN (0x4)
                0x0000000020000000                _sdata = .
 *(.data)
 .data          0x0000000020000000       0x64 /usr/lib/gcc/arm-none-eabi/10.3.1/../../../arm-none-eabi/lib/thumb/v7-m/nofp/libc_nano.a(lib_a-impure.o)
                0x0000000020000000                _impure_ptr
 *(.data*)
 .data.uwTickFreq
                0x0000000020000064        0x1 build/stm32f1xx_hal.o
                0x0000000020000064                uwTickFreq
 *fill*         0x0000000020000065        0x3 
 .data.uwTickPrio
                0x0000000020000068        0x4 build/stm32f1xx_hal.o
                0x0000000020000068                uwTickPrio
 .data.SystemCoreClock
                0x000000002000006c        0x4 build/system_stm32f1xx.o
                0x000000002000006c                SystemCoreClock
 .data.uxCriticalNesting
                0x0000000020000070        0x4 build/port.o
 .data.s_paramDict
                0x0000000020000074      0x604 build/app_param_dict.o
 .data.s_current
                0x0000000020000678        0x4 build/app_menu.o
 .data.s_memberNodeSelect
                0x000000002000067c        0x1 build/app_menu.o
 *fill*         0x000000002000067d        0x3 
 .data.s_uartDataBitsIdx
                0x0000000020000680        0x4 build/app_menu.o
 .data.s_lastBurstByte1
                0x0000000020000684        0x1 build/app_uart_rx.o
 *(.RamFunc)
 *(.RamFunc*)
                0x0000000020000688                . = ALIGN (0x4)
 *fill*         0x0000000020000685        0x3 
                0x0000000020000688                _edata = .

.tm_clone_table
                0x0000000020000688        0x0 load address 0x000000000800aef4
 .tm_clone_table
                0x0000000020000688        0x0 /usr/lib/gcc/arm-none-eabi/10.3.1/thumb/v7-m/nofp/crtbegin.o
 .tm_clone_table
                0x0000000020000688        0x0 /usr/lib/gcc/arm-none-eabi/10.3.1/thumb/v7-m/nofp/crtend.o

.igot.plt       0x0000000020000688        0x0 load address 0x000000000800aef4
 .igot.plt      0x0000000020000688        0x0 /usr/lib/gcc/arm-none-eabi/10.3.1/thumb/v7-m/nofp/crtbegin.o
                0x0000000020000688                . = ALIGN (0x4)

.bss            0x0000000020000688     0x2d18 load address 0x000000000800aef4
                0x0000000020000688                _sbss = .
                0x0000000020000688                __bss_start__ = _sbss
 *(.bss)
 .bss           0x0000000020000688       0x1c /usr/lib/gcc/arm-none-eabi/10.3.1/thumb/v7-m/nofp/crtbegin.o
 .bss           0x00000000200006a4        0x8 /usr/lib/gcc/arm-none-eabi/10.3.1/../../../arm-none-eabi/lib/thumb/v7-m/nofp/libc_nano.a(lib_a-nano-mallocr.o)
                0x00000000200006a4                __malloc_free_list
                0x00000000200006a8                __malloc_sbrk_start
 .bss           0x00000000200006ac        0x4 /usr/lib/gcc/arm-none-eabi/10.3.1/../../../arm-none-eabi/lib/thumb/v7-m/nofp/libc_nano.a(lib_a-reent.o)
                0x00000000200006ac                errno
 *(.bss*)
 .bss.HMI_TaskHandle
                0x00000000200006b0        0x4 build/freertos.o
                0x00000000200006b0                HMI_TaskHandle
 .bss.Logic_TaskHandle
                0x00000000200006b4        0x4 build/freertos.o
                0x00000000200006b4                Logic_TaskHandle
 .bss.UART_TaskHandle
                0x00000000200006b8        0x4 build/freertos.o
                0x00000000200006b8                UART_TaskHandle
 .bss.gParamMutexHandle
                0x00000000200006bc        0x4 build/freertos.o
                0x00000000200006bc                gParamMutexHandle
 .bss.gParamUpdateQueueHandle
                0x00000000200006c0        0x4 build/freertos.o
                0x00000000200006c0                gParamUpdateQueueHandle
 .bss.hdma_usart1_rx
                0x00000000200006c4       0x44 build/usart.o
                0x00000000200006c4                hdma_usart1_rx
 .bss.huart1    0x0000000020000708       0x48 build/usart.o
                0x0000000020000708                huart1
 .bss.s_uart1DmaRxBuf
                0x0000000020000750      0x100 build/usart.o
 .bss.s_uart1LastPos
                0x0000000020000850        0x2 build/usart.o
 *fill*         0x0000000020000852        0x2 
 .bss.htim4     0x0000000020000854       0x48 build/stm32f1xx_hal_timebase_tim.o
                0x0000000020000854                htim4
 .bss.uwTick    0x000000002000089c        0x4 build/stm32f1xx_hal.o
                0x000000002000089c                uwTick
 .bss.xQueueRegistry
                0x00000000200008a0       0x40 build/queue.o
                0x00000000200008a0                xQueueRegistry
 .bss.pxCurrentTCB
                0x00000000200008e0        0x4 build/tasks.o
                0x00000000200008e0                pxCurrentTCB
 .bss.pxDelayedTaskList
                0x00000000200008e4        0x4 build/tasks.o
 .bss.pxOverflowDelayedTaskList
                0x00000000200008e8        0x4 build/tasks.o
 .bss.pxReadyTasksLists
                0x00000000200008ec      0x460 build/tasks.o
 .bss.uxCurrentNumberOfTasks
                0x0000000020000d4c        0x4 build/tasks.o
 .bss.uxDeletedTasksWaitingCleanUp
                0x0000000020000d50        0x4 build/tasks.o
 .bss.uxSchedulerSuspended
                0x0000000020000d54        0x4 build/tasks.o
 .bss.uxTaskNumber
                0x0000000020000d58        0x4 build/tasks.o
 .bss.uxTopReadyPriority
                0x0000000020000d5c        0x4 build/tasks.o
 .bss.xDelayedTaskList1
                0x0000000020000d60       0x14 build/tasks.o
 .bss.xDelayedTaskList2
                0x0000000020000d74       0x14 build/tasks.o
 .bss.xIdleTaskHandle
                0x0000000020000d88        0x4 build/tasks.o
 .bss.xNextTaskUnblockTime
                0x0000000020000d8c        0x4 build/tasks.o
 .bss.xNumOfOverflows
                0x0000000020000d90        0x4 build/tasks.o
 .bss.xPendedTicks
                0x0000000020000d94        0x4 build/tasks.o
 .bss.xPendingReadyList
                0x0000000020000d98       0x14 build/tasks.o
 .bss.xSchedulerRunning
                0x0000000020000dac        0x4 build/tasks.o
 .bss.xSuspendedTaskList
                0x0000000020000db0       0x14 build/tasks.o
 .bss.xTasksWaitingTermination
                0x0000000020000dc4       0x14 build/tasks.o
 .bss.xTickCount
                0x0000000020000dd8        0x4 build/tasks.o
 .bss.xYieldPending
                0x0000000020000ddc        0x4 build/tasks.o
 .bss.pxCurrentTimerList
                0x0000000020000de0        0x4 build/timers.o
 .bss.pxOverflowTimerList
                0x0000000020000de4        0x4 build/timers.o
 .bss.ucStaticTimerQueueStorage.1
                0x0000000020000de8       0xa0 build/timers.o
 .bss.xActiveTimerList1
                0x0000000020000e88       0x14 build/timers.o
 .bss.xActiveTimerList2
                0x0000000020000e9c       0x14 build/timers.o
 .bss.xLastTime.2
                0x0000000020000eb0        0x4 build/timers.o
 .bss.xStaticTimerQueue.0
                0x0000000020000eb4       0x50 build/timers.o
 .bss.xTimerQueue
                0x0000000020000f04        0x4 build/timers.o
 .bss.xTimerTaskHandle
                0x0000000020000f08        0x4 build/timers.o
 .bss.Idle_Stack.2
                0x0000000020000f0c      0x200 build/cmsis_os2.o
 .bss.Idle_TCB.3
                0x000000002000110c       0x5c build/cmsis_os2.o
 .bss.KernelState
                0x0000000020001168        0x4 build/cmsis_os2.o
 .bss.Timer_Stack.0
                0x000000002000116c      0x400 build/cmsis_os2.o
 .bss.Timer_TCB.1
                0x000000002000156c       0x5c build/cmsis_os2.o
 .bss.pxEnd     0x00000000200015c8        0x4 build/heap_4.o
 .bss.ucHeap    0x00000000200015cc      0xc00 build/heap_4.o
 .bss.xBlockAllocatedBit
                0x00000000200021cc        0x4 build/heap_4.o
 .bss.xFreeBytesRemaining
                0x00000000200021d0        0x4 build/heap_4.o
 .bss.xMinimumEverFreeBytesRemaining
                0x00000000200021d4        0x4 build/heap_4.o
 .bss.xNumberOfSuccessfulAllocations
                0x00000000200021d8        0x4 build/heap_4.o
 .bss.xNumberOfSuccessfulFrees
                0x00000000200021dc        0x4 build/heap_4.o
 .bss.xStart    0x00000000200021e0        0x8 build/heap_4.o
 .bss.ucMaxSysCallPriority
                0x00000000200021e8        0x1 build/port.o
 *fill*         0x00000000200021e9        0x3 
 .bss.ulMaxPRIGROUPValue
                0x00000000200021ec        0x4 build/port.o
 .bss.__sbrk_heap_end
                0x00000000200021f0        0x4 build/sysmem.o
 .bss.hi2c2     0x00000000200021f4       0x54 build/i2c.o
                0x00000000200021f4                hi2c2
 .bss.s_oledBack
                0x0000000020002248      0x400 build/bsp_oled.o
 .bss.s_oledDirtyMask
                0x0000000020002648        0x1 build/bsp_oled.o
 *fill*         0x0000000020002649        0x3 
 .bss.s_oledFront
                0x000000002000264c      0x400 build/bsp_oled.o
 .bss.s_lastChangeTick
                0x0000000020002a4c        0x4 build/bsp_keys.o
 .bss.s_lastRawMask
                0x0000000020002a50        0x2 build/bsp_keys.o
 .bss.s_stableMask
                0x0000000020002a52        0x2 build/bsp_keys.o
 .bss.s_adaptFreqEditMask
                0x0000000020002a54        0x1 build/app_menu.o
 .bss.s_adaptHopProtectActive
                0x0000000020002a55        0x1 build/app_menu.o
 .bss.s_paramEditing
                0x0000000020002a56        0x1 build/app_menu.o
 .bss.s_paramInputDigits
                0x0000000020002a57        0x1 build/app_menu.o
 .bss.s_paramInputValue
                0x0000000020002a58        0x4 build/app_menu.o
 .bss.s_trafficOpValue
                0x0000000020002a5c        0x4 build/app_menu.o
 .bss.s_uartFlowIdx
                0x0000000020002a60        0x4 build/app_menu.o
 .bss.s_uartParityIdx
                0x0000000020002a64        0x4 build/app_menu.o
 .bss.s_uartStopBitsIdx
                0x0000000020002a68        0x4 build/app_menu.o
 .bss.s_crcFailCount
                0x0000000020002a6c        0x4 build/app_uart_rx.o
 .bss.s_hasPrevByte
                0x0000000020002a70        0x1 build/app_uart_rx.o
 *fill*         0x0000000020002a71        0x3 
 .bss.s_head7BitHitCount
                0x0000000020002a74        0x4 build/app_uart_rx.o
 .bss.s_headHitCount
                0x0000000020002a78        0x4 build/app_uart_rx.o
 .bss.s_headInvertedHitCount
                0x0000000020002a7c        0x4 build/app_uart_rx.o
 .bss.s_isrByteCount
                0x0000000020002a80        0x4 build/app_uart_rx.o
 .bss.s_isrRead
                0x0000000020002a84        0x2 build/app_uart_rx.o
 *fill*         0x0000000020002a86        0x2 
 .bss.s_isrRing
                0x0000000020002a88      0x200 build/app_uart_rx.o
 .bss.s_isrWrite
                0x0000000020002c88        0x2 build/app_uart_rx.o
 .bss.s_lastBurstByte0
                0x0000000020002c8a        0x1 build/app_uart_rx.o
 .bss.s_lastBurstLastByte
                0x0000000020002c8b        0x1 build/app_uart_rx.o
 .bss.s_prevByte
                0x0000000020002c8c        0x1 build/app_uart_rx.o
 *fill*         0x0000000020002c8d        0x3 
 .bss.s_rxBuf   0x0000000020002c90      0x100 build/app_uart_rx.o
 .bss.s_rxIndex
                0x0000000020002d90        0x2 build/app_uart_rx.o
 *fill*         0x0000000020002d92        0x2 
 .bss.s_tailHitCount
                0x0000000020002d94        0x4 build/app_uart_rx.o
 .bss.s_validFrameCount
                0x0000000020002d98        0x4 build/app_uart_rx.o
 .bss.s_neighborNodeCache
                0x0000000020002d9c      0x600 build/app_uart_handlers.o
 .bss.s_neighborNodeCount
                0x000000002000339c        0x1 build/app_uart_handlers.o
 *(COMMON)
                0x00000000200033a0                . = ALIGN (0x4)
 *fill*         0x000000002000339d        0x3 
                0x00000000200033a0                _ebss = .
                0x00000000200033a0                __bss_end__ = _ebss

._user_heap_stack
                0x00000000200033a0      0x600 load address 0x000000000800aef4
                0x00000000200033a0                . = ALIGN (0x8)
                [!provide]                        PROVIDE (end = .)
                0x00000000200033a0                PROVIDE (_end = .)
                0x00000000200035a0                . = (. + _Min_Heap_Size)
 *fill*         0x00000000200033a0      0x200 
                0x00000000200039a0                . = (. + _Min_Stack_Size)
 *fill*         0x00000000200035a0      0x400 
                0x00000000200039a0                . = ALIGN (0x8)

/DISCARD/
 libc.a(*)
 libm.a(*)
 libgcc.a(*)
OUTPUT(build/HMI_RTOS_Panel.elf elf32-littlearm)
LOAD linker stubs
LOAD /usr/lib/gcc/arm-none-eabi/10.3.1/../../../arm-none-eabi/lib/thumb/v7-m/nofp/libc.a
LOAD /usr/lib/gcc/arm-none-eabi/10.3.1/../../../arm-none-eabi/lib/thumb/v7-m/nofp/libm.a
LOAD /usr/lib/gcc/arm-none-eabi/10.3.1/thumb/v7-m/nofp/libgcc.a

.ARM.attributes
                0x0000000000000000       0x29
 .ARM.attributes
                0x0000000000000000       0x1d /usr/lib/gcc/arm-none-eabi/10.3.1/thumb/v7-m/nofp/crti.o
 .ARM.attributes
                0x000000000000001d       0x2d /usr/lib/gcc/arm-none-eabi/10.3.1/thumb/v7-m/nofp/crtbegin.o
 .ARM.attributes
                0x000000000000004a       0x2d build/main.o
 .ARM.attributes
                0x0000000000000077       0x2d build/gpio.o
 .ARM.attributes
                0x00000000000000a4       0x2d build/freertos.o
 .ARM.attributes
                0x00000000000000d1       0x2d build/dma.o
 .ARM.attributes
                0x00000000000000fe       0x2d build/usart.o
 .ARM.attributes
                0x000000000000012b       0x2d build/stm32f1xx_it.o
 .ARM.attributes
                0x0000000000000158       0x2d build/stm32f1xx_hal_msp.o
 .ARM.attributes
                0x0000000000000185       0x2d build/stm32f1xx_hal_timebase_tim.o
 .ARM.attributes
                0x00000000000001b2       0x2d build/stm32f1xx_hal_tim.o
 .ARM.attributes
                0x00000000000001df       0x2d build/stm32f1xx_hal_tim_ex.o
 .ARM.attributes
                0x000000000000020c       0x2d build/stm32f1xx_hal.o
 .ARM.attributes
                0x0000000000000239       0x2d build/stm32f1xx_hal_rcc.o
 .ARM.attributes
                0x0000000000000266       0x2d build/stm32f1xx_hal_gpio.o
 .ARM.attributes
                0x0000000000000293       0x2d build/stm32f1xx_hal_dma.o
 .ARM.attributes
                0x00000000000002c0       0x2d build/stm32f1xx_hal_cortex.o
 .ARM.attributes
                0x00000000000002ed       0x2d build/stm32f1xx_hal_uart.o
 .ARM.attributes
                0x000000000000031a       0x2d build/system_stm32f1xx.o
 .ARM.attributes
                0x0000000000000347       0x2d build/list.o
 .ARM.attributes
                0x0000000000000374       0x2d build/queue.o
 .ARM.attributes
                0x00000000000003a1       0x2d build/tasks.o
 .ARM.attributes
                0x00000000000003ce       0x2d build/timers.o
 .ARM.attributes
                0x00000000000003fb       0x2d build/cmsis_os2.o
 .ARM.attributes
                0x0000000000000428       0x2d build/heap_4.o
 .ARM.attributes
                0x0000000000000455       0x2d build/port.o
 .ARM.attributes
                0x0000000000000482       0x2d build/sysmem.o
 .ARM.attributes
                0x00000000000004af       0x2d build/i2c.o
 .ARM.attributes
                0x00000000000004dc       0x2d build/stm32f1xx_hal_i2c.o
 .ARM.attributes
                0x0000000000000509       0x2d build/bsp_oled.o
 .ARM.attributes
                0x0000000000000536       0x2d build/bsp_keys.o
 .ARM.attributes
                0x0000000000000563       0x2d build/bsp_stm32.o
 .ARM.attributes
                0x0000000000000590       0x2d build/app_param_dict.o
 .ARM.attributes
                0x00000000000005bd       0x2d build/app_menu.o
 .ARM.attributes
                0x00000000000005ea       0x2d build/app_uart_proto.o
 .ARM.attributes
                0x0000000000000617       0x2d build/app_uart_rx.o
 .ARM.attributes
                0x0000000000000644       0x2d build/app_param_uart_map.o
 .ARM.attributes
                0x0000000000000671       0x2d build/app_uart_handlers.o
 .ARM.attributes
                0x000000000000069e       0x21 build/startup_stm32f103xb.o
 .ARM.attributes
                0x00000000000006bf       0x2d /usr/lib/gcc/arm-none-eabi/10.3.1/../../../arm-none-eabi/lib/thumb/v7-m/nofp/libc_nano.a(lib_a-errno.o)
 .ARM.attributes
                0x00000000000006ec       0x2d /usr/lib/gcc/arm-none-eabi/10.3.1/../../../arm-none-eabi/lib/thumb/v7-m/nofp/libc_nano.a(lib_a-impure.o)
 .ARM.attributes
                0x0000000000000719       0x2d /usr/lib/gcc/arm-none-eabi/10.3.1/../../../arm-none-eabi/lib/thumb/v7-m/nofp/libc_nano.a(lib_a-init.o)
 .ARM.attributes
                0x0000000000000746       0x2d /usr/lib/gcc/arm-none-eabi/10.3.1/../../../arm-none-eabi/lib/thumb/v7-m/nofp/libc_nano.a(lib_a-memcmp.o)
 .ARM.attributes
                0x0000000000000773       0x1b /usr/lib/gcc/arm-none-eabi/10.3.1/../../../arm-none-eabi/lib/thumb/v7-m/nofp/libc_nano.a(lib_a-memcpy.o)
 .ARM.attributes
                0x000000000000078e       0x2d /usr/lib/gcc/arm-none-eabi/10.3.1/../../../arm-none-eabi/lib/thumb/v7-m/nofp/libc_nano.a(lib_a-memset.o)
 .ARM.attributes
                0x00000000000007bb       0x2d /usr/lib/gcc/arm-none-eabi/10.3.1/../../../arm-none-eabi/lib/thumb/v7-m/nofp/libc_nano.a(lib_a-snprintf.o)
 .ARM.attributes
                0x00000000000007e8       0x2d /usr/lib/gcc/arm-none-eabi/10.3.1/../../../arm-none-eabi/lib/thumb/v7-m/nofp/libc_nano.a(lib_a-strlen-stub.o)
 .ARM.attributes
                0x0000000000000815       0x2d /usr/lib/gcc/arm-none-eabi/10.3.1/../../../arm-none-eabi/lib/thumb/v7-m/nofp/libc_nano.a(lib_a-strncat.o)
 .ARM.attributes
                0x0000000000000842       0x2d /usr/lib/gcc/arm-none-eabi/10.3.1/../../../arm-none-eabi/lib/thumb/v7-m/nofp/libc_nano.a(lib_a-nano-svfprintf.o)
 .ARM.attributes
                0x000000000000086f       0x2d /usr/lib/gcc/arm-none-eabi/10.3.1/../../../arm-none-eabi/lib/thumb/v7-m/nofp/libc_nano.a(lib_a-nano-vfprintf_i.o)
 .ARM.attributes
                0x000000000000089c       0x2d /usr/lib/gcc/arm-none-eabi/10.3.1/../../../arm-none-eabi/lib/thumb/v7-m/nofp/libc_nano.a(lib_a-memchr-stub.o)
 .ARM.attributes
                0x00000000000008c9       0x2d /usr/lib/gcc/arm-none-eabi/10.3.1/../../../arm-none-eabi/lib/thumb/v7-m/nofp/libc_nano.a(lib_a-memmove.o)
 .ARM.attributes
                0x00000000000008f6       0x2d /usr/lib/gcc/arm-none-eabi/10.3.1/../../../arm-none-eabi/lib/thumb/v7-m/nofp/libc_nano.a(lib_a-nano-freer.o)
 .ARM.attributes
                0x0000000000000923       0x2d /usr/lib/gcc/arm-none-eabi/10.3.1/../../../arm-none-eabi/lib/thumb/v7-m/nofp/libc_nano.a(lib_a-nano-mallocr.o)
 .ARM.attributes
                0x0000000000000950       0x2d /usr/lib/gcc/arm-none-eabi/10.3.1/../../../arm-none-eabi/lib/thumb/v7-m/nofp/libc_nano.a(lib_a-nano-reallocr.o)
 .ARM.attributes
                0x000000000000097d       0x2d /usr/lib/gcc/arm-none-eabi/10.3.1/../../../arm-none-eabi/lib/thumb/v7-m/nofp/libc_nano.a(lib_a-sbrkr.o)
 .ARM.attributes
                0x00000000000009aa       0x2d /usr/lib/gcc/arm-none-eabi/10.3.1/../../../arm-none-eabi/lib/thumb/v7-m/nofp/libc_nano.a(lib_a-mlock.o)
 .ARM.attributes
                0x00000000000009d7       0x2d /usr/lib/gcc/arm-none-eabi/10.3.1/../../../arm-none-eabi/lib/thumb/v7-m/nofp/libc_nano.a(lib_a-nano-msizer.o)
 .ARM.attributes
                0x0000000000000a04       0x2d /usr/lib/gcc/arm-none-eabi/10.3.1/../../../arm-none-eabi/lib/thumb/v7-m/nofp/libc_nano.a(lib_a-reent.o)
 .ARM.attributes
                0x0000000000000a31       0x2d /usr/lib/gcc/arm-none-eabi/10.3.1/thumb/v7-m/nofp/crtend.o
 .ARM.attributes
                0x0000000000000a5e       0x1d /usr/lib/gcc/arm-none-eabi/10.3.1/thumb/v7-m/nofp/crtn.o

.comment        0x0000000000000000       0x33
 .comment       0x0000000000000000       0x33 /usr/lib/gcc/arm-none-eabi/10.3.1/thumb/v7-m/nofp/crtbegin.o
                                         0x34 (size before relaxing)
 .comment       0x0000000000000033       0x34 build/main.o
 .comment       0x0000000000000033       0x34 build/gpio.o
 .comment       0x0000000000000033       0x34 build/freertos.o
 .comment       0x0000000000000033       0x34 build/dma.o
 .comment       0x0000000000000033       0x34 build/usart.o
 .comment       0x0000000000000033       0x34 build/stm32f1xx_it.o
 .comment       0x0000000000000033       0x34 build/stm32f1xx_hal_msp.o
 .comment       0x0000000000000033       0x34 build/stm32f1xx_hal_timebase_tim.o
 .comment       0x0000000000000033       0x34 build/stm32f1xx_hal_tim.o
 .comment       0x0000000000000033       0x34 build/stm32f1xx_hal_tim_ex.o
 .comment       0x0000000000000033       0x34 build/stm32f1xx_hal.o
 .comment       0x0000000000000033       0x34 build/stm32f1xx_hal_rcc.o
 .comment       0x0000000000000033       0x34 build/stm32f1xx_hal_gpio.o
 .comment       0x0000000000000033       0x34 build/stm32f1xx_hal_dma.o
 .comment       0x0000000000000033       0x34 build/stm32f1xx_hal_cortex.o
 .comment       0x0000000000000033       0x34 build/stm32f1xx_hal_uart.o
 .comment       0x0000000000000033       0x34 build/system_stm32f1xx.o
 .comment       0x0000000000000033       0x34 build/list.o
 .comment       0x0000000000000033       0x34 build/queue.o
 .comment       0x0000000000000033       0x34 build/tasks.o
 .comment       0x0000000000000033       0x34 build/timers.o
 .comment       0x0000000000000033       0x34 build/cmsis_os2.o
 .comment       0x0000000000000033       0x34 build/heap_4.o
 .comment       0x0000000000000033       0x34 build/port.o
 .comment       0x0000000000000033       0x34 build/sysmem.o
 .comment       0x0000000000000033       0x34 build/i2c.o
 .comment       0x0000000000000033       0x34 build/stm32f1xx_hal_i2c.o
 .comment       0x0000000000000033       0x34 build/bsp_oled.o
 .comment       0x0000000000000033       0x34 build/bsp_keys.o
 .comment       0x0000000000000033       0x34 build/bsp_stm32.o
 .comment       0x0000000000000033       0x34 build/app_param_dict.o
 .comment       0x0000000000000033       0x34 build/app_menu.o
 .comment       0x0000000000000033       0x34 build/app_uart_proto.o
 .comment       0x0000000000000033       0x34 build/app_uart_rx.o
 .comment       0x0000000000000033       0x34 build/app_param_uart_map.o
 .comment       0x0000000000000033       0x34 build/app_uart_handlers.o
 .comment       0x0000000000000033       0x34 /usr/lib/gcc/arm-none-eabi/10.3.1/../../../arm-none-eabi/lib/thumb/v7-m/nofp/libc_nano.a(lib_a-errno.o)
 .comment       0x0000000000000033       0x34 /usr/lib/gcc/arm-none-eabi/10.3.1/../../../arm-none-eabi/lib/thumb/v7-m/nofp/libc_nano.a(lib_a-impure.o)
 .comment       0x0000000000000033       0x34 /usr/lib/gcc/arm-none-eabi/10.3.1/../../../arm-none-eabi/lib/thumb/v7-m/nofp/libc_nano.a(lib_a-init.o)
 .comment       0x0000000000000033       0x34 /usr/lib/gcc/arm-none-eabi/10.3.1/../../../arm-none-eabi/lib/thumb/v7-m/nofp/libc_nano.a(lib_a-memcmp.o)
 .comment       0x0000000000000033       0x34 /usr/lib/gcc/arm-none-eabi/10.3.1/../../../arm-none-eabi/lib/thumb/v7-m/nofp/libc_nano.a(lib_a-memset.o)
 .comment       0x0000000000000033       0x34 /usr/lib/gcc/arm-none-eabi/10.3.1/../../../arm-none-eabi/lib/thumb/v7-m/nofp/libc_nano.a(lib_a-snprintf.o)
 .comment       0x0000000000000033       0x34 /usr/lib/gcc/arm-none-eabi/10.3.1/../../../arm-none-eabi/lib/thumb/v7-m/nofp/libc_nano.a(lib_a-strlen-stub.o)
 .comment       0x0000000000000033       0x34 /usr/lib/gcc/arm-none-eabi/10.3.1/../../../arm-none-eabi/lib/thumb/v7-m/nofp/libc_nano.a(lib_a-strncat.o)
 .comment       0x0000000000000033       0x34 /usr/lib/gcc/arm-none-eabi/10.3.1/../../../arm-none-eabi/lib/thumb/v7-m/nofp/libc_nano.a(lib_a-nano-svfprintf.o)
 .comment       0x0000000000000033       0x34 /usr/lib/gcc/arm-none-eabi/10.3.1/../../../arm-none-eabi/lib/thumb/v7-m/nofp/libc_nano.a(lib_a-nano-vfprintf_i.o)
 .comment       0x0000000000000033       0x34 /usr/lib/gcc/arm-none-eabi/10.3.1/../../../arm-none-eabi/lib/thumb/v7-m/nofp/libc_nano.a(lib_a-memchr-stub.o)
 .comment       0x0000000000000033       0x34 /usr/lib/gcc/arm-none-eabi/10.3.1/../../../arm-none-eabi/lib/thumb/v7-m/nofp/libc_nano.a(lib_a-memmove.o)
 .comment       0x0000000000000033       0x34 /usr/lib/gcc/arm-none-eabi/10.3.1/../../../arm-none-eabi/lib/thumb/v7-m/nofp/libc_nano.a(lib_a-nano-freer.o)
 .comment       0x0000000000000033       0x34 /usr/lib/gcc/arm-none-eabi/10.3.1/../../../arm-none-eabi/lib/thumb/v7-m/nofp/libc_nano.a(lib_a-nano-mallocr.o)
 .comment       0x0000000000000033       0x34 /usr/lib/gcc/arm-none-eabi/10.3.1/../../../arm-none-eabi/lib/thumb/v7-m/nofp/libc_nano.a(lib_a-nano-reallocr.o)
 .comment       0x0000000000000033       0x34 /usr/lib/gcc/arm-none-eabi/10.3.1/../../../arm-none-eabi/lib/thumb/v7-m/nofp/libc_nano.a(lib_a-sbrkr.o)
 .comment       0x0000000000000033       0x34 /usr/lib/gcc/arm-none-eabi/10.3.1/../../../arm-none-eabi/lib/thumb/v7-m/nofp/libc_nano.a(lib_a-mlock.o)
 .comment       0x0000000000000033       0x34 /usr/lib/gcc/arm-none-eabi/10.3.1/../../../arm-none-eabi/lib/thumb/v7-m/nofp/libc_nano.a(lib_a-nano-msizer.o)
 .comment       0x0000000000000033       0x34 /usr/lib/gcc/arm-none-eabi/10.3.1/../../../arm-none-eabi/lib/thumb/v7-m/nofp/libc_nano.a(lib_a-reent.o)
 .comment       0x0000000000000033       0x34 /usr/lib/gcc/arm-none-eabi/10.3.1/thumb/v7-m/nofp/crtend.o

.debug_info     0x0000000000000000    0x3378c
 .debug_info    0x0000000000000000      0xa0e build/main.o
 .debug_info    0x0000000000000a0e      0x387 build/gpio.o
 .debug_info    0x0000000000000d95     0x142a build/freertos.o
 .debug_info    0x00000000000021bf      0x309 build/dma.o
 .debug_info    0x00000000000024c8      0xc08 build/usart.o
 .debug_info    0x00000000000030d0      0xad3 build/stm32f1xx_it.o
 .debug_info    0x0000000000003ba3      0x3a4 build/stm32f1xx_hal_msp.o
 .debug_info    0x0000000000003f47      0xafb build/stm32f1xx_hal_timebase_tim.o
 .debug_info    0x0000000000004a42     0x405c build/stm32f1xx_hal_tim.o
 .debug_info    0x0000000000008a9e     0x1c21 build/stm32f1xx_hal_tim_ex.o
 .debug_info    0x000000000000a6bf      0x849 build/stm32f1xx_hal.o